
> my-react-app@0.1.0 build
> react-scripts build

node.exe : (node:17240) [DEP0176] DeprecationWarning: fs.F_OK is deprecated, 
use fs.constants.F_OK instead
At line:1 char:1
+ & "C:\Program Files\nodejs/node.exe" "C:\Program Files\nodejs/node_mo ...
+ ~~~~~~~~~~~~~~~~~~~~~~~~~~~~~~~~~~~~~~~~~~~~~~~~~~~~~~~~~~~~~~~~~~~~~
    + CategoryInfo          : NotSpecified: ((node:17240) [D...ts.F_OK instead 
   :String) [], RemoteException
    + FullyQualifiedErrorId : NativeCommandError
 
(Use `node --trace-deprecation ...` to show where the warning was created)
Creating an optimized production build...
Browserslist: browsers data (caniuse-lite) is 10 months old. Please run:
  npx update-browserslist-db@latest
  Why you should do it regularly: 
https://github.com/browserslist/update-db#readme
Browserslist: browsers data (caniuse-lite) is 10 months old. Please run:
  npx update-browserslist-db@latest
  Why you should do it regularly: 
https://github.com/browserslist/update-db#readme
Compiled with warnings.

Failed to parse source map from 'C:\Users\safoo\Desktop\DataArena\node_modules\lucide-react\dist\esm\Icon.js.map' file: Error: ENOENT: no such file or directory, open 'C:\Users\safoo\Desktop\DataArena\node_modules\lucide-react\dist\esm\Icon.js.map'

Failed to parse source map from 'C:\Users\safoo\Desktop\DataArena\node_modules\lucide-react\dist\esm\icons\file-archive.js.map' file: Error: ENOENT: no such file or directory, open 'C:\Users\safoo\Desktop\DataArena\node_modules\lucide-react\dist\esm\icons\file-archive.js.map'

Failed to parse source map from 'C:\Users\safoo\Desktop\DataArena\node_modules\lucide-react\dist\esm\icons\file-axis-3d.js.map' file: Error: ENOENT: no such file or directory, open 'C:\Users\safoo\Desktop\DataArena\node_modules\lucide-react\dist\esm\icons\file-axis-3d.js.map'

Failed to parse source map from 'C:\Users\safoo\Desktop\DataArena\node_modules\lucide-react\dist\esm\icons\file-badge.js.map' file: Error: ENOENT: no such file or directory, open 'C:\Users\safoo\Desktop\DataArena\node_modules\lucide-react\dist\esm\icons\file-badge.js.map'

Failed to parse source map from 'C:\Users\safoo\Desktop\DataArena\node_modules\lucide-react\dist\esm\icons\file-box.js.map' file: Error: ENOENT: no such file or directory, open 'C:\Users\safoo\Desktop\DataArena\node_modules\lucide-react\dist\esm\icons\file-box.js.map'

Failed to parse source map from 'C:\Users\safoo\Desktop\DataArena\node_modules\lucide-react\dist\esm\icons\file-braces-corner.js.map' file: Error: ENOENT: no such file or directory, open 'C:\Users\safoo\Desktop\DataArena\node_modules\lucide-react\dist\esm\icons\file-braces-corner.js.map'

Failed to parse source map from 'C:\Users\safoo\Desktop\DataArena\node_modules\lucide-react\dist\esm\icons\file-braces.js.map' file: Error: ENOENT: no such file or directory, open 'C:\Users\safoo\Desktop\DataArena\node_modules\lucide-react\dist\esm\icons\file-braces.js.map'

Failed to parse source map from 'C:\Users\safoo\Desktop\DataArena\node_modules\lucide-react\dist\esm\icons\file-chart-column-increasing.js.map' file: Error: ENOENT: no such file or directory, open 'C:\Users\safoo\Desktop\DataArena\node_modules\lucide-react\dist\esm\icons\file-chart-column-increasing.js.map'

Failed to parse source map from 'C:\Users\safoo\Desktop\DataArena\node_modules\lucide-react\dist\esm\icons\file-chart-column.js.map' file: Error: ENOENT: no such file or directory, open 'C:\Users\safoo\Desktop\DataArena\node_modules\lucide-react\dist\esm\icons\file-chart-column.js.map'

Failed to parse source map from 'C:\Users\safoo\Desktop\DataArena\node_modules\lucide-react\dist\esm\icons\file-chart-line.js.map' file: Error: ENOENT: no such file or directory, open 'C:\Users\safoo\Desktop\DataArena\node_modules\lucide-react\dist\esm\icons\file-chart-line.js.map'

Failed to parse source map from 'C:\Users\safoo\Desktop\DataArena\node_modules\lucide-react\dist\esm\icons\file-chart-pie.js.map' file: Error: ENOENT: no such file or directory, open 'C:\Users\safoo\Desktop\DataArena\node_modules\lucide-react\dist\esm\icons\file-chart-pie.js.map'

Failed to parse source map from 'C:\Users\safoo\Desktop\DataArena\node_modules\lucide-react\dist\esm\icons\file-check-corner.js.map' file: Error: ENOENT: no such file or directory, open 'C:\Users\safoo\Desktop\DataArena\node_modules\lucide-react\dist\esm\icons\file-check-corner.js.map'

Failed to parse source map from 'C:\Users\safoo\Desktop\DataArena\node_modules\lucide-react\dist\esm\icons\file-check.js.map' file: Error: ENOENT: no such file or directory, open 'C:\Users\safoo\Desktop\DataArena\node_modules\lucide-react\dist\esm\icons\file-check.js.map'

Failed to parse source map from 'C:\Users\safoo\Desktop\DataArena\node_modules\lucide-react\dist\esm\icons\file-clock.js.map' file: Error: ENOENT: no such file or directory, open 'C:\Users\safoo\Desktop\DataArena\node_modules\lucide-react\dist\esm\icons\file-clock.js.map'

Failed to parse source map from 'C:\Users\safoo\Desktop\DataArena\node_modules\lucide-react\dist\esm\icons\file-code-corner.js.map' file: Error: ENOENT: no such file or directory, open 'C:\Users\safoo\Desktop\DataArena\node_modules\lucide-react\dist\esm\icons\file-code-corner.js.map'

Failed to parse source map from 'C:\Users\safoo\Desktop\DataArena\node_modules\lucide-react\dist\esm\icons\file-code.js.map' file: Error: ENOENT: no such file or directory, open 'C:\Users\safoo\Desktop\DataArena\node_modules\lucide-react\dist\esm\icons\file-code.js.map'

Failed to parse source map from 'C:\Users\safoo\Desktop\DataArena\node_modules\lucide-react\dist\esm\icons\file-cog.js.map' file: Error: ENOENT: no such file or directory, open 'C:\Users\safoo\Desktop\DataArena\node_modules\lucide-react\dist\esm\icons\file-cog.js.map'

Failed to parse source map from 'C:\Users\safoo\Desktop\DataArena\node_modules\lucide-react\dist\esm\icons\file-diff.js.map' file: Error: ENOENT: no such file or directory, open 'C:\Users\safoo\Desktop\DataArena\node_modules\lucide-react\dist\esm\icons\file-diff.js.map'

Failed to parse source map from 'C:\Users\safoo\Desktop\DataArena\node_modules\lucide-react\dist\esm\icons\file-digit.js.map' file: Error: ENOENT: no such file or directory, open 'C:\Users\safoo\Desktop\DataArena\node_modules\lucide-react\dist\esm\icons\file-digit.js.map'

Failed to parse source map from 'C:\Users\safoo\Desktop\DataArena\node_modules\lucide-react\dist\esm\icons\file-down.js.map' file: Error: ENOENT: no such file or directory, open 'C:\Users\safoo\Desktop\DataArena\node_modules\lucide-react\dist\esm\icons\file-down.js.map'

Failed to parse source map from 'C:\Users\safoo\Desktop\DataArena\node_modules\lucide-react\dist\esm\icons\file-exclamation-point.js.map' file: Error: ENOENT: no such file or directory, open 'C:\Users\safoo\Desktop\DataArena\node_modules\lucide-react\dist\esm\icons\file-exclamation-point.js.map'

Failed to parse source map from 'C:\Users\safoo\Desktop\DataArena\node_modules\lucide-react\dist\esm\icons\file-headphone.js.map' file: Error: ENOENT: no such file or directory, open 'C:\Users\safoo\Desktop\DataArena\node_modules\lucide-react\dist\esm\icons\file-headphone.js.map'

Failed to parse source map from 'C:\Users\safoo\Desktop\DataArena\node_modules\lucide-react\dist\esm\icons\file-heart.js.map' file: Error: ENOENT: no such file or directory, open 'C:\Users\safoo\Desktop\DataArena\node_modules\lucide-react\dist\esm\icons\file-heart.js.map'

Failed to parse source map from 'C:\Users\safoo\Desktop\DataArena\node_modules\lucide-react\dist\esm\icons\file-image.js.map' file: Error: ENOENT: no such file or directory, open 'C:\Users\safoo\Desktop\DataArena\node_modules\lucide-react\dist\esm\icons\file-image.js.map'

Failed to parse source map from 'C:\Users\safoo\Desktop\DataArena\node_modules\lucide-react\dist\esm\icons\file-input.js.map' file: Error: ENOENT: no such file or directory, open 'C:\Users\safoo\Desktop\DataArena\node_modules\lucide-react\dist\esm\icons\file-input.js.map'

Failed to parse source map from 'C:\Users\safoo\Desktop\DataArena\node_modules\lucide-react\dist\esm\icons\file-key.js.map' file: Error: ENOENT: no such file or directory, open 'C:\Users\safoo\Desktop\DataArena\node_modules\lucide-react\dist\esm\icons\file-key.js.map'

Failed to parse source map from 'C:\Users\safoo\Desktop\DataArena\node_modules\lucide-react\dist\esm\icons\file-lock.js.map' file: Error: ENOENT: no such file or directory, open 'C:\Users\safoo\Desktop\DataArena\node_modules\lucide-react\dist\esm\icons\file-lock.js.map'

Failed to parse source map from 'C:\Users\safoo\Desktop\DataArena\node_modules\lucide-react\dist\esm\icons\file-minus-corner.js.map' file: Error: ENOENT: no such file or directory, open 'C:\Users\safoo\Desktop\DataArena\node_modules\lucide-react\dist\esm\icons\file-minus-corner.js.map'

Failed to parse source map from 'C:\Users\safoo\Desktop\DataArena\node_modules\lucide-react\dist\esm\icons\file-minus.js.map' file: Error: ENOENT: no such file or directory, open 'C:\Users\safoo\Desktop\DataArena\node_modules\lucide-react\dist\esm\icons\file-minus.js.map'

Failed to parse source map from 'C:\Users\safoo\Desktop\DataArena\node_modules\lucide-react\dist\esm\icons\file-music.js.map' file: Error: ENOENT: no such file or directory, open 'C:\Users\safoo\Desktop\DataArena\node_modules\lucide-react\dist\esm\icons\file-music.js.map'

Failed to parse source map from 'C:\Users\safoo\Desktop\DataArena\node_modules\lucide-react\dist\esm\icons\file-output.js.map' file: Error: ENOENT: no such file or directory, open 'C:\Users\safoo\Desktop\DataArena\node_modules\lucide-react\dist\esm\icons\file-output.js.map'

Failed to parse source map from 'C:\Users\safoo\Desktop\DataArena\node_modules\lucide-react\dist\esm\icons\file-pen-line.js.map' file: Error: ENOENT: no such file or directory, open 'C:\Users\safoo\Desktop\DataArena\node_modules\lucide-react\dist\esm\icons\file-pen-line.js.map'

Failed to parse source map from 'C:\Users\safoo\Desktop\DataArena\node_modules\lucide-react\dist\esm\icons\file-pen.js.map' file: Error: ENOENT: no such file or directory, open 'C:\Users\safoo\Desktop\DataArena\node_modules\lucide-react\dist\esm\icons\file-pen.js.map'

Failed to parse source map from 'C:\Users\safoo\Desktop\DataArena\node_modules\lucide-react\dist\esm\icons\file-play.js.map' file: Error: ENOENT: no such file or directory, open 'C:\Users\safoo\Desktop\DataArena\node_modules\lucide-react\dist\esm\icons\file-play.js.map'

Failed to parse source map from 'C:\Users\safoo\Desktop\DataArena\node_modules\lucide-react\dist\esm\icons\file-plus-corner.js.map' file: Error: ENOENT: no such file or directory, open 'C:\Users\safoo\Desktop\DataArena\node_modules\lucide-react\dist\esm\icons\file-plus-corner.js.map'

Failed to parse source map from 'C:\Users\safoo\Desktop\DataArena\node_modules\lucide-react\dist\esm\icons\file-plus.js.map' file: Error: ENOENT: no such file or directory, open 'C:\Users\safoo\Desktop\DataArena\node_modules\lucide-react\dist\esm\icons\file-plus.js.map'

Failed to parse source map from 'C:\Users\safoo\Desktop\DataArena\node_modules\lucide-react\dist\esm\icons\file-question-mark.js.map' file: Error: ENOENT: no such file or directory, open 'C:\Users\safoo\Desktop\DataArena\node_modules\lucide-react\dist\esm\icons\file-question-mark.js.map'

Failed to parse source map from 'C:\Users\safoo\Desktop\DataArena\node_modules\lucide-react\dist\esm\icons\file-scan.js.map' file: Error: ENOENT: no such file or directory, open 'C:\Users\safoo\Desktop\DataArena\node_modules\lucide-react\dist\esm\icons\file-scan.js.map'

Failed to parse source map from 'C:\Users\safoo\Desktop\DataArena\node_modules\lucide-react\dist\esm\icons\file-search-corner.js.map' file: Error: ENOENT: no such file or directory, open 'C:\Users\safoo\Desktop\DataArena\node_modules\lucide-react\dist\esm\icons\file-search-corner.js.map'

Failed to parse source map from 'C:\Users\safoo\Desktop\DataArena\node_modules\lucide-react\dist\esm\icons\file-search.js.map' file: Error: ENOENT: no such file or directory, open 'C:\Users\safoo\Desktop\DataArena\node_modules\lucide-react\dist\esm\icons\file-search.js.map'

Failed to parse source map from 'C:\Users\safoo\Desktop\DataArena\node_modules\lucide-react\dist\esm\icons\file-signal.js.map' file: Error: ENOENT: no such file or directory, open 'C:\Users\safoo\Desktop\DataArena\node_modules\lucide-react\dist\esm\icons\file-signal.js.map'

Failed to parse source map from 'C:\Users\safoo\Desktop\DataArena\node_modules\lucide-react\dist\esm\icons\file-sliders.js.map' file: Error: ENOENT: no such file or directory, open 'C:\Users\safoo\Desktop\DataArena\node_modules\lucide-react\dist\esm\icons\file-sliders.js.map'

Failed to parse source map from 'C:\Users\safoo\Desktop\DataArena\node_modules\lucide-react\dist\esm\icons\file-spreadsheet.js.map' file: Error: ENOENT: no such file or directory, open 'C:\Users\safoo\Desktop\DataArena\node_modules\lucide-react\dist\esm\icons\file-spreadsheet.js.map'

Failed to parse source map from 'C:\Users\safoo\Desktop\DataArena\node_modules\lucide-react\dist\esm\icons\file-stack.js.map' file: Error: ENOENT: no such file or directory, open 'C:\Users\safoo\Desktop\DataArena\node_modules\lucide-react\dist\esm\icons\file-stack.js.map'

Failed to parse source map from 'C:\Users\safoo\Desktop\DataArena\node_modules\lucide-react\dist\esm\icons\file-symlink.js.map' file: Error: ENOENT: no such file or directory, open 'C:\Users\safoo\Desktop\DataArena\node_modules\lucide-react\dist\esm\icons\file-symlink.js.map'

Failed to parse source map from 'C:\Users\safoo\Desktop\DataArena\node_modules\lucide-react\dist\esm\icons\file-terminal.js.map' file: Error: ENOENT: no such file or directory, open 'C:\Users\safoo\Desktop\DataArena\node_modules\lucide-react\dist\esm\icons\file-terminal.js.map'

Failed to parse source map from 'C:\Users\safoo\Desktop\DataArena\node_modules\lucide-react\dist\esm\icons\file-text.js.map' file: Error: ENOENT: no such file or directory, open 'C:\Users\safoo\Desktop\DataArena\node_modules\lucide-react\dist\esm\icons\file-text.js.map'

Failed to parse source map from 'C:\Users\safoo\Desktop\DataArena\node_modules\lucide-react\dist\esm\icons\file-type-corner.js.map' file: Error: ENOENT: no such file or directory, open 'C:\Users\safoo\Desktop\DataArena\node_modules\lucide-react\dist\esm\icons\file-type-corner.js.map'

Failed to parse source map from 'C:\Users\safoo\Desktop\DataArena\node_modules\lucide-react\dist\esm\icons\file-type.js.map' file: Error: ENOENT: no such file or directory, open 'C:\Users\safoo\Desktop\DataArena\node_modules\lucide-react\dist\esm\icons\file-type.js.map'

Failed to parse source map from 'C:\Users\safoo\Desktop\DataArena\node_modules\lucide-react\dist\esm\icons\file-up.js.map' file: Error: ENOENT: no such file or directory, open 'C:\Users\safoo\Desktop\DataArena\node_modules\lucide-react\dist\esm\icons\file-up.js.map'

Failed to parse source map from 'C:\Users\safoo\Desktop\DataArena\node_modules\lucide-react\dist\esm\icons\file-user.js.map' file: Error: ENOENT: no such file or directory, open 'C:\Users\safoo\Desktop\DataArena\node_modules\lucide-react\dist\esm\icons\file-user.js.map'

Failed to parse source map from 'C:\Users\safoo\Desktop\DataArena\node_modules\lucide-react\dist\esm\icons\file-video-camera.js.map' file: Error: ENOENT: no such file or directory, open 'C:\Users\safoo\Desktop\DataArena\node_modules\lucide-react\dist\esm\icons\file-video-camera.js.map'

Failed to parse source map from 'C:\Users\safoo\Desktop\DataArena\node_modules\lucide-react\dist\esm\icons\file-volume.js.map' file: Error: ENOENT: no such file or directory, open 'C:\Users\safoo\Desktop\DataArena\node_modules\lucide-react\dist\esm\icons\file-volume.js.map'

Failed to parse source map from 'C:\Users\safoo\Desktop\DataArena\node_modules\lucide-react\dist\esm\icons\file-x-corner.js.map' file: Error: ENOENT: no such file or directory, open 'C:\Users\safoo\Desktop\DataArena\node_modules\lucide-react\dist\esm\icons\file-x-corner.js.map'

Failed to parse source map from 'C:\Users\safoo\Desktop\DataArena\node_modules\lucide-react\dist\esm\icons\file-x.js.map' file: Error: ENOENT: no such file or directory, open 'C:\Users\safoo\Desktop\DataArena\node_modules\lucide-react\dist\esm\icons\file-x.js.map'

Failed to parse source map from 'C:\Users\safoo\Desktop\DataArena\node_modules\lucide-react\dist\esm\icons\file.js.map' file: Error: ENOENT: no such file or directory, open 'C:\Users\safoo\Desktop\DataArena\node_modules\lucide-react\dist\esm\icons\file.js.map'

Failed to parse source map from 'C:\Users\safoo\Desktop\DataArena\node_modules\lucide-react\dist\esm\icons\files.js.map' file: Error: ENOENT: no such file or directory, open 'C:\Users\safoo\Desktop\DataArena\node_modules\lucide-react\dist\esm\icons\files.js.map'

Failed to parse source map from 'C:\Users\safoo\Desktop\DataArena\node_modules\lucide-react\dist\esm\icons\film.js.map' file: Error: ENOENT: no such file or directory, open 'C:\Users\safoo\Desktop\DataArena\node_modules\lucide-react\dist\esm\icons\film.js.map'

Failed to parse source map from 'C:\Users\safoo\Desktop\DataArena\node_modules\lucide-react\dist\esm\icons\fingerprint-pattern.js.map' file: Error: ENOENT: no such file or directory, open 'C:\Users\safoo\Desktop\DataArena\node_modules\lucide-react\dist\esm\icons\fingerprint-pattern.js.map'

Failed to parse source map from 'C:\Users\safoo\Desktop\DataArena\node_modules\lucide-react\dist\esm\icons\fire-extinguisher.js.map' file: Error: ENOENT: no such file or directory, open 'C:\Users\safoo\Desktop\DataArena\node_modules\lucide-react\dist\esm\icons\fire-extinguisher.js.map'

Failed to parse source map from 'C:\Users\safoo\Desktop\DataArena\node_modules\lucide-react\dist\esm\icons\fish-off.js.map' file: Error: ENOENT: no such file or directory, open 'C:\Users\safoo\Desktop\DataArena\node_modules\lucide-react\dist\esm\icons\fish-off.js.map'

Failed to parse source map from 'C:\Users\safoo\Desktop\DataArena\node_modules\lucide-react\dist\esm\icons\fish-symbol.js.map' file: Error: ENOENT: no such file or directory, open 'C:\Users\safoo\Desktop\DataArena\node_modules\lucide-react\dist\esm\icons\fish-symbol.js.map'

Failed to parse source map from 'C:\Users\safoo\Desktop\DataArena\node_modules\lucide-react\dist\esm\icons\fish.js.map' file: Error: ENOENT: no such file or directory, open 'C:\Users\safoo\Desktop\DataArena\node_modules\lucide-react\dist\esm\icons\fish.js.map'

Failed to parse source map from 'C:\Users\safoo\Desktop\DataArena\node_modules\lucide-react\dist\esm\icons\fishing-hook.js.map' file: Error: ENOENT: no such file or directory, open 'C:\Users\safoo\Desktop\DataArena\node_modules\lucide-react\dist\esm\icons\fishing-hook.js.map'

Failed to parse source map from 'C:\Users\safoo\Desktop\DataArena\node_modules\lucide-react\dist\esm\icons\flag-off.js.map' file: Error: ENOENT: no such file or directory, open 'C:\Users\safoo\Desktop\DataArena\node_modules\lucide-react\dist\esm\icons\flag-off.js.map'

Failed to parse source map from 'C:\Users\safoo\Desktop\DataArena\node_modules\lucide-react\dist\esm\icons\flag-triangle-left.js.map' file: Error: ENOENT: no such file or directory, open 'C:\Users\safoo\Desktop\DataArena\node_modules\lucide-react\dist\esm\icons\flag-triangle-left.js.map'

Failed to parse source map from 'C:\Users\safoo\Desktop\DataArena\node_modules\lucide-react\dist\esm\icons\flag-triangle-right.js.map' file: Error: ENOENT: no such file or directory, open 'C:\Users\safoo\Desktop\DataArena\node_modules\lucide-react\dist\esm\icons\flag-triangle-right.js.map'

Failed to parse source map from 'C:\Users\safoo\Desktop\DataArena\node_modules\lucide-react\dist\esm\icons\flag.js.map' file: Error: ENOENT: no such file or directory, open 'C:\Users\safoo\Desktop\DataArena\node_modules\lucide-react\dist\esm\icons\flag.js.map'

Failed to parse source map from 'C:\Users\safoo\Desktop\DataArena\node_modules\lucide-react\dist\esm\icons\flame-kindling.js.map' file: Error: ENOENT: no such file or directory, open 'C:\Users\safoo\Desktop\DataArena\node_modules\lucide-react\dist\esm\icons\flame-kindling.js.map'

Failed to parse source map from 'C:\Users\safoo\Desktop\DataArena\node_modules\lucide-react\dist\esm\icons\flame.js.map' file: Error: ENOENT: no such file or directory, open 'C:\Users\safoo\Desktop\DataArena\node_modules\lucide-react\dist\esm\icons\flame.js.map'

Failed to parse source map from 'C:\Users\safoo\Desktop\DataArena\node_modules\lucide-react\dist\esm\icons\flashlight-off.js.map' file: Error: ENOENT: no such file or directory, open 'C:\Users\safoo\Desktop\DataArena\node_modules\lucide-react\dist\esm\icons\flashlight-off.js.map'

Failed to parse source map from 'C:\Users\safoo\Desktop\DataArena\node_modules\lucide-react\dist\esm\icons\flashlight.js.map' file: Error: ENOENT: no such file or directory, open 'C:\Users\safoo\Desktop\DataArena\node_modules\lucide-react\dist\esm\icons\flashlight.js.map'

Failed to parse source map from 'C:\Users\safoo\Desktop\DataArena\node_modules\lucide-react\dist\esm\icons\flask-conical-off.js.map' file: Error: ENOENT: no such file or directory, open 'C:\Users\safoo\Desktop\DataArena\node_modules\lucide-react\dist\esm\icons\flask-conical-off.js.map'

Failed to parse source map from 'C:\Users\safoo\Desktop\DataArena\node_modules\lucide-react\dist\esm\icons\flask-conical.js.map' file: Error: ENOENT: no such file or directory, open 'C:\Users\safoo\Desktop\DataArena\node_modules\lucide-react\dist\esm\icons\flask-conical.js.map'

Failed to parse source map from 'C:\Users\safoo\Desktop\DataArena\node_modules\lucide-react\dist\esm\icons\flask-round.js.map' file: Error: ENOENT: no such file or directory, open 'C:\Users\safoo\Desktop\DataArena\node_modules\lucide-react\dist\esm\icons\flask-round.js.map'

Failed to parse source map from 'C:\Users\safoo\Desktop\DataArena\node_modules\lucide-react\dist\esm\icons\flip-horizontal-2.js.map' file: Error: ENOENT: no such file or directory, open 'C:\Users\safoo\Desktop\DataArena\node_modules\lucide-react\dist\esm\icons\flip-horizontal-2.js.map'

Failed to parse source map from 'C:\Users\safoo\Desktop\DataArena\node_modules\lucide-react\dist\esm\icons\flip-horizontal.js.map' file: Error: ENOENT: no such file or directory, open 'C:\Users\safoo\Desktop\DataArena\node_modules\lucide-react\dist\esm\icons\flip-horizontal.js.map'

Failed to parse source map from 'C:\Users\safoo\Desktop\DataArena\node_modules\lucide-react\dist\esm\icons\flip-vertical-2.js.map' file: Error: ENOENT: no such file or directory, open 'C:\Users\safoo\Desktop\DataArena\node_modules\lucide-react\dist\esm\icons\flip-vertical-2.js.map'

Failed to parse source map from 'C:\Users\safoo\Desktop\DataArena\node_modules\lucide-react\dist\esm\icons\flip-vertical.js.map' file: Error: ENOENT: no such file or directory, open 'C:\Users\safoo\Desktop\DataArena\node_modules\lucide-react\dist\esm\icons\flip-vertical.js.map'

Failed to parse source map from 'C:\Users\safoo\Desktop\DataArena\node_modules\lucide-react\dist\esm\icons\flower-2.js.map' file: Error: ENOENT: no such file or directory, open 'C:\Users\safoo\Desktop\DataArena\node_modules\lucide-react\dist\esm\icons\flower-2.js.map'

Failed to parse source map from 'C:\Users\safoo\Desktop\DataArena\node_modules\lucide-react\dist\esm\icons\flower.js.map' file: Error: ENOENT: no such file or directory, open 'C:\Users\safoo\Desktop\DataArena\node_modules\lucide-react\dist\esm\icons\flower.js.map'

Failed to parse source map from 'C:\Users\safoo\Desktop\DataArena\node_modules\lucide-react\dist\esm\icons\focus.js.map' file: Error: ENOENT: no such file or directory, open 'C:\Users\safoo\Desktop\DataArena\node_modules\lucide-react\dist\esm\icons\focus.js.map'

Failed to parse source map from 'C:\Users\safoo\Desktop\DataArena\node_modules\lucide-react\dist\esm\icons\fold-horizontal.js.map' file: Error: ENOENT: no such file or directory, open 'C:\Users\safoo\Desktop\DataArena\node_modules\lucide-react\dist\esm\icons\fold-horizontal.js.map'

Failed to parse source map from 'C:\Users\safoo\Desktop\DataArena\node_modules\lucide-react\dist\esm\icons\fold-vertical.js.map' file: Error: ENOENT: no such file or directory, open 'C:\Users\safoo\Desktop\DataArena\node_modules\lucide-react\dist\esm\icons\fold-vertical.js.map'

Failed to parse source map from 'C:\Users\safoo\Desktop\DataArena\node_modules\lucide-react\dist\esm\icons\folder-archive.js.map' file: Error: ENOENT: no such file or directory, open 'C:\Users\safoo\Desktop\DataArena\node_modules\lucide-react\dist\esm\icons\folder-archive.js.map'

Failed to parse source map from 'C:\Users\safoo\Desktop\DataArena\node_modules\lucide-react\dist\esm\icons\folder-check.js.map' file: Error: ENOENT: no such file or directory, open 'C:\Users\safoo\Desktop\DataArena\node_modules\lucide-react\dist\esm\icons\folder-check.js.map'

Failed to parse source map from 'C:\Users\safoo\Desktop\DataArena\node_modules\lucide-react\dist\esm\icons\folder-clock.js.map' file: Error: ENOENT: no such file or directory, open 'C:\Users\safoo\Desktop\DataArena\node_modules\lucide-react\dist\esm\icons\folder-clock.js.map'

Failed to parse source map from 'C:\Users\safoo\Desktop\DataArena\node_modules\lucide-react\dist\esm\icons\folder-closed.js.map' file: Error: ENOENT: no such file or directory, open 'C:\Users\safoo\Desktop\DataArena\node_modules\lucide-react\dist\esm\icons\folder-closed.js.map'

Failed to parse source map from 'C:\Users\safoo\Desktop\DataArena\node_modules\lucide-react\dist\esm\icons\folder-code.js.map' file: Error: ENOENT: no such file or directory, open 'C:\Users\safoo\Desktop\DataArena\node_modules\lucide-react\dist\esm\icons\folder-code.js.map'

Failed to parse source map from 'C:\Users\safoo\Desktop\DataArena\node_modules\lucide-react\dist\esm\icons\folder-cog.js.map' file: Error: ENOENT: no such file or directory, open 'C:\Users\safoo\Desktop\DataArena\node_modules\lucide-react\dist\esm\icons\folder-cog.js.map'

Failed to parse source map from 'C:\Users\safoo\Desktop\DataArena\node_modules\lucide-react\dist\esm\icons\folder-dot.js.map' file: Error: ENOENT: no such file or directory, open 'C:\Users\safoo\Desktop\DataArena\node_modules\lucide-react\dist\esm\icons\folder-dot.js.map'

Failed to parse source map from 'C:\Users\safoo\Desktop\DataArena\node_modules\lucide-react\dist\esm\icons\folder-down.js.map' file: Error: ENOENT: no such file or directory, open 'C:\Users\safoo\Desktop\DataArena\node_modules\lucide-react\dist\esm\icons\folder-down.js.map'

Failed to parse source map from 'C:\Users\safoo\Desktop\DataArena\node_modules\lucide-react\dist\esm\icons\folder-git-2.js.map' file: Error: ENOENT: no such file or directory, open 'C:\Users\safoo\Desktop\DataArena\node_modules\lucide-react\dist\esm\icons\folder-git-2.js.map'

Failed to parse source map from 'C:\Users\safoo\Desktop\DataArena\node_modules\lucide-react\dist\esm\icons\folder-git.js.map' file: Error: ENOENT: no such file or directory, open 'C:\Users\safoo\Desktop\DataArena\node_modules\lucide-react\dist\esm\icons\folder-git.js.map'

Failed to parse source map from 'C:\Users\safoo\Desktop\DataArena\node_modules\lucide-react\dist\esm\icons\folder-heart.js.map' file: Error: ENOENT: no such file or directory, open 'C:\Users\safoo\Desktop\DataArena\node_modules\lucide-react\dist\esm\icons\folder-heart.js.map'

Failed to parse source map from 'C:\Users\safoo\Desktop\DataArena\node_modules\lucide-react\dist\esm\icons\folder-input.js.map' file: Error: ENOENT: no such file or directory, open 'C:\Users\safoo\Desktop\DataArena\node_modules\lucide-react\dist\esm\icons\folder-input.js.map'

Failed to parse source map from 'C:\Users\safoo\Desktop\DataArena\node_modules\lucide-react\dist\esm\icons\folder-kanban.js.map' file: Error: ENOENT: no such file or directory, open 'C:\Users\safoo\Desktop\DataArena\node_modules\lucide-react\dist\esm\icons\folder-kanban.js.map'

Failed to parse source map from 'C:\Users\safoo\Desktop\DataArena\node_modules\lucide-react\dist\esm\icons\folder-key.js.map' file: Error: ENOENT: no such file or directory, open 'C:\Users\safoo\Desktop\DataArena\node_modules\lucide-react\dist\esm\icons\folder-key.js.map'

Failed to parse source map from 'C:\Users\safoo\Desktop\DataArena\node_modules\lucide-react\dist\esm\icons\folder-lock.js.map' file: Error: ENOENT: no such file or directory, open 'C:\Users\safoo\Desktop\DataArena\node_modules\lucide-react\dist\esm\icons\folder-lock.js.map'

Failed to parse source map from 'C:\Users\safoo\Desktop\DataArena\node_modules\lucide-react\dist\esm\icons\folder-minus.js.map' file: Error: ENOENT: no such file or directory, open 'C:\Users\safoo\Desktop\DataArena\node_modules\lucide-react\dist\esm\icons\folder-minus.js.map'

Failed to parse source map from 'C:\Users\safoo\Desktop\DataArena\node_modules\lucide-react\dist\esm\icons\folder-open-dot.js.map' file: Error: ENOENT: no such file or directory, open 'C:\Users\safoo\Desktop\DataArena\node_modules\lucide-react\dist\esm\icons\folder-open-dot.js.map'

Failed to parse source map from 'C:\Users\safoo\Desktop\DataArena\node_modules\lucide-react\dist\esm\icons\folder-open.js.map' file: Error: ENOENT: no such file or directory, open 'C:\Users\safoo\Desktop\DataArena\node_modules\lucide-react\dist\esm\icons\folder-open.js.map'

Failed to parse source map from 'C:\Users\safoo\Desktop\DataArena\node_modules\lucide-react\dist\esm\icons\folder-output.js.map' file: Error: ENOENT: no such file or directory, open 'C:\Users\safoo\Desktop\DataArena\node_modules\lucide-react\dist\esm\icons\folder-output.js.map'

Failed to parse source map from 'C:\Users\safoo\Desktop\DataArena\node_modules\lucide-react\dist\esm\icons\folder-pen.js.map' file: Error: ENOENT: no such file or directory, open 'C:\Users\safoo\Desktop\DataArena\node_modules\lucide-react\dist\esm\icons\folder-pen.js.map'

Failed to parse source map from 'C:\Users\safoo\Desktop\DataArena\node_modules\lucide-react\dist\esm\icons\folder-plus.js.map' file: Error: ENOENT: no such file or directory, open 'C:\Users\safoo\Desktop\DataArena\node_modules\lucide-react\dist\esm\icons\folder-plus.js.map'

Failed to parse source map from 'C:\Users\safoo\Desktop\DataArena\node_modules\lucide-react\dist\esm\icons\folder-root.js.map' file: Error: ENOENT: no such file or directory, open 'C:\Users\safoo\Desktop\DataArena\node_modules\lucide-react\dist\esm\icons\folder-root.js.map'

Failed to parse source map from 'C:\Users\safoo\Desktop\DataArena\node_modules\lucide-react\dist\esm\icons\folder-search-2.js.map' file: Error: ENOENT: no such file or directory, open 'C:\Users\safoo\Desktop\DataArena\node_modules\lucide-react\dist\esm\icons\folder-search-2.js.map'

Failed to parse source map from 'C:\Users\safoo\Desktop\DataArena\node_modules\lucide-react\dist\esm\icons\folder-search.js.map' file: Error: ENOENT: no such file or directory, open 'C:\Users\safoo\Desktop\DataArena\node_modules\lucide-react\dist\esm\icons\folder-search.js.map'

Failed to parse source map from 'C:\Users\safoo\Desktop\DataArena\node_modules\lucide-react\dist\esm\icons\folder-symlink.js.map' file: Error: ENOENT: no such file or directory, open 'C:\Users\safoo\Desktop\DataArena\node_modules\lucide-react\dist\esm\icons\folder-symlink.js.map'

Failed to parse source map from 'C:\Users\safoo\Desktop\DataArena\node_modules\lucide-react\dist\esm\icons\folder-sync.js.map' file: Error: ENOENT: no such file or directory, open 'C:\Users\safoo\Desktop\DataArena\node_modules\lucide-react\dist\esm\icons\folder-sync.js.map'

Failed to parse source map from 'C:\Users\safoo\Desktop\DataArena\node_modules\lucide-react\dist\esm\icons\folder-tree.js.map' file: Error: ENOENT: no such file or directory, open 'C:\Users\safoo\Desktop\DataArena\node_modules\lucide-react\dist\esm\icons\folder-tree.js.map'

Failed to parse source map from 'C:\Users\safoo\Desktop\DataArena\node_modules\lucide-react\dist\esm\icons\folder-up.js.map' file: Error: ENOENT: no such file or directory, open 'C:\Users\safoo\Desktop\DataArena\node_modules\lucide-react\dist\esm\icons\folder-up.js.map'

Failed to parse source map from 'C:\Users\safoo\Desktop\DataArena\node_modules\lucide-react\dist\esm\icons\folder-x.js.map' file: Error: ENOENT: no such file or directory, open 'C:\Users\safoo\Desktop\DataArena\node_modules\lucide-react\dist\esm\icons\folder-x.js.map'

Failed to parse source map from 'C:\Users\safoo\Desktop\DataArena\node_modules\lucide-react\dist\esm\icons\folder.js.map' file: Error: ENOENT: no such file or directory, open 'C:\Users\safoo\Desktop\DataArena\node_modules\lucide-react\dist\esm\icons\folder.js.map'

Failed to parse source map from 'C:\Users\safoo\Desktop\DataArena\node_modules\lucide-react\dist\esm\icons\folders.js.map' file: Error: ENOENT: no such file or directory, open 'C:\Users\safoo\Desktop\DataArena\node_modules\lucide-react\dist\esm\icons\folders.js.map'

Failed to parse source map from 'C:\Users\safoo\Desktop\DataArena\node_modules\lucide-react\dist\esm\icons\footprints.js.map' file: Error: ENOENT: no such file or directory, open 'C:\Users\safoo\Desktop\DataArena\node_modules\lucide-react\dist\esm\icons\footprints.js.map'

Failed to parse source map from 'C:\Users\safoo\Desktop\DataArena\node_modules\lucide-react\dist\esm\icons\forklift.js.map' file: Error: ENOENT: no such file or directory, open 'C:\Users\safoo\Desktop\DataArena\node_modules\lucide-react\dist\esm\icons\forklift.js.map'

Failed to parse source map from 'C:\Users\safoo\Desktop\DataArena\node_modules\lucide-react\dist\esm\icons\form.js.map' file: Error: ENOENT: no such file or directory, open 'C:\Users\safoo\Desktop\DataArena\node_modules\lucide-react\dist\esm\icons\form.js.map'

Failed to parse source map from 'C:\Users\safoo\Desktop\DataArena\node_modules\lucide-react\dist\esm\icons\forward.js.map' file: Error: ENOENT: no such file or directory, open 'C:\Users\safoo\Desktop\DataArena\node_modules\lucide-react\dist\esm\icons\forward.js.map'

Failed to parse source map from 'C:\Users\safoo\Desktop\DataArena\node_modules\lucide-react\dist\esm\icons\frame.js.map' file: Error: ENOENT: no such file or directory, open 'C:\Users\safoo\Desktop\DataArena\node_modules\lucide-react\dist\esm\icons\frame.js.map'

Failed to parse source map from 'C:\Users\safoo\Desktop\DataArena\node_modules\lucide-react\dist\esm\icons\framer.js.map' file: Error: ENOENT: no such file or directory, open 'C:\Users\safoo\Desktop\DataArena\node_modules\lucide-react\dist\esm\icons\framer.js.map'

Failed to parse source map from 'C:\Users\safoo\Desktop\DataArena\node_modules\lucide-react\dist\esm\icons\frown.js.map' file: Error: ENOENT: no such file or directory, open 'C:\Users\safoo\Desktop\DataArena\node_modules\lucide-react\dist\esm\icons\frown.js.map'

Failed to parse source map from 'C:\Users\safoo\Desktop\DataArena\node_modules\lucide-react\dist\esm\icons\fuel.js.map' file: Error: ENOENT: no such file or directory, open 'C:\Users\safoo\Desktop\DataArena\node_modules\lucide-react\dist\esm\icons\fuel.js.map'

Failed to parse source map from 'C:\Users\safoo\Desktop\DataArena\node_modules\lucide-react\dist\esm\icons\fullscreen.js.map' file: Error: ENOENT: no such file or directory, open 'C:\Users\safoo\Desktop\DataArena\node_modules\lucide-react\dist\esm\icons\fullscreen.js.map'

Failed to parse source map from 'C:\Users\safoo\Desktop\DataArena\node_modules\lucide-react\dist\esm\icons\funnel-plus.js.map' file: Error: ENOENT: no such file or directory, open 'C:\Users\safoo\Desktop\DataArena\node_modules\lucide-react\dist\esm\icons\funnel-plus.js.map'

Failed to parse source map from 'C:\Users\safoo\Desktop\DataArena\node_modules\lucide-react\dist\esm\icons\funnel-x.js.map' file: Error: ENOENT: no such file or directory, open 'C:\Users\safoo\Desktop\DataArena\node_modules\lucide-react\dist\esm\icons\funnel-x.js.map'

Failed to parse source map from 'C:\Users\safoo\Desktop\DataArena\node_modules\lucide-react\dist\esm\icons\funnel.js.map' file: Error: ENOENT: no such file or directory, open 'C:\Users\safoo\Desktop\DataArena\node_modules\lucide-react\dist\esm\icons\funnel.js.map'

Failed to parse source map from 'C:\Users\safoo\Desktop\DataArena\node_modules\lucide-react\dist\esm\icons\gallery-horizontal-end.js.map' file: Error: ENOENT: no such file or directory, open 'C:\Users\safoo\Desktop\DataArena\node_modules\lucide-react\dist\esm\icons\gallery-horizontal-end.js.map'

Failed to parse source map from 'C:\Users\safoo\Desktop\DataArena\node_modules\lucide-react\dist\esm\icons\gallery-horizontal.js.map' file: Error: ENOENT: no such file or directory, open 'C:\Users\safoo\Desktop\DataArena\node_modules\lucide-react\dist\esm\icons\gallery-horizontal.js.map'

Failed to parse source map from 'C:\Users\safoo\Desktop\DataArena\node_modules\lucide-react\dist\esm\icons\gallery-thumbnails.js.map' file: Error: ENOENT: no such file or directory, open 'C:\Users\safoo\Desktop\DataArena\node_modules\lucide-react\dist\esm\icons\gallery-thumbnails.js.map'

Failed to parse source map from 'C:\Users\safoo\Desktop\DataArena\node_modules\lucide-react\dist\esm\icons\gallery-vertical-end.js.map' file: Error: ENOENT: no such file or directory, open 'C:\Users\safoo\Desktop\DataArena\node_modules\lucide-react\dist\esm\icons\gallery-vertical-end.js.map'

Failed to parse source map from 'C:\Users\safoo\Desktop\DataArena\node_modules\lucide-react\dist\esm\icons\gallery-vertical.js.map' file: Error: ENOENT: no such file or directory, open 'C:\Users\safoo\Desktop\DataArena\node_modules\lucide-react\dist\esm\icons\gallery-vertical.js.map'

Failed to parse source map from 'C:\Users\safoo\Desktop\DataArena\node_modules\lucide-react\dist\esm\icons\gamepad-directional.js.map' file: Error: ENOENT: no such file or directory, open 'C:\Users\safoo\Desktop\DataArena\node_modules\lucide-react\dist\esm\icons\gamepad-directional.js.map'

Failed to parse source map from 'C:\Users\safoo\Desktop\DataArena\node_modules\lucide-react\dist\esm\icons\gamepad-2.js.map' file: Error: ENOENT: no such file or directory, open 'C:\Users\safoo\Desktop\DataArena\node_modules\lucide-react\dist\esm\icons\gamepad-2.js.map'

Failed to parse source map from 'C:\Users\safoo\Desktop\DataArena\node_modules\lucide-react\dist\esm\icons\gamepad.js.map' file: Error: ENOENT: no such file or directory, open 'C:\Users\safoo\Desktop\DataArena\node_modules\lucide-react\dist\esm\icons\gamepad.js.map'

Failed to parse source map from 'C:\Users\safoo\Desktop\DataArena\node_modules\lucide-react\dist\esm\icons\gauge.js.map' file: Error: ENOENT: no such file or directory, open 'C:\Users\safoo\Desktop\DataArena\node_modules\lucide-react\dist\esm\icons\gauge.js.map'

Failed to parse source map from 'C:\Users\safoo\Desktop\DataArena\node_modules\lucide-react\dist\esm\icons\gavel.js.map' file: Error: ENOENT: no such file or directory, open 'C:\Users\safoo\Desktop\DataArena\node_modules\lucide-react\dist\esm\icons\gavel.js.map'

Failed to parse source map from 'C:\Users\safoo\Desktop\DataArena\node_modules\lucide-react\dist\esm\icons\gem.js.map' file: Error: ENOENT: no such file or directory, open 'C:\Users\safoo\Desktop\DataArena\node_modules\lucide-react\dist\esm\icons\gem.js.map'

Failed to parse source map from 'C:\Users\safoo\Desktop\DataArena\node_modules\lucide-react\dist\esm\icons\georgian-lari.js.map' file: Error: ENOENT: no such file or directory, open 'C:\Users\safoo\Desktop\DataArena\node_modules\lucide-react\dist\esm\icons\georgian-lari.js.map'

Failed to parse source map from 'C:\Users\safoo\Desktop\DataArena\node_modules\lucide-react\dist\esm\icons\ghost.js.map' file: Error: ENOENT: no such file or directory, open 'C:\Users\safoo\Desktop\DataArena\node_modules\lucide-react\dist\esm\icons\ghost.js.map'

Failed to parse source map from 'C:\Users\safoo\Desktop\DataArena\node_modules\lucide-react\dist\esm\icons\gift.js.map' file: Error: ENOENT: no such file or directory, open 'C:\Users\safoo\Desktop\DataArena\node_modules\lucide-react\dist\esm\icons\gift.js.map'

Failed to parse source map from 'C:\Users\safoo\Desktop\DataArena\node_modules\lucide-react\dist\esm\icons\git-branch-minus.js.map' file: Error: ENOENT: no such file or directory, open 'C:\Users\safoo\Desktop\DataArena\node_modules\lucide-react\dist\esm\icons\git-branch-minus.js.map'

Failed to parse source map from 'C:\Users\safoo\Desktop\DataArena\node_modules\lucide-react\dist\esm\icons\git-branch-plus.js.map' file: Error: ENOENT: no such file or directory, open 'C:\Users\safoo\Desktop\DataArena\node_modules\lucide-react\dist\esm\icons\git-branch-plus.js.map'

Failed to parse source map from 'C:\Users\safoo\Desktop\DataArena\node_modules\lucide-react\dist\esm\icons\git-branch.js.map' file: Error: ENOENT: no such file or directory, open 'C:\Users\safoo\Desktop\DataArena\node_modules\lucide-react\dist\esm\icons\git-branch.js.map'

Failed to parse source map from 'C:\Users\safoo\Desktop\DataArena\node_modules\lucide-react\dist\esm\icons\git-commit-horizontal.js.map' file: Error: ENOENT: no such file or directory, open 'C:\Users\safoo\Desktop\DataArena\node_modules\lucide-react\dist\esm\icons\git-commit-horizontal.js.map'

Failed to parse source map from 'C:\Users\safoo\Desktop\DataArena\node_modules\lucide-react\dist\esm\icons\git-commit-vertical.js.map' file: Error: ENOENT: no such file or directory, open 'C:\Users\safoo\Desktop\DataArena\node_modules\lucide-react\dist\esm\icons\git-commit-vertical.js.map'

Failed to parse source map from 'C:\Users\safoo\Desktop\DataArena\node_modules\lucide-react\dist\esm\icons\git-compare-arrows.js.map' file: Error: ENOENT: no such file or directory, open 'C:\Users\safoo\Desktop\DataArena\node_modules\lucide-react\dist\esm\icons\git-compare-arrows.js.map'

Failed to parse source map from 'C:\Users\safoo\Desktop\DataArena\node_modules\lucide-react\dist\esm\icons\git-compare.js.map' file: Error: ENOENT: no such file or directory, open 'C:\Users\safoo\Desktop\DataArena\node_modules\lucide-react\dist\esm\icons\git-compare.js.map'

Failed to parse source map from 'C:\Users\safoo\Desktop\DataArena\node_modules\lucide-react\dist\esm\icons\git-fork.js.map' file: Error: ENOENT: no such file or directory, open 'C:\Users\safoo\Desktop\DataArena\node_modules\lucide-react\dist\esm\icons\git-fork.js.map'

Failed to parse source map from 'C:\Users\safoo\Desktop\DataArena\node_modules\lucide-react\dist\esm\icons\git-graph.js.map' file: Error: ENOENT: no such file or directory, open 'C:\Users\safoo\Desktop\DataArena\node_modules\lucide-react\dist\esm\icons\git-graph.js.map'

Failed to parse source map from 'C:\Users\safoo\Desktop\DataArena\node_modules\lucide-react\dist\esm\icons\git-merge.js.map' file: Error: ENOENT: no such file or directory, open 'C:\Users\safoo\Desktop\DataArena\node_modules\lucide-react\dist\esm\icons\git-merge.js.map'

Failed to parse source map from 'C:\Users\safoo\Desktop\DataArena\node_modules\lucide-react\dist\esm\icons\git-pull-request-arrow.js.map' file: Error: ENOENT: no such file or directory, open 'C:\Users\safoo\Desktop\DataArena\node_modules\lucide-react\dist\esm\icons\git-pull-request-arrow.js.map'

Failed to parse source map from 'C:\Users\safoo\Desktop\DataArena\node_modules\lucide-react\dist\esm\icons\git-pull-request-closed.js.map' file: Error: ENOENT: no such file or directory, open 'C:\Users\safoo\Desktop\DataArena\node_modules\lucide-react\dist\esm\icons\git-pull-request-closed.js.map'

Failed to parse source map from 'C:\Users\safoo\Desktop\DataArena\node_modules\lucide-react\dist\esm\icons\git-pull-request-create-arrow.js.map' file: Error: ENOENT: no such file or directory, open 'C:\Users\safoo\Desktop\DataArena\node_modules\lucide-react\dist\esm\icons\git-pull-request-create-arrow.js.map'

Failed to parse source map from 'C:\Users\safoo\Desktop\DataArena\node_modules\lucide-react\dist\esm\icons\git-pull-request-create.js.map' file: Error: ENOENT: no such file or directory, open 'C:\Users\safoo\Desktop\DataArena\node_modules\lucide-react\dist\esm\icons\git-pull-request-create.js.map'

Failed to parse source map from 'C:\Users\safoo\Desktop\DataArena\node_modules\lucide-react\dist\esm\icons\git-pull-request-draft.js.map' file: Error: ENOENT: no such file or directory, open 'C:\Users\safoo\Desktop\DataArena\node_modules\lucide-react\dist\esm\icons\git-pull-request-draft.js.map'

Failed to parse source map from 'C:\Users\safoo\Desktop\DataArena\node_modules\lucide-react\dist\esm\icons\git-pull-request.js.map' file: Error: ENOENT: no such file or directory, open 'C:\Users\safoo\Desktop\DataArena\node_modules\lucide-react\dist\esm\icons\git-pull-request.js.map'

Failed to parse source map from 'C:\Users\safoo\Desktop\DataArena\node_modules\lucide-react\dist\esm\icons\github.js.map' file: Error: ENOENT: no such file or directory, open 'C:\Users\safoo\Desktop\DataArena\node_modules\lucide-react\dist\esm\icons\github.js.map'

Failed to parse source map from 'C:\Users\safoo\Desktop\DataArena\node_modules\lucide-react\dist\esm\icons\gitlab.js.map' file: Error: ENOENT: no such file or directory, open 'C:\Users\safoo\Desktop\DataArena\node_modules\lucide-react\dist\esm\icons\gitlab.js.map'

Failed to parse source map from 'C:\Users\safoo\Desktop\DataArena\node_modules\lucide-react\dist\esm\icons\glass-water.js.map' file: Error: ENOENT: no such file or directory, open 'C:\Users\safoo\Desktop\DataArena\node_modules\lucide-react\dist\esm\icons\glass-water.js.map'

Failed to parse source map from 'C:\Users\safoo\Desktop\DataArena\node_modules\lucide-react\dist\esm\icons\glasses.js.map' file: Error: ENOENT: no such file or directory, open 'C:\Users\safoo\Desktop\DataArena\node_modules\lucide-react\dist\esm\icons\glasses.js.map'

Failed to parse source map from 'C:\Users\safoo\Desktop\DataArena\node_modules\lucide-react\dist\esm\icons\globe-lock.js.map' file: Error: ENOENT: no such file or directory, open 'C:\Users\safoo\Desktop\DataArena\node_modules\lucide-react\dist\esm\icons\globe-lock.js.map'

Failed to parse source map from 'C:\Users\safoo\Desktop\DataArena\node_modules\lucide-react\dist\esm\icons\globe.js.map' file: Error: ENOENT: no such file or directory, open 'C:\Users\safoo\Desktop\DataArena\node_modules\lucide-react\dist\esm\icons\globe.js.map'

Failed to parse source map from 'C:\Users\safoo\Desktop\DataArena\node_modules\lucide-react\dist\esm\icons\goal.js.map' file: Error: ENOENT: no such file or directory, open 'C:\Users\safoo\Desktop\DataArena\node_modules\lucide-react\dist\esm\icons\goal.js.map'

Failed to parse source map from 'C:\Users\safoo\Desktop\DataArena\node_modules\lucide-react\dist\esm\icons\gpu.js.map' file: Error: ENOENT: no such file or directory, open 'C:\Users\safoo\Desktop\DataArena\node_modules\lucide-react\dist\esm\icons\gpu.js.map'

Failed to parse source map from 'C:\Users\safoo\Desktop\DataArena\node_modules\lucide-react\dist\esm\icons\graduation-cap.js.map' file: Error: ENOENT: no such file or directory, open 'C:\Users\safoo\Desktop\DataArena\node_modules\lucide-react\dist\esm\icons\graduation-cap.js.map'

Failed to parse source map from 'C:\Users\safoo\Desktop\DataArena\node_modules\lucide-react\dist\esm\icons\grape.js.map' file: Error: ENOENT: no such file or directory, open 'C:\Users\safoo\Desktop\DataArena\node_modules\lucide-react\dist\esm\icons\grape.js.map'

Failed to parse source map from 'C:\Users\safoo\Desktop\DataArena\node_modules\lucide-react\dist\esm\icons\grid-2x2-check.js.map' file: Error: ENOENT: no such file or directory, open 'C:\Users\safoo\Desktop\DataArena\node_modules\lucide-react\dist\esm\icons\grid-2x2-check.js.map'

Failed to parse source map from 'C:\Users\safoo\Desktop\DataArena\node_modules\lucide-react\dist\esm\icons\grid-2x2-plus.js.map' file: Error: ENOENT: no such file or directory, open 'C:\Users\safoo\Desktop\DataArena\node_modules\lucide-react\dist\esm\icons\grid-2x2-plus.js.map'

Failed to parse source map from 'C:\Users\safoo\Desktop\DataArena\node_modules\lucide-react\dist\esm\icons\grid-2x2-x.js.map' file: Error: ENOENT: no such file or directory, open 'C:\Users\safoo\Desktop\DataArena\node_modules\lucide-react\dist\esm\icons\grid-2x2-x.js.map'

Failed to parse source map from 'C:\Users\safoo\Desktop\DataArena\node_modules\lucide-react\dist\esm\icons\grid-2x2.js.map' file: Error: ENOENT: no such file or directory, open 'C:\Users\safoo\Desktop\DataArena\node_modules\lucide-react\dist\esm\icons\grid-2x2.js.map'

Failed to parse source map from 'C:\Users\safoo\Desktop\DataArena\node_modules\lucide-react\dist\esm\icons\grid-3x2.js.map' file: Error: ENOENT: no such file or directory, open 'C:\Users\safoo\Desktop\DataArena\node_modules\lucide-react\dist\esm\icons\grid-3x2.js.map'

Failed to parse source map from 'C:\Users\safoo\Desktop\DataArena\node_modules\lucide-react\dist\esm\icons\grid-3x3.js.map' file: Error: ENOENT: no such file or directory, open 'C:\Users\safoo\Desktop\DataArena\node_modules\lucide-react\dist\esm\icons\grid-3x3.js.map'

Failed to parse source map from 'C:\Users\safoo\Desktop\DataArena\node_modules\lucide-react\dist\esm\icons\grip-horizontal.js.map' file: Error: ENOENT: no such file or directory, open 'C:\Users\safoo\Desktop\DataArena\node_modules\lucide-react\dist\esm\icons\grip-horizontal.js.map'

Failed to parse source map from 'C:\Users\safoo\Desktop\DataArena\node_modules\lucide-react\dist\esm\icons\grip-vertical.js.map' file: Error: ENOENT: no such file or directory, open 'C:\Users\safoo\Desktop\DataArena\node_modules\lucide-react\dist\esm\icons\grip-vertical.js.map'

Failed to parse source map from 'C:\Users\safoo\Desktop\DataArena\node_modules\lucide-react\dist\esm\icons\grip.js.map' file: Error: ENOENT: no such file or directory, open 'C:\Users\safoo\Desktop\DataArena\node_modules\lucide-react\dist\esm\icons\grip.js.map'

Failed to parse source map from 'C:\Users\safoo\Desktop\DataArena\node_modules\lucide-react\dist\esm\icons\group.js.map' file: Error: ENOENT: no such file or directory, open 'C:\Users\safoo\Desktop\DataArena\node_modules\lucide-react\dist\esm\icons\group.js.map'

Failed to parse source map from 'C:\Users\safoo\Desktop\DataArena\node_modules\lucide-react\dist\esm\icons\guitar.js.map' file: Error: ENOENT: no such file or directory, open 'C:\Users\safoo\Desktop\DataArena\node_modules\lucide-react\dist\esm\icons\guitar.js.map'

Failed to parse source map from 'C:\Users\safoo\Desktop\DataArena\node_modules\lucide-react\dist\esm\icons\ham.js.map' file: Error: ENOENT: no such file or directory, open 'C:\Users\safoo\Desktop\DataArena\node_modules\lucide-react\dist\esm\icons\ham.js.map'

Failed to parse source map from 'C:\Users\safoo\Desktop\DataArena\node_modules\lucide-react\dist\esm\icons\hamburger.js.map' file: Error: ENOENT: no such file or directory, open 'C:\Users\safoo\Desktop\DataArena\node_modules\lucide-react\dist\esm\icons\hamburger.js.map'

Failed to parse source map from 'C:\Users\safoo\Desktop\DataArena\node_modules\lucide-react\dist\esm\icons\hammer.js.map' file: Error: ENOENT: no such file or directory, open 'C:\Users\safoo\Desktop\DataArena\node_modules\lucide-react\dist\esm\icons\hammer.js.map'

Failed to parse source map from 'C:\Users\safoo\Desktop\DataArena\node_modules\lucide-react\dist\esm\icons\hand-coins.js.map' file: Error: ENOENT: no such file or directory, open 'C:\Users\safoo\Desktop\DataArena\node_modules\lucide-react\dist\esm\icons\hand-coins.js.map'

Failed to parse source map from 'C:\Users\safoo\Desktop\DataArena\node_modules\lucide-react\dist\esm\icons\hand-fist.js.map' file: Error: ENOENT: no such file or directory, open 'C:\Users\safoo\Desktop\DataArena\node_modules\lucide-react\dist\esm\icons\hand-fist.js.map'

Failed to parse source map from 'C:\Users\safoo\Desktop\DataArena\node_modules\lucide-react\dist\esm\icons\hand-grab.js.map' file: Error: ENOENT: no such file or directory, open 'C:\Users\safoo\Desktop\DataArena\node_modules\lucide-react\dist\esm\icons\hand-grab.js.map'

Failed to parse source map from 'C:\Users\safoo\Desktop\DataArena\node_modules\lucide-react\dist\esm\icons\hand-heart.js.map' file: Error: ENOENT: no such file or directory, open 'C:\Users\safoo\Desktop\DataArena\node_modules\lucide-react\dist\esm\icons\hand-heart.js.map'

Failed to parse source map from 'C:\Users\safoo\Desktop\DataArena\node_modules\lucide-react\dist\esm\icons\hand-helping.js.map' file: Error: ENOENT: no such file or directory, open 'C:\Users\safoo\Desktop\DataArena\node_modules\lucide-react\dist\esm\icons\hand-helping.js.map'

Failed to parse source map from 'C:\Users\safoo\Desktop\DataArena\node_modules\lucide-react\dist\esm\icons\hand-metal.js.map' file: Error: ENOENT: no such file or directory, open 'C:\Users\safoo\Desktop\DataArena\node_modules\lucide-react\dist\esm\icons\hand-metal.js.map'

Failed to parse source map from 'C:\Users\safoo\Desktop\DataArena\node_modules\lucide-react\dist\esm\icons\hand-platter.js.map' file: Error: ENOENT: no such file or directory, open 'C:\Users\safoo\Desktop\DataArena\node_modules\lucide-react\dist\esm\icons\hand-platter.js.map'

Failed to parse source map from 'C:\Users\safoo\Desktop\DataArena\node_modules\lucide-react\dist\esm\icons\hand.js.map' file: Error: ENOENT: no such file or directory, open 'C:\Users\safoo\Desktop\DataArena\node_modules\lucide-react\dist\esm\icons\hand.js.map'

Failed to parse source map from 'C:\Users\safoo\Desktop\DataArena\node_modules\lucide-react\dist\esm\icons\handbag.js.map' file: Error: ENOENT: no such file or directory, open 'C:\Users\safoo\Desktop\DataArena\node_modules\lucide-react\dist\esm\icons\handbag.js.map'

Failed to parse source map from 'C:\Users\safoo\Desktop\DataArena\node_modules\lucide-react\dist\esm\icons\handshake.js.map' file: Error: ENOENT: no such file or directory, open 'C:\Users\safoo\Desktop\DataArena\node_modules\lucide-react\dist\esm\icons\handshake.js.map'

Failed to parse source map from 'C:\Users\safoo\Desktop\DataArena\node_modules\lucide-react\dist\esm\icons\hard-drive-download.js.map' file: Error: ENOENT: no such file or directory, open 'C:\Users\safoo\Desktop\DataArena\node_modules\lucide-react\dist\esm\icons\hard-drive-download.js.map'

Failed to parse source map from 'C:\Users\safoo\Desktop\DataArena\node_modules\lucide-react\dist\esm\icons\hard-drive-upload.js.map' file: Error: ENOENT: no such file or directory, open 'C:\Users\safoo\Desktop\DataArena\node_modules\lucide-react\dist\esm\icons\hard-drive-upload.js.map'

Failed to parse source map from 'C:\Users\safoo\Desktop\DataArena\node_modules\lucide-react\dist\esm\icons\hard-drive.js.map' file: Error: ENOENT: no such file or directory, open 'C:\Users\safoo\Desktop\DataArena\node_modules\lucide-react\dist\esm\icons\hard-drive.js.map'

Failed to parse source map from 'C:\Users\safoo\Desktop\DataArena\node_modules\lucide-react\dist\esm\icons\hard-hat.js.map' file: Error: ENOENT: no such file or directory, open 'C:\Users\safoo\Desktop\DataArena\node_modules\lucide-react\dist\esm\icons\hard-hat.js.map'

Failed to parse source map from 'C:\Users\safoo\Desktop\DataArena\node_modules\lucide-react\dist\esm\icons\hash.js.map' file: Error: ENOENT: no such file or directory, open 'C:\Users\safoo\Desktop\DataArena\node_modules\lucide-react\dist\esm\icons\hash.js.map'

Failed to parse source map from 'C:\Users\safoo\Desktop\DataArena\node_modules\lucide-react\dist\esm\icons\hat-glasses.js.map' file: Error: ENOENT: no such file or directory, open 'C:\Users\safoo\Desktop\DataArena\node_modules\lucide-react\dist\esm\icons\hat-glasses.js.map'

Failed to parse source map from 'C:\Users\safoo\Desktop\DataArena\node_modules\lucide-react\dist\esm\icons\haze.js.map' file: Error: ENOENT: no such file or directory, open 'C:\Users\safoo\Desktop\DataArena\node_modules\lucide-react\dist\esm\icons\haze.js.map'

Failed to parse source map from 'C:\Users\safoo\Desktop\DataArena\node_modules\lucide-react\dist\esm\icons\hd.js.map' file: Error: ENOENT: no such file or directory, open 'C:\Users\safoo\Desktop\DataArena\node_modules\lucide-react\dist\esm\icons\hd.js.map'

Failed to parse source map from 'C:\Users\safoo\Desktop\DataArena\node_modules\lucide-react\dist\esm\icons\hdmi-port.js.map' file: Error: ENOENT: no such file or directory, open 'C:\Users\safoo\Desktop\DataArena\node_modules\lucide-react\dist\esm\icons\hdmi-port.js.map'

Failed to parse source map from 'C:\Users\safoo\Desktop\DataArena\node_modules\lucide-react\dist\esm\icons\heading-1.js.map' file: Error: ENOENT: no such file or directory, open 'C:\Users\safoo\Desktop\DataArena\node_modules\lucide-react\dist\esm\icons\heading-1.js.map'

Failed to parse source map from 'C:\Users\safoo\Desktop\DataArena\node_modules\lucide-react\dist\esm\icons\heading-2.js.map' file: Error: ENOENT: no such file or directory, open 'C:\Users\safoo\Desktop\DataArena\node_modules\lucide-react\dist\esm\icons\heading-2.js.map'

Failed to parse source map from 'C:\Users\safoo\Desktop\DataArena\node_modules\lucide-react\dist\esm\icons\heading-3.js.map' file: Error: ENOENT: no such file or directory, open 'C:\Users\safoo\Desktop\DataArena\node_modules\lucide-react\dist\esm\icons\heading-3.js.map'

Failed to parse source map from 'C:\Users\safoo\Desktop\DataArena\node_modules\lucide-react\dist\esm\icons\heading-4.js.map' file: Error: ENOENT: no such file or directory, open 'C:\Users\safoo\Desktop\DataArena\node_modules\lucide-react\dist\esm\icons\heading-4.js.map'

Failed to parse source map from 'C:\Users\safoo\Desktop\DataArena\node_modules\lucide-react\dist\esm\icons\heading-5.js.map' file: Error: ENOENT: no such file or directory, open 'C:\Users\safoo\Desktop\DataArena\node_modules\lucide-react\dist\esm\icons\heading-5.js.map'

Failed to parse source map from 'C:\Users\safoo\Desktop\DataArena\node_modules\lucide-react\dist\esm\icons\heading-6.js.map' file: Error: ENOENT: no such file or directory, open 'C:\Users\safoo\Desktop\DataArena\node_modules\lucide-react\dist\esm\icons\heading-6.js.map'

Failed to parse source map from 'C:\Users\safoo\Desktop\DataArena\node_modules\lucide-react\dist\esm\icons\heading.js.map' file: Error: ENOENT: no such file or directory, open 'C:\Users\safoo\Desktop\DataArena\node_modules\lucide-react\dist\esm\icons\heading.js.map'

Failed to parse source map from 'C:\Users\safoo\Desktop\DataArena\node_modules\lucide-react\dist\esm\icons\headphone-off.js.map' file: Error: ENOENT: no such file or directory, open 'C:\Users\safoo\Desktop\DataArena\node_modules\lucide-react\dist\esm\icons\headphone-off.js.map'

Failed to parse source map from 'C:\Users\safoo\Desktop\DataArena\node_modules\lucide-react\dist\esm\icons\headphones.js.map' file: Error: ENOENT: no such file or directory, open 'C:\Users\safoo\Desktop\DataArena\node_modules\lucide-react\dist\esm\icons\headphones.js.map'

Failed to parse source map from 'C:\Users\safoo\Desktop\DataArena\node_modules\lucide-react\dist\esm\icons\headset.js.map' file: Error: ENOENT: no such file or directory, open 'C:\Users\safoo\Desktop\DataArena\node_modules\lucide-react\dist\esm\icons\headset.js.map'

Failed to parse source map from 'C:\Users\safoo\Desktop\DataArena\node_modules\lucide-react\dist\esm\icons\heart-crack.js.map' file: Error: ENOENT: no such file or directory, open 'C:\Users\safoo\Desktop\DataArena\node_modules\lucide-react\dist\esm\icons\heart-crack.js.map'

Failed to parse source map from 'C:\Users\safoo\Desktop\DataArena\node_modules\lucide-react\dist\esm\icons\heart-handshake.js.map' file: Error: ENOENT: no such file or directory, open 'C:\Users\safoo\Desktop\DataArena\node_modules\lucide-react\dist\esm\icons\heart-handshake.js.map'

Failed to parse source map from 'C:\Users\safoo\Desktop\DataArena\node_modules\lucide-react\dist\esm\icons\heart-minus.js.map' file: Error: ENOENT: no such file or directory, open 'C:\Users\safoo\Desktop\DataArena\node_modules\lucide-react\dist\esm\icons\heart-minus.js.map'

Failed to parse source map from 'C:\Users\safoo\Desktop\DataArena\node_modules\lucide-react\dist\esm\icons\heart-off.js.map' file: Error: ENOENT: no such file or directory, open 'C:\Users\safoo\Desktop\DataArena\node_modules\lucide-react\dist\esm\icons\heart-off.js.map'

Failed to parse source map from 'C:\Users\safoo\Desktop\DataArena\node_modules\lucide-react\dist\esm\icons\heart-plus.js.map' file: Error: ENOENT: no such file or directory, open 'C:\Users\safoo\Desktop\DataArena\node_modules\lucide-react\dist\esm\icons\heart-plus.js.map'

Failed to parse source map from 'C:\Users\safoo\Desktop\DataArena\node_modules\lucide-react\dist\esm\icons\heart-pulse.js.map' file: Error: ENOENT: no such file or directory, open 'C:\Users\safoo\Desktop\DataArena\node_modules\lucide-react\dist\esm\icons\heart-pulse.js.map'

Failed to parse source map from 'C:\Users\safoo\Desktop\DataArena\node_modules\lucide-react\dist\esm\icons\heart.js.map' file: Error: ENOENT: no such file or directory, open 'C:\Users\safoo\Desktop\DataArena\node_modules\lucide-react\dist\esm\icons\heart.js.map'

Failed to parse source map from 'C:\Users\safoo\Desktop\DataArena\node_modules\lucide-react\dist\esm\icons\heater.js.map' file: Error: ENOENT: no such file or directory, open 'C:\Users\safoo\Desktop\DataArena\node_modules\lucide-react\dist\esm\icons\heater.js.map'

Failed to parse source map from 'C:\Users\safoo\Desktop\DataArena\node_modules\lucide-react\dist\esm\icons\helicopter.js.map' file: Error: ENOENT: no such file or directory, open 'C:\Users\safoo\Desktop\DataArena\node_modules\lucide-react\dist\esm\icons\helicopter.js.map'

Failed to parse source map from 'C:\Users\safoo\Desktop\DataArena\node_modules\lucide-react\dist\esm\icons\hexagon.js.map' file: Error: ENOENT: no such file or directory, open 'C:\Users\safoo\Desktop\DataArena\node_modules\lucide-react\dist\esm\icons\hexagon.js.map'

Failed to parse source map from 'C:\Users\safoo\Desktop\DataArena\node_modules\lucide-react\dist\esm\icons\highlighter.js.map' file: Error: ENOENT: no such file or directory, open 'C:\Users\safoo\Desktop\DataArena\node_modules\lucide-react\dist\esm\icons\highlighter.js.map'

Failed to parse source map from 'C:\Users\safoo\Desktop\DataArena\node_modules\lucide-react\dist\esm\icons\history.js.map' file: Error: ENOENT: no such file or directory, open 'C:\Users\safoo\Desktop\DataArena\node_modules\lucide-react\dist\esm\icons\history.js.map'

Failed to parse source map from 'C:\Users\safoo\Desktop\DataArena\node_modules\lucide-react\dist\esm\icons\hop-off.js.map' file: Error: ENOENT: no such file or directory, open 'C:\Users\safoo\Desktop\DataArena\node_modules\lucide-react\dist\esm\icons\hop-off.js.map'

Failed to parse source map from 'C:\Users\safoo\Desktop\DataArena\node_modules\lucide-react\dist\esm\icons\hop.js.map' file: Error: ENOENT: no such file or directory, open 'C:\Users\safoo\Desktop\DataArena\node_modules\lucide-react\dist\esm\icons\hop.js.map'

Failed to parse source map from 'C:\Users\safoo\Desktop\DataArena\node_modules\lucide-react\dist\esm\icons\hospital.js.map' file: Error: ENOENT: no such file or directory, open 'C:\Users\safoo\Desktop\DataArena\node_modules\lucide-react\dist\esm\icons\hospital.js.map'

Failed to parse source map from 'C:\Users\safoo\Desktop\DataArena\node_modules\lucide-react\dist\esm\icons\hotel.js.map' file: Error: ENOENT: no such file or directory, open 'C:\Users\safoo\Desktop\DataArena\node_modules\lucide-react\dist\esm\icons\hotel.js.map'

Failed to parse source map from 'C:\Users\safoo\Desktop\DataArena\node_modules\lucide-react\dist\esm\icons\hourglass.js.map' file: Error: ENOENT: no such file or directory, open 'C:\Users\safoo\Desktop\DataArena\node_modules\lucide-react\dist\esm\icons\hourglass.js.map'

Failed to parse source map from 'C:\Users\safoo\Desktop\DataArena\node_modules\lucide-react\dist\esm\icons\house-heart.js.map' file: Error: ENOENT: no such file or directory, open 'C:\Users\safoo\Desktop\DataArena\node_modules\lucide-react\dist\esm\icons\house-heart.js.map'

Failed to parse source map from 'C:\Users\safoo\Desktop\DataArena\node_modules\lucide-react\dist\esm\icons\house-plug.js.map' file: Error: ENOENT: no such file or directory, open 'C:\Users\safoo\Desktop\DataArena\node_modules\lucide-react\dist\esm\icons\house-plug.js.map'

Failed to parse source map from 'C:\Users\safoo\Desktop\DataArena\node_modules\lucide-react\dist\esm\icons\house-plus.js.map' file: Error: ENOENT: no such file or directory, open 'C:\Users\safoo\Desktop\DataArena\node_modules\lucide-react\dist\esm\icons\house-plus.js.map'

Failed to parse source map from 'C:\Users\safoo\Desktop\DataArena\node_modules\lucide-react\dist\esm\icons\house-wifi.js.map' file: Error: ENOENT: no such file or directory, open 'C:\Users\safoo\Desktop\DataArena\node_modules\lucide-react\dist\esm\icons\house-wifi.js.map'

Failed to parse source map from 'C:\Users\safoo\Desktop\DataArena\node_modules\lucide-react\dist\esm\icons\house.js.map' file: Error: ENOENT: no such file or directory, open 'C:\Users\safoo\Desktop\DataArena\node_modules\lucide-react\dist\esm\icons\house.js.map'

Failed to parse source map from 'C:\Users\safoo\Desktop\DataArena\node_modules\lucide-react\dist\esm\icons\ice-cream-bowl.js.map' file: Error: ENOENT: no such file or directory, open 'C:\Users\safoo\Desktop\DataArena\node_modules\lucide-react\dist\esm\icons\ice-cream-bowl.js.map'

Failed to parse source map from 'C:\Users\safoo\Desktop\DataArena\node_modules\lucide-react\dist\esm\icons\ice-cream-cone.js.map' file: Error: ENOENT: no such file or directory, open 'C:\Users\safoo\Desktop\DataArena\node_modules\lucide-react\dist\esm\icons\ice-cream-cone.js.map'

Failed to parse source map from 'C:\Users\safoo\Desktop\DataArena\node_modules\lucide-react\dist\esm\icons\id-card-lanyard.js.map' file: Error: ENOENT: no such file or directory, open 'C:\Users\safoo\Desktop\DataArena\node_modules\lucide-react\dist\esm\icons\id-card-lanyard.js.map'

Failed to parse source map from 'C:\Users\safoo\Desktop\DataArena\node_modules\lucide-react\dist\esm\icons\id-card.js.map' file: Error: ENOENT: no such file or directory, open 'C:\Users\safoo\Desktop\DataArena\node_modules\lucide-react\dist\esm\icons\id-card.js.map'

Failed to parse source map from 'C:\Users\safoo\Desktop\DataArena\node_modules\lucide-react\dist\esm\icons\image-down.js.map' file: Error: ENOENT: no such file or directory, open 'C:\Users\safoo\Desktop\DataArena\node_modules\lucide-react\dist\esm\icons\image-down.js.map'

Failed to parse source map from 'C:\Users\safoo\Desktop\DataArena\node_modules\lucide-react\dist\esm\icons\image-minus.js.map' file: Error: ENOENT: no such file or directory, open 'C:\Users\safoo\Desktop\DataArena\node_modules\lucide-react\dist\esm\icons\image-minus.js.map'

Failed to parse source map from 'C:\Users\safoo\Desktop\DataArena\node_modules\lucide-react\dist\esm\icons\image-off.js.map' file: Error: ENOENT: no such file or directory, open 'C:\Users\safoo\Desktop\DataArena\node_modules\lucide-react\dist\esm\icons\image-off.js.map'

Failed to parse source map from 'C:\Users\safoo\Desktop\DataArena\node_modules\lucide-react\dist\esm\icons\image-play.js.map' file: Error: ENOENT: no such file or directory, open 'C:\Users\safoo\Desktop\DataArena\node_modules\lucide-react\dist\esm\icons\image-play.js.map'

Failed to parse source map from 'C:\Users\safoo\Desktop\DataArena\node_modules\lucide-react\dist\esm\icons\image-plus.js.map' file: Error: ENOENT: no such file or directory, open 'C:\Users\safoo\Desktop\DataArena\node_modules\lucide-react\dist\esm\icons\image-plus.js.map'

Failed to parse source map from 'C:\Users\safoo\Desktop\DataArena\node_modules\lucide-react\dist\esm\icons\image-up.js.map' file: Error: ENOENT: no such file or directory, open 'C:\Users\safoo\Desktop\DataArena\node_modules\lucide-react\dist\esm\icons\image-up.js.map'

Failed to parse source map from 'C:\Users\safoo\Desktop\DataArena\node_modules\lucide-react\dist\esm\icons\image-upscale.js.map' file: Error: ENOENT: no such file or directory, open 'C:\Users\safoo\Desktop\DataArena\node_modules\lucide-react\dist\esm\icons\image-upscale.js.map'

Failed to parse source map from 'C:\Users\safoo\Desktop\DataArena\node_modules\lucide-react\dist\esm\icons\image.js.map' file: Error: ENOENT: no such file or directory, open 'C:\Users\safoo\Desktop\DataArena\node_modules\lucide-react\dist\esm\icons\image.js.map'

Failed to parse source map from 'C:\Users\safoo\Desktop\DataArena\node_modules\lucide-react\dist\esm\icons\images.js.map' file: Error: ENOENT: no such file or directory, open 'C:\Users\safoo\Desktop\DataArena\node_modules\lucide-react\dist\esm\icons\images.js.map'

Failed to parse source map from 'C:\Users\safoo\Desktop\DataArena\node_modules\lucide-react\dist\esm\icons\import.js.map' file: Error: ENOENT: no such file or directory, open 'C:\Users\safoo\Desktop\DataArena\node_modules\lucide-react\dist\esm\icons\import.js.map'

Failed to parse source map from 'C:\Users\safoo\Desktop\DataArena\node_modules\lucide-react\dist\esm\icons\inbox.js.map' file: Error: ENOENT: no such file or directory, open 'C:\Users\safoo\Desktop\DataArena\node_modules\lucide-react\dist\esm\icons\inbox.js.map'

Failed to parse source map from 'C:\Users\safoo\Desktop\DataArena\node_modules\lucide-react\dist\esm\icons\index.js.map' file: Error: ENOENT: no such file or directory, open 'C:\Users\safoo\Desktop\DataArena\node_modules\lucide-react\dist\esm\icons\index.js.map'

Failed to parse source map from 'C:\Users\safoo\Desktop\DataArena\node_modules\lucide-react\dist\esm\icons\indian-rupee.js.map' file: Error: ENOENT: no such file or directory, open 'C:\Users\safoo\Desktop\DataArena\node_modules\lucide-react\dist\esm\icons\indian-rupee.js.map'

Failed to parse source map from 'C:\Users\safoo\Desktop\DataArena\node_modules\lucide-react\dist\esm\icons\infinity.js.map' file: Error: ENOENT: no such file or directory, open 'C:\Users\safoo\Desktop\DataArena\node_modules\lucide-react\dist\esm\icons\infinity.js.map'

Failed to parse source map from 'C:\Users\safoo\Desktop\DataArena\node_modules\lucide-react\dist\esm\icons\info.js.map' file: Error: ENOENT: no such file or directory, open 'C:\Users\safoo\Desktop\DataArena\node_modules\lucide-react\dist\esm\icons\info.js.map'

Failed to parse source map from 'C:\Users\safoo\Desktop\DataArena\node_modules\lucide-react\dist\esm\icons\inspection-panel.js.map' file: Error: ENOENT: no such file or directory, open 'C:\Users\safoo\Desktop\DataArena\node_modules\lucide-react\dist\esm\icons\inspection-panel.js.map'

Failed to parse source map from 'C:\Users\safoo\Desktop\DataArena\node_modules\lucide-react\dist\esm\icons\instagram.js.map' file: Error: ENOENT: no such file or directory, open 'C:\Users\safoo\Desktop\DataArena\node_modules\lucide-react\dist\esm\icons\instagram.js.map'

Failed to parse source map from 'C:\Users\safoo\Desktop\DataArena\node_modules\lucide-react\dist\esm\icons\italic.js.map' file: Error: ENOENT: no such file or directory, open 'C:\Users\safoo\Desktop\DataArena\node_modules\lucide-react\dist\esm\icons\italic.js.map'

Failed to parse source map from 'C:\Users\safoo\Desktop\DataArena\node_modules\lucide-react\dist\esm\icons\iteration-ccw.js.map' file: Error: ENOENT: no such file or directory, open 'C:\Users\safoo\Desktop\DataArena\node_modules\lucide-react\dist\esm\icons\iteration-ccw.js.map'

Failed to parse source map from 'C:\Users\safoo\Desktop\DataArena\node_modules\lucide-react\dist\esm\icons\iteration-cw.js.map' file: Error: ENOENT: no such file or directory, open 'C:\Users\safoo\Desktop\DataArena\node_modules\lucide-react\dist\esm\icons\iteration-cw.js.map'

Failed to parse source map from 'C:\Users\safoo\Desktop\DataArena\node_modules\lucide-react\dist\esm\icons\japanese-yen.js.map' file: Error: ENOENT: no such file or directory, open 'C:\Users\safoo\Desktop\DataArena\node_modules\lucide-react\dist\esm\icons\japanese-yen.js.map'

Failed to parse source map from 'C:\Users\safoo\Desktop\DataArena\node_modules\lucide-react\dist\esm\icons\joystick.js.map' file: Error: ENOENT: no such file or directory, open 'C:\Users\safoo\Desktop\DataArena\node_modules\lucide-react\dist\esm\icons\joystick.js.map'

Failed to parse source map from 'C:\Users\safoo\Desktop\DataArena\node_modules\lucide-react\dist\esm\icons\kanban.js.map' file: Error: ENOENT: no such file or directory, open 'C:\Users\safoo\Desktop\DataArena\node_modules\lucide-react\dist\esm\icons\kanban.js.map'

Failed to parse source map from 'C:\Users\safoo\Desktop\DataArena\node_modules\lucide-react\dist\esm\icons\kayak.js.map' file: Error: ENOENT: no such file or directory, open 'C:\Users\safoo\Desktop\DataArena\node_modules\lucide-react\dist\esm\icons\kayak.js.map'

Failed to parse source map from 'C:\Users\safoo\Desktop\DataArena\node_modules\lucide-react\dist\esm\icons\key-round.js.map' file: Error: ENOENT: no such file or directory, open 'C:\Users\safoo\Desktop\DataArena\node_modules\lucide-react\dist\esm\icons\key-round.js.map'

Failed to parse source map from 'C:\Users\safoo\Desktop\DataArena\node_modules\lucide-react\dist\esm\icons\key-square.js.map' file: Error: ENOENT: no such file or directory, open 'C:\Users\safoo\Desktop\DataArena\node_modules\lucide-react\dist\esm\icons\key-square.js.map'

Failed to parse source map from 'C:\Users\safoo\Desktop\DataArena\node_modules\lucide-react\dist\esm\icons\key.js.map' file: Error: ENOENT: no such file or directory, open 'C:\Users\safoo\Desktop\DataArena\node_modules\lucide-react\dist\esm\icons\key.js.map'

Failed to parse source map from 'C:\Users\safoo\Desktop\DataArena\node_modules\lucide-react\dist\esm\icons\keyboard-music.js.map' file: Error: ENOENT: no such file or directory, open 'C:\Users\safoo\Desktop\DataArena\node_modules\lucide-react\dist\esm\icons\keyboard-music.js.map'

Failed to parse source map from 'C:\Users\safoo\Desktop\DataArena\node_modules\lucide-react\dist\esm\icons\keyboard-off.js.map' file: Error: ENOENT: no such file or directory, open 'C:\Users\safoo\Desktop\DataArena\node_modules\lucide-react\dist\esm\icons\keyboard-off.js.map'

Failed to parse source map from 'C:\Users\safoo\Desktop\DataArena\node_modules\lucide-react\dist\esm\icons\keyboard.js.map' file: Error: ENOENT: no such file or directory, open 'C:\Users\safoo\Desktop\DataArena\node_modules\lucide-react\dist\esm\icons\keyboard.js.map'

Failed to parse source map from 'C:\Users\safoo\Desktop\DataArena\node_modules\lucide-react\dist\esm\icons\lamp-ceiling.js.map' file: Error: ENOENT: no such file or directory, open 'C:\Users\safoo\Desktop\DataArena\node_modules\lucide-react\dist\esm\icons\lamp-ceiling.js.map'

Failed to parse source map from 'C:\Users\safoo\Desktop\DataArena\node_modules\lucide-react\dist\esm\icons\lamp-desk.js.map' file: Error: ENOENT: no such file or directory, open 'C:\Users\safoo\Desktop\DataArena\node_modules\lucide-react\dist\esm\icons\lamp-desk.js.map'

Failed to parse source map from 'C:\Users\safoo\Desktop\DataArena\node_modules\lucide-react\dist\esm\icons\lamp-floor.js.map' file: Error: ENOENT: no such file or directory, open 'C:\Users\safoo\Desktop\DataArena\node_modules\lucide-react\dist\esm\icons\lamp-floor.js.map'

Failed to parse source map from 'C:\Users\safoo\Desktop\DataArena\node_modules\lucide-react\dist\esm\icons\lamp-wall-down.js.map' file: Error: ENOENT: no such file or directory, open 'C:\Users\safoo\Desktop\DataArena\node_modules\lucide-react\dist\esm\icons\lamp-wall-down.js.map'

Failed to parse source map from 'C:\Users\safoo\Desktop\DataArena\node_modules\lucide-react\dist\esm\icons\lamp-wall-up.js.map' file: Error: ENOENT: no such file or directory, open 'C:\Users\safoo\Desktop\DataArena\node_modules\lucide-react\dist\esm\icons\lamp-wall-up.js.map'

Failed to parse source map from 'C:\Users\safoo\Desktop\DataArena\node_modules\lucide-react\dist\esm\icons\lamp.js.map' file: Error: ENOENT: no such file or directory, open 'C:\Users\safoo\Desktop\DataArena\node_modules\lucide-react\dist\esm\icons\lamp.js.map'

Failed to parse source map from 'C:\Users\safoo\Desktop\DataArena\node_modules\lucide-react\dist\esm\icons\land-plot.js.map' file: Error: ENOENT: no such file or directory, open 'C:\Users\safoo\Desktop\DataArena\node_modules\lucide-react\dist\esm\icons\land-plot.js.map'

Failed to parse source map from 'C:\Users\safoo\Desktop\DataArena\node_modules\lucide-react\dist\esm\icons\landmark.js.map' file: Error: ENOENT: no such file or directory, open 'C:\Users\safoo\Desktop\DataArena\node_modules\lucide-react\dist\esm\icons\landmark.js.map'

Failed to parse source map from 'C:\Users\safoo\Desktop\DataArena\node_modules\lucide-react\dist\esm\icons\languages.js.map' file: Error: ENOENT: no such file or directory, open 'C:\Users\safoo\Desktop\DataArena\node_modules\lucide-react\dist\esm\icons\languages.js.map'

Failed to parse source map from 'C:\Users\safoo\Desktop\DataArena\node_modules\lucide-react\dist\esm\icons\laptop-minimal-check.js.map' file: Error: ENOENT: no such file or directory, open 'C:\Users\safoo\Desktop\DataArena\node_modules\lucide-react\dist\esm\icons\laptop-minimal-check.js.map'

Failed to parse source map from 'C:\Users\safoo\Desktop\DataArena\node_modules\lucide-react\dist\esm\icons\laptop-minimal.js.map' file: Error: ENOENT: no such file or directory, open 'C:\Users\safoo\Desktop\DataArena\node_modules\lucide-react\dist\esm\icons\laptop-minimal.js.map'

Failed to parse source map from 'C:\Users\safoo\Desktop\DataArena\node_modules\lucide-react\dist\esm\icons\laptop.js.map' file: Error: ENOENT: no such file or directory, open 'C:\Users\safoo\Desktop\DataArena\node_modules\lucide-react\dist\esm\icons\laptop.js.map'

Failed to parse source map from 'C:\Users\safoo\Desktop\DataArena\node_modules\lucide-react\dist\esm\icons\lasso-select.js.map' file: Error: ENOENT: no such file or directory, open 'C:\Users\safoo\Desktop\DataArena\node_modules\lucide-react\dist\esm\icons\lasso-select.js.map'

Failed to parse source map from 'C:\Users\safoo\Desktop\DataArena\node_modules\lucide-react\dist\esm\icons\lasso.js.map' file: Error: ENOENT: no such file or directory, open 'C:\Users\safoo\Desktop\DataArena\node_modules\lucide-react\dist\esm\icons\lasso.js.map'

Failed to parse source map from 'C:\Users\safoo\Desktop\DataArena\node_modules\lucide-react\dist\esm\icons\laugh.js.map' file: Error: ENOENT: no such file or directory, open 'C:\Users\safoo\Desktop\DataArena\node_modules\lucide-react\dist\esm\icons\laugh.js.map'

Failed to parse source map from 'C:\Users\safoo\Desktop\DataArena\node_modules\lucide-react\dist\esm\icons\layers-plus.js.map' file: Error: ENOENT: no such file or directory, open 'C:\Users\safoo\Desktop\DataArena\node_modules\lucide-react\dist\esm\icons\layers-plus.js.map'

Failed to parse source map from 'C:\Users\safoo\Desktop\DataArena\node_modules\lucide-react\dist\esm\icons\layers-2.js.map' file: Error: ENOENT: no such file or directory, open 'C:\Users\safoo\Desktop\DataArena\node_modules\lucide-react\dist\esm\icons\layers-2.js.map'

Failed to parse source map from 'C:\Users\safoo\Desktop\DataArena\node_modules\lucide-react\dist\esm\icons\layers.js.map' file: Error: ENOENT: no such file or directory, open 'C:\Users\safoo\Desktop\DataArena\node_modules\lucide-react\dist\esm\icons\layers.js.map'

Failed to parse source map from 'C:\Users\safoo\Desktop\DataArena\node_modules\lucide-react\dist\esm\icons\layout-dashboard.js.map' file: Error: ENOENT: no such file or directory, open 'C:\Users\safoo\Desktop\DataArena\node_modules\lucide-react\dist\esm\icons\layout-dashboard.js.map'

Failed to parse source map from 'C:\Users\safoo\Desktop\DataArena\node_modules\lucide-react\dist\esm\icons\layout-grid.js.map' file: Error: ENOENT: no such file or directory, open 'C:\Users\safoo\Desktop\DataArena\node_modules\lucide-react\dist\esm\icons\layout-grid.js.map'

Failed to parse source map from 'C:\Users\safoo\Desktop\DataArena\node_modules\lucide-react\dist\esm\icons\layout-list.js.map' file: Error: ENOENT: no such file or directory, open 'C:\Users\safoo\Desktop\DataArena\node_modules\lucide-react\dist\esm\icons\layout-list.js.map'

Failed to parse source map from 'C:\Users\safoo\Desktop\DataArena\node_modules\lucide-react\dist\esm\icons\layout-panel-left.js.map' file: Error: ENOENT: no such file or directory, open 'C:\Users\safoo\Desktop\DataArena\node_modules\lucide-react\dist\esm\icons\layout-panel-left.js.map'

Failed to parse source map from 'C:\Users\safoo\Desktop\DataArena\node_modules\lucide-react\dist\esm\icons\layout-panel-top.js.map' file: Error: ENOENT: no such file or directory, open 'C:\Users\safoo\Desktop\DataArena\node_modules\lucide-react\dist\esm\icons\layout-panel-top.js.map'

Failed to parse source map from 'C:\Users\safoo\Desktop\DataArena\node_modules\lucide-react\dist\esm\icons\layout-template.js.map' file: Error: ENOENT: no such file or directory, open 'C:\Users\safoo\Desktop\DataArena\node_modules\lucide-react\dist\esm\icons\layout-template.js.map'

Failed to parse source map from 'C:\Users\safoo\Desktop\DataArena\node_modules\lucide-react\dist\esm\icons\leaf.js.map' file: Error: ENOENT: no such file or directory, open 'C:\Users\safoo\Desktop\DataArena\node_modules\lucide-react\dist\esm\icons\leaf.js.map'

Failed to parse source map from 'C:\Users\safoo\Desktop\DataArena\node_modules\lucide-react\dist\esm\icons\leafy-green.js.map' file: Error: ENOENT: no such file or directory, open 'C:\Users\safoo\Desktop\DataArena\node_modules\lucide-react\dist\esm\icons\leafy-green.js.map'

Failed to parse source map from 'C:\Users\safoo\Desktop\DataArena\node_modules\lucide-react\dist\esm\icons\lectern.js.map' file: Error: ENOENT: no such file or directory, open 'C:\Users\safoo\Desktop\DataArena\node_modules\lucide-react\dist\esm\icons\lectern.js.map'

Failed to parse source map from 'C:\Users\safoo\Desktop\DataArena\node_modules\lucide-react\dist\esm\icons\library-big.js.map' file: Error: ENOENT: no such file or directory, open 'C:\Users\safoo\Desktop\DataArena\node_modules\lucide-react\dist\esm\icons\library-big.js.map'

Failed to parse source map from 'C:\Users\safoo\Desktop\DataArena\node_modules\lucide-react\dist\esm\icons\library.js.map' file: Error: ENOENT: no such file or directory, open 'C:\Users\safoo\Desktop\DataArena\node_modules\lucide-react\dist\esm\icons\library.js.map'

Failed to parse source map from 'C:\Users\safoo\Desktop\DataArena\node_modules\lucide-react\dist\esm\icons\life-buoy.js.map' file: Error: ENOENT: no such file or directory, open 'C:\Users\safoo\Desktop\DataArena\node_modules\lucide-react\dist\esm\icons\life-buoy.js.map'

Failed to parse source map from 'C:\Users\safoo\Desktop\DataArena\node_modules\lucide-react\dist\esm\icons\ligature.js.map' file: Error: ENOENT: no such file or directory, open 'C:\Users\safoo\Desktop\DataArena\node_modules\lucide-react\dist\esm\icons\ligature.js.map'

Failed to parse source map from 'C:\Users\safoo\Desktop\DataArena\node_modules\lucide-react\dist\esm\icons\lightbulb-off.js.map' file: Error: ENOENT: no such file or directory, open 'C:\Users\safoo\Desktop\DataArena\node_modules\lucide-react\dist\esm\icons\lightbulb-off.js.map'

Failed to parse source map from 'C:\Users\safoo\Desktop\DataArena\node_modules\lucide-react\dist\esm\icons\lightbulb.js.map' file: Error: ENOENT: no such file or directory, open 'C:\Users\safoo\Desktop\DataArena\node_modules\lucide-react\dist\esm\icons\lightbulb.js.map'

Failed to parse source map from 'C:\Users\safoo\Desktop\DataArena\node_modules\lucide-react\dist\esm\icons\line-squiggle.js.map' file: Error: ENOENT: no such file or directory, open 'C:\Users\safoo\Desktop\DataArena\node_modules\lucide-react\dist\esm\icons\line-squiggle.js.map'

Failed to parse source map from 'C:\Users\safoo\Desktop\DataArena\node_modules\lucide-react\dist\esm\icons\link-2-off.js.map' file: Error: ENOENT: no such file or directory, open 'C:\Users\safoo\Desktop\DataArena\node_modules\lucide-react\dist\esm\icons\link-2-off.js.map'

Failed to parse source map from 'C:\Users\safoo\Desktop\DataArena\node_modules\lucide-react\dist\esm\icons\link-2.js.map' file: Error: ENOENT: no such file or directory, open 'C:\Users\safoo\Desktop\DataArena\node_modules\lucide-react\dist\esm\icons\link-2.js.map'

Failed to parse source map from 'C:\Users\safoo\Desktop\DataArena\node_modules\lucide-react\dist\esm\icons\link.js.map' file: Error: ENOENT: no such file or directory, open 'C:\Users\safoo\Desktop\DataArena\node_modules\lucide-react\dist\esm\icons\link.js.map'

Failed to parse source map from 'C:\Users\safoo\Desktop\DataArena\node_modules\lucide-react\dist\esm\icons\linkedin.js.map' file: Error: ENOENT: no such file or directory, open 'C:\Users\safoo\Desktop\DataArena\node_modules\lucide-react\dist\esm\icons\linkedin.js.map'

Failed to parse source map from 'C:\Users\safoo\Desktop\DataArena\node_modules\lucide-react\dist\esm\icons\list-check.js.map' file: Error: ENOENT: no such file or directory, open 'C:\Users\safoo\Desktop\DataArena\node_modules\lucide-react\dist\esm\icons\list-check.js.map'

Failed to parse source map from 'C:\Users\safoo\Desktop\DataArena\node_modules\lucide-react\dist\esm\icons\list-checks.js.map' file: Error: ENOENT: no such file or directory, open 'C:\Users\safoo\Desktop\DataArena\node_modules\lucide-react\dist\esm\icons\list-checks.js.map'

Failed to parse source map from 'C:\Users\safoo\Desktop\DataArena\node_modules\lucide-react\dist\esm\icons\list-chevrons-down-up.js.map' file: Error: ENOENT: no such file or directory, open 'C:\Users\safoo\Desktop\DataArena\node_modules\lucide-react\dist\esm\icons\list-chevrons-down-up.js.map'

Failed to parse source map from 'C:\Users\safoo\Desktop\DataArena\node_modules\lucide-react\dist\esm\icons\list-chevrons-up-down.js.map' file: Error: ENOENT: no such file or directory, open 'C:\Users\safoo\Desktop\DataArena\node_modules\lucide-react\dist\esm\icons\list-chevrons-up-down.js.map'

Failed to parse source map from 'C:\Users\safoo\Desktop\DataArena\node_modules\lucide-react\dist\esm\icons\list-collapse.js.map' file: Error: ENOENT: no such file or directory, open 'C:\Users\safoo\Desktop\DataArena\node_modules\lucide-react\dist\esm\icons\list-collapse.js.map'

Failed to parse source map from 'C:\Users\safoo\Desktop\DataArena\node_modules\lucide-react\dist\esm\icons\list-end.js.map' file: Error: ENOENT: no such file or directory, open 'C:\Users\safoo\Desktop\DataArena\node_modules\lucide-react\dist\esm\icons\list-end.js.map'

Failed to parse source map from 'C:\Users\safoo\Desktop\DataArena\node_modules\lucide-react\dist\esm\icons\list-filter-plus.js.map' file: Error: ENOENT: no such file or directory, open 'C:\Users\safoo\Desktop\DataArena\node_modules\lucide-react\dist\esm\icons\list-filter-plus.js.map'

Failed to parse source map from 'C:\Users\safoo\Desktop\DataArena\node_modules\lucide-react\dist\esm\icons\list-filter.js.map' file: Error: ENOENT: no such file or directory, open 'C:\Users\safoo\Desktop\DataArena\node_modules\lucide-react\dist\esm\icons\list-filter.js.map'

Failed to parse source map from 'C:\Users\safoo\Desktop\DataArena\node_modules\lucide-react\dist\esm\icons\list-indent-decrease.js.map' file: Error: ENOENT: no such file or directory, open 'C:\Users\safoo\Desktop\DataArena\node_modules\lucide-react\dist\esm\icons\list-indent-decrease.js.map'

Failed to parse source map from 'C:\Users\safoo\Desktop\DataArena\node_modules\lucide-react\dist\esm\icons\list-indent-increase.js.map' file: Error: ENOENT: no such file or directory, open 'C:\Users\safoo\Desktop\DataArena\node_modules\lucide-react\dist\esm\icons\list-indent-increase.js.map'

Failed to parse source map from 'C:\Users\safoo\Desktop\DataArena\node_modules\lucide-react\dist\esm\icons\list-minus.js.map' file: Error: ENOENT: no such file or directory, open 'C:\Users\safoo\Desktop\DataArena\node_modules\lucide-react\dist\esm\icons\list-minus.js.map'

Failed to parse source map from 'C:\Users\safoo\Desktop\DataArena\node_modules\lucide-react\dist\esm\icons\list-music.js.map' file: Error: ENOENT: no such file or directory, open 'C:\Users\safoo\Desktop\DataArena\node_modules\lucide-react\dist\esm\icons\list-music.js.map'

Failed to parse source map from 'C:\Users\safoo\Desktop\DataArena\node_modules\lucide-react\dist\esm\icons\list-ordered.js.map' file: Error: ENOENT: no such file or directory, open 'C:\Users\safoo\Desktop\DataArena\node_modules\lucide-react\dist\esm\icons\list-ordered.js.map'

Failed to parse source map from 'C:\Users\safoo\Desktop\DataArena\node_modules\lucide-react\dist\esm\icons\list-plus.js.map' file: Error: ENOENT: no such file or directory, open 'C:\Users\safoo\Desktop\DataArena\node_modules\lucide-react\dist\esm\icons\list-plus.js.map'

Failed to parse source map from 'C:\Users\safoo\Desktop\DataArena\node_modules\lucide-react\dist\esm\icons\list-restart.js.map' file: Error: ENOENT: no such file or directory, open 'C:\Users\safoo\Desktop\DataArena\node_modules\lucide-react\dist\esm\icons\list-restart.js.map'

Failed to parse source map from 'C:\Users\safoo\Desktop\DataArena\node_modules\lucide-react\dist\esm\icons\list-start.js.map' file: Error: ENOENT: no such file or directory, open 'C:\Users\safoo\Desktop\DataArena\node_modules\lucide-react\dist\esm\icons\list-start.js.map'

Failed to parse source map from 'C:\Users\safoo\Desktop\DataArena\node_modules\lucide-react\dist\esm\icons\list-todo.js.map' file: Error: ENOENT: no such file or directory, open 'C:\Users\safoo\Desktop\DataArena\node_modules\lucide-react\dist\esm\icons\list-todo.js.map'

Failed to parse source map from 'C:\Users\safoo\Desktop\DataArena\node_modules\lucide-react\dist\esm\icons\list-tree.js.map' file: Error: ENOENT: no such file or directory, open 'C:\Users\safoo\Desktop\DataArena\node_modules\lucide-react\dist\esm\icons\list-tree.js.map'

Failed to parse source map from 'C:\Users\safoo\Desktop\DataArena\node_modules\lucide-react\dist\esm\icons\list-video.js.map' file: Error: ENOENT: no such file or directory, open 'C:\Users\safoo\Desktop\DataArena\node_modules\lucide-react\dist\esm\icons\list-video.js.map'

Failed to parse source map from 'C:\Users\safoo\Desktop\DataArena\node_modules\lucide-react\dist\esm\icons\list-x.js.map' file: Error: ENOENT: no such file or directory, open 'C:\Users\safoo\Desktop\DataArena\node_modules\lucide-react\dist\esm\icons\list-x.js.map'

Failed to parse source map from 'C:\Users\safoo\Desktop\DataArena\node_modules\lucide-react\dist\esm\icons\list.js.map' file: Error: ENOENT: no such file or directory, open 'C:\Users\safoo\Desktop\DataArena\node_modules\lucide-react\dist\esm\icons\list.js.map'

Failed to parse source map from 'C:\Users\safoo\Desktop\DataArena\node_modules\lucide-react\dist\esm\icons\loader-circle.js.map' file: Error: ENOENT: no such file or directory, open 'C:\Users\safoo\Desktop\DataArena\node_modules\lucide-react\dist\esm\icons\loader-circle.js.map'

Failed to parse source map from 'C:\Users\safoo\Desktop\DataArena\node_modules\lucide-react\dist\esm\icons\loader-pinwheel.js.map' file: Error: ENOENT: no such file or directory, open 'C:\Users\safoo\Desktop\DataArena\node_modules\lucide-react\dist\esm\icons\loader-pinwheel.js.map'

Failed to parse source map from 'C:\Users\safoo\Desktop\DataArena\node_modules\lucide-react\dist\esm\icons\loader.js.map' file: Error: ENOENT: no such file or directory, open 'C:\Users\safoo\Desktop\DataArena\node_modules\lucide-react\dist\esm\icons\loader.js.map'

Failed to parse source map from 'C:\Users\safoo\Desktop\DataArena\node_modules\lucide-react\dist\esm\icons\locate-fixed.js.map' file: Error: ENOENT: no such file or directory, open 'C:\Users\safoo\Desktop\DataArena\node_modules\lucide-react\dist\esm\icons\locate-fixed.js.map'

Failed to parse source map from 'C:\Users\safoo\Desktop\DataArena\node_modules\lucide-react\dist\esm\icons\locate-off.js.map' file: Error: ENOENT: no such file or directory, open 'C:\Users\safoo\Desktop\DataArena\node_modules\lucide-react\dist\esm\icons\locate-off.js.map'

Failed to parse source map from 'C:\Users\safoo\Desktop\DataArena\node_modules\lucide-react\dist\esm\icons\locate.js.map' file: Error: ENOENT: no such file or directory, open 'C:\Users\safoo\Desktop\DataArena\node_modules\lucide-react\dist\esm\icons\locate.js.map'

Failed to parse source map from 'C:\Users\safoo\Desktop\DataArena\node_modules\lucide-react\dist\esm\icons\lock-keyhole-open.js.map' file: Error: ENOENT: no such file or directory, open 'C:\Users\safoo\Desktop\DataArena\node_modules\lucide-react\dist\esm\icons\lock-keyhole-open.js.map'

Failed to parse source map from 'C:\Users\safoo\Desktop\DataArena\node_modules\lucide-react\dist\esm\icons\lock-keyhole.js.map' file: Error: ENOENT: no such file or directory, open 'C:\Users\safoo\Desktop\DataArena\node_modules\lucide-react\dist\esm\icons\lock-keyhole.js.map'

Failed to parse source map from 'C:\Users\safoo\Desktop\DataArena\node_modules\lucide-react\dist\esm\icons\lock-open.js.map' file: Error: ENOENT: no such file or directory, open 'C:\Users\safoo\Desktop\DataArena\node_modules\lucide-react\dist\esm\icons\lock-open.js.map'

Failed to parse source map from 'C:\Users\safoo\Desktop\DataArena\node_modules\lucide-react\dist\esm\icons\lock.js.map' file: Error: ENOENT: no such file or directory, open 'C:\Users\safoo\Desktop\DataArena\node_modules\lucide-react\dist\esm\icons\lock.js.map'

Failed to parse source map from 'C:\Users\safoo\Desktop\DataArena\node_modules\lucide-react\dist\esm\icons\log-in.js.map' file: Error: ENOENT: no such file or directory, open 'C:\Users\safoo\Desktop\DataArena\node_modules\lucide-react\dist\esm\icons\log-in.js.map'

Failed to parse source map from 'C:\Users\safoo\Desktop\DataArena\node_modules\lucide-react\dist\esm\icons\log-out.js.map' file: Error: ENOENT: no such file or directory, open 'C:\Users\safoo\Desktop\DataArena\node_modules\lucide-react\dist\esm\icons\log-out.js.map'

Failed to parse source map from 'C:\Users\safoo\Desktop\DataArena\node_modules\lucide-react\dist\esm\icons\logs.js.map' file: Error: ENOENT: no such file or directory, open 'C:\Users\safoo\Desktop\DataArena\node_modules\lucide-react\dist\esm\icons\logs.js.map'

Failed to parse source map from 'C:\Users\safoo\Desktop\DataArena\node_modules\lucide-react\dist\esm\icons\lollipop.js.map' file: Error: ENOENT: no such file or directory, open 'C:\Users\safoo\Desktop\DataArena\node_modules\lucide-react\dist\esm\icons\lollipop.js.map'

Failed to parse source map from 'C:\Users\safoo\Desktop\DataArena\node_modules\lucide-react\dist\esm\icons\luggage.js.map' file: Error: ENOENT: no such file or directory, open 'C:\Users\safoo\Desktop\DataArena\node_modules\lucide-react\dist\esm\icons\luggage.js.map'

Failed to parse source map from 'C:\Users\safoo\Desktop\DataArena\node_modules\lucide-react\dist\esm\icons\magnet.js.map' file: Error: ENOENT: no such file or directory, open 'C:\Users\safoo\Desktop\DataArena\node_modules\lucide-react\dist\esm\icons\magnet.js.map'

Failed to parse source map from 'C:\Users\safoo\Desktop\DataArena\node_modules\lucide-react\dist\esm\icons\mail-check.js.map' file: Error: ENOENT: no such file or directory, open 'C:\Users\safoo\Desktop\DataArena\node_modules\lucide-react\dist\esm\icons\mail-check.js.map'

Failed to parse source map from 'C:\Users\safoo\Desktop\DataArena\node_modules\lucide-react\dist\esm\icons\mail-minus.js.map' file: Error: ENOENT: no such file or directory, open 'C:\Users\safoo\Desktop\DataArena\node_modules\lucide-react\dist\esm\icons\mail-minus.js.map'

Failed to parse source map from 'C:\Users\safoo\Desktop\DataArena\node_modules\lucide-react\dist\esm\icons\mail-open.js.map' file: Error: ENOENT: no such file or directory, open 'C:\Users\safoo\Desktop\DataArena\node_modules\lucide-react\dist\esm\icons\mail-open.js.map'

Failed to parse source map from 'C:\Users\safoo\Desktop\DataArena\node_modules\lucide-react\dist\esm\icons\mail-plus.js.map' file: Error: ENOENT: no such file or directory, open 'C:\Users\safoo\Desktop\DataArena\node_modules\lucide-react\dist\esm\icons\mail-plus.js.map'

Failed to parse source map from 'C:\Users\safoo\Desktop\DataArena\node_modules\lucide-react\dist\esm\icons\mail-question-mark.js.map' file: Error: ENOENT: no such file or directory, open 'C:\Users\safoo\Desktop\DataArena\node_modules\lucide-react\dist\esm\icons\mail-question-mark.js.map'

Failed to parse source map from 'C:\Users\safoo\Desktop\DataArena\node_modules\lucide-react\dist\esm\icons\mail-search.js.map' file: Error: ENOENT: no such file or directory, open 'C:\Users\safoo\Desktop\DataArena\node_modules\lucide-react\dist\esm\icons\mail-search.js.map'

Failed to parse source map from 'C:\Users\safoo\Desktop\DataArena\node_modules\lucide-react\dist\esm\icons\mail-warning.js.map' file: Error: ENOENT: no such file or directory, open 'C:\Users\safoo\Desktop\DataArena\node_modules\lucide-react\dist\esm\icons\mail-warning.js.map'

Failed to parse source map from 'C:\Users\safoo\Desktop\DataArena\node_modules\lucide-react\dist\esm\icons\mail-x.js.map' file: Error: ENOENT: no such file or directory, open 'C:\Users\safoo\Desktop\DataArena\node_modules\lucide-react\dist\esm\icons\mail-x.js.map'

Failed to parse source map from 'C:\Users\safoo\Desktop\DataArena\node_modules\lucide-react\dist\esm\icons\mail.js.map' file: Error: ENOENT: no such file or directory, open 'C:\Users\safoo\Desktop\DataArena\node_modules\lucide-react\dist\esm\icons\mail.js.map'

Failed to parse source map from 'C:\Users\safoo\Desktop\DataArena\node_modules\lucide-react\dist\esm\icons\mailbox.js.map' file: Error: ENOENT: no such file or directory, open 'C:\Users\safoo\Desktop\DataArena\node_modules\lucide-react\dist\esm\icons\mailbox.js.map'

Failed to parse source map from 'C:\Users\safoo\Desktop\DataArena\node_modules\lucide-react\dist\esm\icons\mails.js.map' file: Error: ENOENT: no such file or directory, open 'C:\Users\safoo\Desktop\DataArena\node_modules\lucide-react\dist\esm\icons\mails.js.map'

Failed to parse source map from 'C:\Users\safoo\Desktop\DataArena\node_modules\lucide-react\dist\esm\icons\map-minus.js.map' file: Error: ENOENT: no such file or directory, open 'C:\Users\safoo\Desktop\DataArena\node_modules\lucide-react\dist\esm\icons\map-minus.js.map'

Failed to parse source map from 'C:\Users\safoo\Desktop\DataArena\node_modules\lucide-react\dist\esm\icons\map-pin-check-inside.js.map' file: Error: ENOENT: no such file or directory, open 'C:\Users\safoo\Desktop\DataArena\node_modules\lucide-react\dist\esm\icons\map-pin-check-inside.js.map'

Failed to parse source map from 'C:\Users\safoo\Desktop\DataArena\node_modules\lucide-react\dist\esm\icons\map-pin-check.js.map' file: Error: ENOENT: no such file or directory, open 'C:\Users\safoo\Desktop\DataArena\node_modules\lucide-react\dist\esm\icons\map-pin-check.js.map'

Failed to parse source map from 'C:\Users\safoo\Desktop\DataArena\node_modules\lucide-react\dist\esm\icons\map-pin-house.js.map' file: Error: ENOENT: no such file or directory, open 'C:\Users\safoo\Desktop\DataArena\node_modules\lucide-react\dist\esm\icons\map-pin-house.js.map'

Failed to parse source map from 'C:\Users\safoo\Desktop\DataArena\node_modules\lucide-react\dist\esm\icons\map-pin-minus-inside.js.map' file: Error: ENOENT: no such file or directory, open 'C:\Users\safoo\Desktop\DataArena\node_modules\lucide-react\dist\esm\icons\map-pin-minus-inside.js.map'

Failed to parse source map from 'C:\Users\safoo\Desktop\DataArena\node_modules\lucide-react\dist\esm\icons\map-pin-minus.js.map' file: Error: ENOENT: no such file or directory, open 'C:\Users\safoo\Desktop\DataArena\node_modules\lucide-react\dist\esm\icons\map-pin-minus.js.map'

Failed to parse source map from 'C:\Users\safoo\Desktop\DataArena\node_modules\lucide-react\dist\esm\icons\map-pin-off.js.map' file: Error: ENOENT: no such file or directory, open 'C:\Users\safoo\Desktop\DataArena\node_modules\lucide-react\dist\esm\icons\map-pin-off.js.map'

Failed to parse source map from 'C:\Users\safoo\Desktop\DataArena\node_modules\lucide-react\dist\esm\icons\map-pin-pen.js.map' file: Error: ENOENT: no such file or directory, open 'C:\Users\safoo\Desktop\DataArena\node_modules\lucide-react\dist\esm\icons\map-pin-pen.js.map'

Failed to parse source map from 'C:\Users\safoo\Desktop\DataArena\node_modules\lucide-react\dist\esm\icons\map-pin-plus-inside.js.map' file: Error: ENOENT: no such file or directory, open 'C:\Users\safoo\Desktop\DataArena\node_modules\lucide-react\dist\esm\icons\map-pin-plus-inside.js.map'

Failed to parse source map from 'C:\Users\safoo\Desktop\DataArena\node_modules\lucide-react\dist\esm\icons\map-pin-plus.js.map' file: Error: ENOENT: no such file or directory, open 'C:\Users\safoo\Desktop\DataArena\node_modules\lucide-react\dist\esm\icons\map-pin-plus.js.map'

Failed to parse source map from 'C:\Users\safoo\Desktop\DataArena\node_modules\lucide-react\dist\esm\icons\map-pin-x-inside.js.map' file: Error: ENOENT: no such file or directory, open 'C:\Users\safoo\Desktop\DataArena\node_modules\lucide-react\dist\esm\icons\map-pin-x-inside.js.map'

Failed to parse source map from 'C:\Users\safoo\Desktop\DataArena\node_modules\lucide-react\dist\esm\icons\map-pin-x.js.map' file: Error: ENOENT: no such file or directory, open 'C:\Users\safoo\Desktop\DataArena\node_modules\lucide-react\dist\esm\icons\map-pin-x.js.map'

Failed to parse source map from 'C:\Users\safoo\Desktop\DataArena\node_modules\lucide-react\dist\esm\icons\map-pin.js.map' file: Error: ENOENT: no such file or directory, open 'C:\Users\safoo\Desktop\DataArena\node_modules\lucide-react\dist\esm\icons\map-pin.js.map'

Failed to parse source map from 'C:\Users\safoo\Desktop\DataArena\node_modules\lucide-react\dist\esm\icons\map-pinned.js.map' file: Error: ENOENT: no such file or directory, open 'C:\Users\safoo\Desktop\DataArena\node_modules\lucide-react\dist\esm\icons\map-pinned.js.map'

Failed to parse source map from 'C:\Users\safoo\Desktop\DataArena\node_modules\lucide-react\dist\esm\icons\map-plus.js.map' file: Error: ENOENT: no such file or directory, open 'C:\Users\safoo\Desktop\DataArena\node_modules\lucide-react\dist\esm\icons\map-plus.js.map'

Failed to parse source map from 'C:\Users\safoo\Desktop\DataArena\node_modules\lucide-react\dist\esm\icons\map.js.map' file: Error: ENOENT: no such file or directory, open 'C:\Users\safoo\Desktop\DataArena\node_modules\lucide-react\dist\esm\icons\map.js.map'

Failed to parse source map from 'C:\Users\safoo\Desktop\DataArena\node_modules\lucide-react\dist\esm\icons\mars-stroke.js.map' file: Error: ENOENT: no such file or directory, open 'C:\Users\safoo\Desktop\DataArena\node_modules\lucide-react\dist\esm\icons\mars-stroke.js.map'

Failed to parse source map from 'C:\Users\safoo\Desktop\DataArena\node_modules\lucide-react\dist\esm\icons\mars.js.map' file: Error: ENOENT: no such file or directory, open 'C:\Users\safoo\Desktop\DataArena\node_modules\lucide-react\dist\esm\icons\mars.js.map'

Failed to parse source map from 'C:\Users\safoo\Desktop\DataArena\node_modules\lucide-react\dist\esm\icons\martini.js.map' file: Error: ENOENT: no such file or directory, open 'C:\Users\safoo\Desktop\DataArena\node_modules\lucide-react\dist\esm\icons\martini.js.map'

Failed to parse source map from 'C:\Users\safoo\Desktop\DataArena\node_modules\lucide-react\dist\esm\icons\maximize-2.js.map' file: Error: ENOENT: no such file or directory, open 'C:\Users\safoo\Desktop\DataArena\node_modules\lucide-react\dist\esm\icons\maximize-2.js.map'

Failed to parse source map from 'C:\Users\safoo\Desktop\DataArena\node_modules\lucide-react\dist\esm\icons\maximize.js.map' file: Error: ENOENT: no such file or directory, open 'C:\Users\safoo\Desktop\DataArena\node_modules\lucide-react\dist\esm\icons\maximize.js.map'

Failed to parse source map from 'C:\Users\safoo\Desktop\DataArena\node_modules\lucide-react\dist\esm\icons\medal.js.map' file: Error: ENOENT: no such file or directory, open 'C:\Users\safoo\Desktop\DataArena\node_modules\lucide-react\dist\esm\icons\medal.js.map'

Failed to parse source map from 'C:\Users\safoo\Desktop\DataArena\node_modules\lucide-react\dist\esm\icons\megaphone-off.js.map' file: Error: ENOENT: no such file or directory, open 'C:\Users\safoo\Desktop\DataArena\node_modules\lucide-react\dist\esm\icons\megaphone-off.js.map'

Failed to parse source map from 'C:\Users\safoo\Desktop\DataArena\node_modules\lucide-react\dist\esm\icons\megaphone.js.map' file: Error: ENOENT: no such file or directory, open 'C:\Users\safoo\Desktop\DataArena\node_modules\lucide-react\dist\esm\icons\megaphone.js.map'

Failed to parse source map from 'C:\Users\safoo\Desktop\DataArena\node_modules\lucide-react\dist\esm\icons\meh.js.map' file: Error: ENOENT: no such file or directory, open 'C:\Users\safoo\Desktop\DataArena\node_modules\lucide-react\dist\esm\icons\meh.js.map'

Failed to parse source map from 'C:\Users\safoo\Desktop\DataArena\node_modules\lucide-react\dist\esm\icons\memory-stick.js.map' file: Error: ENOENT: no such file or directory, open 'C:\Users\safoo\Desktop\DataArena\node_modules\lucide-react\dist\esm\icons\memory-stick.js.map'

Failed to parse source map from 'C:\Users\safoo\Desktop\DataArena\node_modules\lucide-react\dist\esm\icons\menu.js.map' file: Error: ENOENT: no such file or directory, open 'C:\Users\safoo\Desktop\DataArena\node_modules\lucide-react\dist\esm\icons\menu.js.map'

Failed to parse source map from 'C:\Users\safoo\Desktop\DataArena\node_modules\lucide-react\dist\esm\icons\merge.js.map' file: Error: ENOENT: no such file or directory, open 'C:\Users\safoo\Desktop\DataArena\node_modules\lucide-react\dist\esm\icons\merge.js.map'

Failed to parse source map from 'C:\Users\safoo\Desktop\DataArena\node_modules\lucide-react\dist\esm\icons\message-circle-code.js.map' file: Error: ENOENT: no such file or directory, open 'C:\Users\safoo\Desktop\DataArena\node_modules\lucide-react\dist\esm\icons\message-circle-code.js.map'

Failed to parse source map from 'C:\Users\safoo\Desktop\DataArena\node_modules\lucide-react\dist\esm\icons\message-circle-dashed.js.map' file: Error: ENOENT: no such file or directory, open 'C:\Users\safoo\Desktop\DataArena\node_modules\lucide-react\dist\esm\icons\message-circle-dashed.js.map'

Failed to parse source map from 'C:\Users\safoo\Desktop\DataArena\node_modules\lucide-react\dist\esm\icons\message-circle-heart.js.map' file: Error: ENOENT: no such file or directory, open 'C:\Users\safoo\Desktop\DataArena\node_modules\lucide-react\dist\esm\icons\message-circle-heart.js.map'

Failed to parse source map from 'C:\Users\safoo\Desktop\DataArena\node_modules\lucide-react\dist\esm\icons\message-circle-more.js.map' file: Error: ENOENT: no such file or directory, open 'C:\Users\safoo\Desktop\DataArena\node_modules\lucide-react\dist\esm\icons\message-circle-more.js.map'

Failed to parse source map from 'C:\Users\safoo\Desktop\DataArena\node_modules\lucide-react\dist\esm\icons\message-circle-off.js.map' file: Error: ENOENT: no such file or directory, open 'C:\Users\safoo\Desktop\DataArena\node_modules\lucide-react\dist\esm\icons\message-circle-off.js.map'

Failed to parse source map from 'C:\Users\safoo\Desktop\DataArena\node_modules\lucide-react\dist\esm\icons\message-circle-plus.js.map' file: Error: ENOENT: no such file or directory, open 'C:\Users\safoo\Desktop\DataArena\node_modules\lucide-react\dist\esm\icons\message-circle-plus.js.map'

Failed to parse source map from 'C:\Users\safoo\Desktop\DataArena\node_modules\lucide-react\dist\esm\icons\message-circle-question-mark.js.map' file: Error: ENOENT: no such file or directory, open 'C:\Users\safoo\Desktop\DataArena\node_modules\lucide-react\dist\esm\icons\message-circle-question-mark.js.map'

Failed to parse source map from 'C:\Users\safoo\Desktop\DataArena\node_modules\lucide-react\dist\esm\icons\message-circle-reply.js.map' file: Error: ENOENT: no such file or directory, open 'C:\Users\safoo\Desktop\DataArena\node_modules\lucide-react\dist\esm\icons\message-circle-reply.js.map'

Failed to parse source map from 'C:\Users\safoo\Desktop\DataArena\node_modules\lucide-react\dist\esm\icons\message-circle-warning.js.map' file: Error: ENOENT: no such file or directory, open 'C:\Users\safoo\Desktop\DataArena\node_modules\lucide-react\dist\esm\icons\message-circle-warning.js.map'

Failed to parse source map from 'C:\Users\safoo\Desktop\DataArena\node_modules\lucide-react\dist\esm\icons\message-circle-x.js.map' file: Error: ENOENT: no such file or directory, open 'C:\Users\safoo\Desktop\DataArena\node_modules\lucide-react\dist\esm\icons\message-circle-x.js.map'

Failed to parse source map from 'C:\Users\safoo\Desktop\DataArena\node_modules\lucide-react\dist\esm\icons\message-circle.js.map' file: Error: ENOENT: no such file or directory, open 'C:\Users\safoo\Desktop\DataArena\node_modules\lucide-react\dist\esm\icons\message-circle.js.map'

Failed to parse source map from 'C:\Users\safoo\Desktop\DataArena\node_modules\lucide-react\dist\esm\icons\message-square-code.js.map' file: Error: ENOENT: no such file or directory, open 'C:\Users\safoo\Desktop\DataArena\node_modules\lucide-react\dist\esm\icons\message-square-code.js.map'

Failed to parse source map from 'C:\Users\safoo\Desktop\DataArena\node_modules\lucide-react\dist\esm\icons\message-square-dashed.js.map' file: Error: ENOENT: no such file or directory, open 'C:\Users\safoo\Desktop\DataArena\node_modules\lucide-react\dist\esm\icons\message-square-dashed.js.map'

Failed to parse source map from 'C:\Users\safoo\Desktop\DataArena\node_modules\lucide-react\dist\esm\icons\message-square-diff.js.map' file: Error: ENOENT: no such file or directory, open 'C:\Users\safoo\Desktop\DataArena\node_modules\lucide-react\dist\esm\icons\message-square-diff.js.map'

Failed to parse source map from 'C:\Users\safoo\Desktop\DataArena\node_modules\lucide-react\dist\esm\icons\message-square-dot.js.map' file: Error: ENOENT: no such file or directory, open 'C:\Users\safoo\Desktop\DataArena\node_modules\lucide-react\dist\esm\icons\message-square-dot.js.map'

Failed to parse source map from 'C:\Users\safoo\Desktop\DataArena\node_modules\lucide-react\dist\esm\icons\message-square-heart.js.map' file: Error: ENOENT: no such file or directory, open 'C:\Users\safoo\Desktop\DataArena\node_modules\lucide-react\dist\esm\icons\message-square-heart.js.map'

Failed to parse source map from 'C:\Users\safoo\Desktop\DataArena\node_modules\lucide-react\dist\esm\icons\message-square-lock.js.map' file: Error: ENOENT: no such file or directory, open 'C:\Users\safoo\Desktop\DataArena\node_modules\lucide-react\dist\esm\icons\message-square-lock.js.map'

Failed to parse source map from 'C:\Users\safoo\Desktop\DataArena\node_modules\lucide-react\dist\esm\icons\message-square-more.js.map' file: Error: ENOENT: no such file or directory, open 'C:\Users\safoo\Desktop\DataArena\node_modules\lucide-react\dist\esm\icons\message-square-more.js.map'

Failed to parse source map from 'C:\Users\safoo\Desktop\DataArena\node_modules\lucide-react\dist\esm\icons\message-square-off.js.map' file: Error: ENOENT: no such file or directory, open 'C:\Users\safoo\Desktop\DataArena\node_modules\lucide-react\dist\esm\icons\message-square-off.js.map'

Failed to parse source map from 'C:\Users\safoo\Desktop\DataArena\node_modules\lucide-react\dist\esm\icons\message-square-plus.js.map' file: Error: ENOENT: no such file or directory, open 'C:\Users\safoo\Desktop\DataArena\node_modules\lucide-react\dist\esm\icons\message-square-plus.js.map'

Failed to parse source map from 'C:\Users\safoo\Desktop\DataArena\node_modules\lucide-react\dist\esm\icons\message-square-quote.js.map' file: Error: ENOENT: no such file or directory, open 'C:\Users\safoo\Desktop\DataArena\node_modules\lucide-react\dist\esm\icons\message-square-quote.js.map'

Failed to parse source map from 'C:\Users\safoo\Desktop\DataArena\node_modules\lucide-react\dist\esm\icons\message-square-reply.js.map' file: Error: ENOENT: no such file or directory, open 'C:\Users\safoo\Desktop\DataArena\node_modules\lucide-react\dist\esm\icons\message-square-reply.js.map'

Failed to parse source map from 'C:\Users\safoo\Desktop\DataArena\node_modules\lucide-react\dist\esm\icons\message-square-share.js.map' file: Error: ENOENT: no such file or directory, open 'C:\Users\safoo\Desktop\DataArena\node_modules\lucide-react\dist\esm\icons\message-square-share.js.map'

Failed to parse source map from 'C:\Users\safoo\Desktop\DataArena\node_modules\lucide-react\dist\esm\icons\message-square-text.js.map' file: Error: ENOENT: no such file or directory, open 'C:\Users\safoo\Desktop\DataArena\node_modules\lucide-react\dist\esm\icons\message-square-text.js.map'

Failed to parse source map from 'C:\Users\safoo\Desktop\DataArena\node_modules\lucide-react\dist\esm\icons\message-square-warning.js.map' file: Error: ENOENT: no such file or directory, open 'C:\Users\safoo\Desktop\DataArena\node_modules\lucide-react\dist\esm\icons\message-square-warning.js.map'

Failed to parse source map from 'C:\Users\safoo\Desktop\DataArena\node_modules\lucide-react\dist\esm\icons\message-square-x.js.map' file: Error: ENOENT: no such file or directory, open 'C:\Users\safoo\Desktop\DataArena\node_modules\lucide-react\dist\esm\icons\message-square-x.js.map'

Failed to parse source map from 'C:\Users\safoo\Desktop\DataArena\node_modules\lucide-react\dist\esm\icons\message-square.js.map' file: Error: ENOENT: no such file or directory, open 'C:\Users\safoo\Desktop\DataArena\node_modules\lucide-react\dist\esm\icons\message-square.js.map'

Failed to parse source map from 'C:\Users\safoo\Desktop\DataArena\node_modules\lucide-react\dist\esm\icons\messages-square.js.map' file: Error: ENOENT: no such file or directory, open 'C:\Users\safoo\Desktop\DataArena\node_modules\lucide-react\dist\esm\icons\messages-square.js.map'

Failed to parse source map from 'C:\Users\safoo\Desktop\DataArena\node_modules\lucide-react\dist\esm\icons\mic-off.js.map' file: Error: ENOENT: no such file or directory, open 'C:\Users\safoo\Desktop\DataArena\node_modules\lucide-react\dist\esm\icons\mic-off.js.map'

Failed to parse source map from 'C:\Users\safoo\Desktop\DataArena\node_modules\lucide-react\dist\esm\icons\mic-vocal.js.map' file: Error: ENOENT: no such file or directory, open 'C:\Users\safoo\Desktop\DataArena\node_modules\lucide-react\dist\esm\icons\mic-vocal.js.map'

Failed to parse source map from 'C:\Users\safoo\Desktop\DataArena\node_modules\lucide-react\dist\esm\icons\mic.js.map' file: Error: ENOENT: no such file or directory, open 'C:\Users\safoo\Desktop\DataArena\node_modules\lucide-react\dist\esm\icons\mic.js.map'

Failed to parse source map from 'C:\Users\safoo\Desktop\DataArena\node_modules\lucide-react\dist\esm\icons\microchip.js.map' file: Error: ENOENT: no such file or directory, open 'C:\Users\safoo\Desktop\DataArena\node_modules\lucide-react\dist\esm\icons\microchip.js.map'

Failed to parse source map from 'C:\Users\safoo\Desktop\DataArena\node_modules\lucide-react\dist\esm\icons\microscope.js.map' file: Error: ENOENT: no such file or directory, open 'C:\Users\safoo\Desktop\DataArena\node_modules\lucide-react\dist\esm\icons\microscope.js.map'

Failed to parse source map from 'C:\Users\safoo\Desktop\DataArena\node_modules\lucide-react\dist\esm\icons\microwave.js.map' file: Error: ENOENT: no such file or directory, open 'C:\Users\safoo\Desktop\DataArena\node_modules\lucide-react\dist\esm\icons\microwave.js.map'

Failed to parse source map from 'C:\Users\safoo\Desktop\DataArena\node_modules\lucide-react\dist\esm\icons\milestone.js.map' file: Error: ENOENT: no such file or directory, open 'C:\Users\safoo\Desktop\DataArena\node_modules\lucide-react\dist\esm\icons\milestone.js.map'

Failed to parse source map from 'C:\Users\safoo\Desktop\DataArena\node_modules\lucide-react\dist\esm\icons\milk-off.js.map' file: Error: ENOENT: no such file or directory, open 'C:\Users\safoo\Desktop\DataArena\node_modules\lucide-react\dist\esm\icons\milk-off.js.map'

Failed to parse source map from 'C:\Users\safoo\Desktop\DataArena\node_modules\lucide-react\dist\esm\icons\milk.js.map' file: Error: ENOENT: no such file or directory, open 'C:\Users\safoo\Desktop\DataArena\node_modules\lucide-react\dist\esm\icons\milk.js.map'

Failed to parse source map from 'C:\Users\safoo\Desktop\DataArena\node_modules\lucide-react\dist\esm\icons\minimize-2.js.map' file: Error: ENOENT: no such file or directory, open 'C:\Users\safoo\Desktop\DataArena\node_modules\lucide-react\dist\esm\icons\minimize-2.js.map'

Failed to parse source map from 'C:\Users\safoo\Desktop\DataArena\node_modules\lucide-react\dist\esm\icons\minimize.js.map' file: Error: ENOENT: no such file or directory, open 'C:\Users\safoo\Desktop\DataArena\node_modules\lucide-react\dist\esm\icons\minimize.js.map'

Failed to parse source map from 'C:\Users\safoo\Desktop\DataArena\node_modules\lucide-react\dist\esm\icons\minus.js.map' file: Error: ENOENT: no such file or directory, open 'C:\Users\safoo\Desktop\DataArena\node_modules\lucide-react\dist\esm\icons\minus.js.map'

Failed to parse source map from 'C:\Users\safoo\Desktop\DataArena\node_modules\lucide-react\dist\esm\icons\monitor-check.js.map' file: Error: ENOENT: no such file or directory, open 'C:\Users\safoo\Desktop\DataArena\node_modules\lucide-react\dist\esm\icons\monitor-check.js.map'

Failed to parse source map from 'C:\Users\safoo\Desktop\DataArena\node_modules\lucide-react\dist\esm\icons\monitor-cloud.js.map' file: Error: ENOENT: no such file or directory, open 'C:\Users\safoo\Desktop\DataArena\node_modules\lucide-react\dist\esm\icons\monitor-cloud.js.map'

Failed to parse source map from 'C:\Users\safoo\Desktop\DataArena\node_modules\lucide-react\dist\esm\icons\monitor-cog.js.map' file: Error: ENOENT: no such file or directory, open 'C:\Users\safoo\Desktop\DataArena\node_modules\lucide-react\dist\esm\icons\monitor-cog.js.map'

Failed to parse source map from 'C:\Users\safoo\Desktop\DataArena\node_modules\lucide-react\dist\esm\icons\monitor-dot.js.map' file: Error: ENOENT: no such file or directory, open 'C:\Users\safoo\Desktop\DataArena\node_modules\lucide-react\dist\esm\icons\monitor-dot.js.map'

Failed to parse source map from 'C:\Users\safoo\Desktop\DataArena\node_modules\lucide-react\dist\esm\icons\monitor-down.js.map' file: Error: ENOENT: no such file or directory, open 'C:\Users\safoo\Desktop\DataArena\node_modules\lucide-react\dist\esm\icons\monitor-down.js.map'

Failed to parse source map from 'C:\Users\safoo\Desktop\DataArena\node_modules\lucide-react\dist\esm\icons\monitor-off.js.map' file: Error: ENOENT: no such file or directory, open 'C:\Users\safoo\Desktop\DataArena\node_modules\lucide-react\dist\esm\icons\monitor-off.js.map'

Failed to parse source map from 'C:\Users\safoo\Desktop\DataArena\node_modules\lucide-react\dist\esm\icons\monitor-pause.js.map' file: Error: ENOENT: no such file or directory, open 'C:\Users\safoo\Desktop\DataArena\node_modules\lucide-react\dist\esm\icons\monitor-pause.js.map'

Failed to parse source map from 'C:\Users\safoo\Desktop\DataArena\node_modules\lucide-react\dist\esm\icons\monitor-play.js.map' file: Error: ENOENT: no such file or directory, open 'C:\Users\safoo\Desktop\DataArena\node_modules\lucide-react\dist\esm\icons\monitor-play.js.map'

Failed to parse source map from 'C:\Users\safoo\Desktop\DataArena\node_modules\lucide-react\dist\esm\icons\monitor-smartphone.js.map' file: Error: ENOENT: no such file or directory, open 'C:\Users\safoo\Desktop\DataArena\node_modules\lucide-react\dist\esm\icons\monitor-smartphone.js.map'

Failed to parse source map from 'C:\Users\safoo\Desktop\DataArena\node_modules\lucide-react\dist\esm\icons\monitor-speaker.js.map' file: Error: ENOENT: no such file or directory, open 'C:\Users\safoo\Desktop\DataArena\node_modules\lucide-react\dist\esm\icons\monitor-speaker.js.map'

Failed to parse source map from 'C:\Users\safoo\Desktop\DataArena\node_modules\lucide-react\dist\esm\icons\monitor-stop.js.map' file: Error: ENOENT: no such file or directory, open 'C:\Users\safoo\Desktop\DataArena\node_modules\lucide-react\dist\esm\icons\monitor-stop.js.map'

Failed to parse source map from 'C:\Users\safoo\Desktop\DataArena\node_modules\lucide-react\dist\esm\icons\monitor-up.js.map' file: Error: ENOENT: no such file or directory, open 'C:\Users\safoo\Desktop\DataArena\node_modules\lucide-react\dist\esm\icons\monitor-up.js.map'

Failed to parse source map from 'C:\Users\safoo\Desktop\DataArena\node_modules\lucide-react\dist\esm\icons\monitor-x.js.map' file: Error: ENOENT: no such file or directory, open 'C:\Users\safoo\Desktop\DataArena\node_modules\lucide-react\dist\esm\icons\monitor-x.js.map'

Failed to parse source map from 'C:\Users\safoo\Desktop\DataArena\node_modules\lucide-react\dist\esm\icons\monitor.js.map' file: Error: ENOENT: no such file or directory, open 'C:\Users\safoo\Desktop\DataArena\node_modules\lucide-react\dist\esm\icons\monitor.js.map'

Failed to parse source map from 'C:\Users\safoo\Desktop\DataArena\node_modules\lucide-react\dist\esm\icons\moon-star.js.map' file: Error: ENOENT: no such file or directory, open 'C:\Users\safoo\Desktop\DataArena\node_modules\lucide-react\dist\esm\icons\moon-star.js.map'

Failed to parse source map from 'C:\Users\safoo\Desktop\DataArena\node_modules\lucide-react\dist\esm\icons\moon.js.map' file: Error: ENOENT: no such file or directory, open 'C:\Users\safoo\Desktop\DataArena\node_modules\lucide-react\dist\esm\icons\moon.js.map'

Failed to parse source map from 'C:\Users\safoo\Desktop\DataArena\node_modules\lucide-react\dist\esm\icons\motorbike.js.map' file: Error: ENOENT: no such file or directory, open 'C:\Users\safoo\Desktop\DataArena\node_modules\lucide-react\dist\esm\icons\motorbike.js.map'

Failed to parse source map from 'C:\Users\safoo\Desktop\DataArena\node_modules\lucide-react\dist\esm\icons\mountain-snow.js.map' file: Error: ENOENT: no such file or directory, open 'C:\Users\safoo\Desktop\DataArena\node_modules\lucide-react\dist\esm\icons\mountain-snow.js.map'

Failed to parse source map from 'C:\Users\safoo\Desktop\DataArena\node_modules\lucide-react\dist\esm\icons\mountain.js.map' file: Error: ENOENT: no such file or directory, open 'C:\Users\safoo\Desktop\DataArena\node_modules\lucide-react\dist\esm\icons\mountain.js.map'

Failed to parse source map from 'C:\Users\safoo\Desktop\DataArena\node_modules\lucide-react\dist\esm\icons\mouse-off.js.map' file: Error: ENOENT: no such file or directory, open 'C:\Users\safoo\Desktop\DataArena\node_modules\lucide-react\dist\esm\icons\mouse-off.js.map'

Failed to parse source map from 'C:\Users\safoo\Desktop\DataArena\node_modules\lucide-react\dist\esm\icons\mouse-pointer-ban.js.map' file: Error: ENOENT: no such file or directory, open 'C:\Users\safoo\Desktop\DataArena\node_modules\lucide-react\dist\esm\icons\mouse-pointer-ban.js.map'

Failed to parse source map from 'C:\Users\safoo\Desktop\DataArena\node_modules\lucide-react\dist\esm\icons\mouse-pointer-click.js.map' file: Error: ENOENT: no such file or directory, open 'C:\Users\safoo\Desktop\DataArena\node_modules\lucide-react\dist\esm\icons\mouse-pointer-click.js.map'

Failed to parse source map from 'C:\Users\safoo\Desktop\DataArena\node_modules\lucide-react\dist\esm\icons\mouse-pointer-2-off.js.map' file: Error: ENOENT: no such file or directory, open 'C:\Users\safoo\Desktop\DataArena\node_modules\lucide-react\dist\esm\icons\mouse-pointer-2-off.js.map'

Failed to parse source map from 'C:\Users\safoo\Desktop\DataArena\node_modules\lucide-react\dist\esm\icons\mouse-pointer-2.js.map' file: Error: ENOENT: no such file or directory, open 'C:\Users\safoo\Desktop\DataArena\node_modules\lucide-react\dist\esm\icons\mouse-pointer-2.js.map'

Failed to parse source map from 'C:\Users\safoo\Desktop\DataArena\node_modules\lucide-react\dist\esm\icons\mouse-pointer.js.map' file: Error: ENOENT: no such file or directory, open 'C:\Users\safoo\Desktop\DataArena\node_modules\lucide-react\dist\esm\icons\mouse-pointer.js.map'

Failed to parse source map from 'C:\Users\safoo\Desktop\DataArena\node_modules\lucide-react\dist\esm\icons\mouse.js.map' file: Error: ENOENT: no such file or directory, open 'C:\Users\safoo\Desktop\DataArena\node_modules\lucide-react\dist\esm\icons\mouse.js.map'

Failed to parse source map from 'C:\Users\safoo\Desktop\DataArena\node_modules\lucide-react\dist\esm\icons\move-diagonal-2.js.map' file: Error: ENOENT: no such file or directory, open 'C:\Users\safoo\Desktop\DataArena\node_modules\lucide-react\dist\esm\icons\move-diagonal-2.js.map'

Failed to parse source map from 'C:\Users\safoo\Desktop\DataArena\node_modules\lucide-react\dist\esm\icons\move-diagonal.js.map' file: Error: ENOENT: no such file or directory, open 'C:\Users\safoo\Desktop\DataArena\node_modules\lucide-react\dist\esm\icons\move-diagonal.js.map'

Failed to parse source map from 'C:\Users\safoo\Desktop\DataArena\node_modules\lucide-react\dist\esm\icons\move-down-left.js.map' file: Error: ENOENT: no such file or directory, open 'C:\Users\safoo\Desktop\DataArena\node_modules\lucide-react\dist\esm\icons\move-down-left.js.map'

Failed to parse source map from 'C:\Users\safoo\Desktop\DataArena\node_modules\lucide-react\dist\esm\icons\move-down-right.js.map' file: Error: ENOENT: no such file or directory, open 'C:\Users\safoo\Desktop\DataArena\node_modules\lucide-react\dist\esm\icons\move-down-right.js.map'

Failed to parse source map from 'C:\Users\safoo\Desktop\DataArena\node_modules\lucide-react\dist\esm\icons\move-down.js.map' file: Error: ENOENT: no such file or directory, open 'C:\Users\safoo\Desktop\DataArena\node_modules\lucide-react\dist\esm\icons\move-down.js.map'

Failed to parse source map from 'C:\Users\safoo\Desktop\DataArena\node_modules\lucide-react\dist\esm\icons\move-horizontal.js.map' file: Error: ENOENT: no such file or directory, open 'C:\Users\safoo\Desktop\DataArena\node_modules\lucide-react\dist\esm\icons\move-horizontal.js.map'

Failed to parse source map from 'C:\Users\safoo\Desktop\DataArena\node_modules\lucide-react\dist\esm\icons\move-left.js.map' file: Error: ENOENT: no such file or directory, open 'C:\Users\safoo\Desktop\DataArena\node_modules\lucide-react\dist\esm\icons\move-left.js.map'

Failed to parse source map from 'C:\Users\safoo\Desktop\DataArena\node_modules\lucide-react\dist\esm\icons\move-right.js.map' file: Error: ENOENT: no such file or directory, open 'C:\Users\safoo\Desktop\DataArena\node_modules\lucide-react\dist\esm\icons\move-right.js.map'

Failed to parse source map from 'C:\Users\safoo\Desktop\DataArena\node_modules\lucide-react\dist\esm\icons\move-up-left.js.map' file: Error: ENOENT: no such file or directory, open 'C:\Users\safoo\Desktop\DataArena\node_modules\lucide-react\dist\esm\icons\move-up-left.js.map'

Failed to parse source map from 'C:\Users\safoo\Desktop\DataArena\node_modules\lucide-react\dist\esm\icons\move-up-right.js.map' file: Error: ENOENT: no such file or directory, open 'C:\Users\safoo\Desktop\DataArena\node_modules\lucide-react\dist\esm\icons\move-up-right.js.map'

Failed to parse source map from 'C:\Users\safoo\Desktop\DataArena\node_modules\lucide-react\dist\esm\icons\move-up.js.map' file: Error: ENOENT: no such file or directory, open 'C:\Users\safoo\Desktop\DataArena\node_modules\lucide-react\dist\esm\icons\move-up.js.map'

Failed to parse source map from 'C:\Users\safoo\Desktop\DataArena\node_modules\lucide-react\dist\esm\icons\move-vertical.js.map' file: Error: ENOENT: no such file or directory, open 'C:\Users\safoo\Desktop\DataArena\node_modules\lucide-react\dist\esm\icons\move-vertical.js.map'

Failed to parse source map from 'C:\Users\safoo\Desktop\DataArena\node_modules\lucide-react\dist\esm\icons\move-3d.js.map' file: Error: ENOENT: no such file or directory, open 'C:\Users\safoo\Desktop\DataArena\node_modules\lucide-react\dist\esm\icons\move-3d.js.map'

Failed to parse source map from 'C:\Users\safoo\Desktop\DataArena\node_modules\lucide-react\dist\esm\icons\move.js.map' file: Error: ENOENT: no such file or directory, open 'C:\Users\safoo\Desktop\DataArena\node_modules\lucide-react\dist\esm\icons\move.js.map'

Failed to parse source map from 'C:\Users\safoo\Desktop\DataArena\node_modules\lucide-react\dist\esm\icons\music-2.js.map' file: Error: ENOENT: no such file or directory, open 'C:\Users\safoo\Desktop\DataArena\node_modules\lucide-react\dist\esm\icons\music-2.js.map'

Failed to parse source map from 'C:\Users\safoo\Desktop\DataArena\node_modules\lucide-react\dist\esm\icons\music-3.js.map' file: Error: ENOENT: no such file or directory, open 'C:\Users\safoo\Desktop\DataArena\node_modules\lucide-react\dist\esm\icons\music-3.js.map'

Failed to parse source map from 'C:\Users\safoo\Desktop\DataArena\node_modules\lucide-react\dist\esm\icons\music-4.js.map' file: Error: ENOENT: no such file or directory, open 'C:\Users\safoo\Desktop\DataArena\node_modules\lucide-react\dist\esm\icons\music-4.js.map'

Failed to parse source map from 'C:\Users\safoo\Desktop\DataArena\node_modules\lucide-react\dist\esm\icons\music.js.map' file: Error: ENOENT: no such file or directory, open 'C:\Users\safoo\Desktop\DataArena\node_modules\lucide-react\dist\esm\icons\music.js.map'

Failed to parse source map from 'C:\Users\safoo\Desktop\DataArena\node_modules\lucide-react\dist\esm\icons\navigation-off.js.map' file: Error: ENOENT: no such file or directory, open 'C:\Users\safoo\Desktop\DataArena\node_modules\lucide-react\dist\esm\icons\navigation-off.js.map'

Failed to parse source map from 'C:\Users\safoo\Desktop\DataArena\node_modules\lucide-react\dist\esm\icons\navigation-2-off.js.map' file: Error: ENOENT: no such file or directory, open 'C:\Users\safoo\Desktop\DataArena\node_modules\lucide-react\dist\esm\icons\navigation-2-off.js.map'

Failed to parse source map from 'C:\Users\safoo\Desktop\DataArena\node_modules\lucide-react\dist\esm\icons\navigation-2.js.map' file: Error: ENOENT: no such file or directory, open 'C:\Users\safoo\Desktop\DataArena\node_modules\lucide-react\dist\esm\icons\navigation-2.js.map'

Failed to parse source map from 'C:\Users\safoo\Desktop\DataArena\node_modules\lucide-react\dist\esm\icons\navigation.js.map' file: Error: ENOENT: no such file or directory, open 'C:\Users\safoo\Desktop\DataArena\node_modules\lucide-react\dist\esm\icons\navigation.js.map'

Failed to parse source map from 'C:\Users\safoo\Desktop\DataArena\node_modules\lucide-react\dist\esm\icons\network.js.map' file: Error: ENOENT: no such file or directory, open 'C:\Users\safoo\Desktop\DataArena\node_modules\lucide-react\dist\esm\icons\network.js.map'

Failed to parse source map from 'C:\Users\safoo\Desktop\DataArena\node_modules\lucide-react\dist\esm\icons\newspaper.js.map' file: Error: ENOENT: no such file or directory, open 'C:\Users\safoo\Desktop\DataArena\node_modules\lucide-react\dist\esm\icons\newspaper.js.map'

Failed to parse source map from 'C:\Users\safoo\Desktop\DataArena\node_modules\lucide-react\dist\esm\icons\nfc.js.map' file: Error: ENOENT: no such file or directory, open 'C:\Users\safoo\Desktop\DataArena\node_modules\lucide-react\dist\esm\icons\nfc.js.map'

Failed to parse source map from 'C:\Users\safoo\Desktop\DataArena\node_modules\lucide-react\dist\esm\icons\non-binary.js.map' file: Error: ENOENT: no such file or directory, open 'C:\Users\safoo\Desktop\DataArena\node_modules\lucide-react\dist\esm\icons\non-binary.js.map'

Failed to parse source map from 'C:\Users\safoo\Desktop\DataArena\node_modules\lucide-react\dist\esm\icons\notebook-pen.js.map' file: Error: ENOENT: no such file or directory, open 'C:\Users\safoo\Desktop\DataArena\node_modules\lucide-react\dist\esm\icons\notebook-pen.js.map'

Failed to parse source map from 'C:\Users\safoo\Desktop\DataArena\node_modules\lucide-react\dist\esm\icons\notebook-tabs.js.map' file: Error: ENOENT: no such file or directory, open 'C:\Users\safoo\Desktop\DataArena\node_modules\lucide-react\dist\esm\icons\notebook-tabs.js.map'

Failed to parse source map from 'C:\Users\safoo\Desktop\DataArena\node_modules\lucide-react\dist\esm\icons\notebook-text.js.map' file: Error: ENOENT: no such file or directory, open 'C:\Users\safoo\Desktop\DataArena\node_modules\lucide-react\dist\esm\icons\notebook-text.js.map'

Failed to parse source map from 'C:\Users\safoo\Desktop\DataArena\node_modules\lucide-react\dist\esm\icons\notebook.js.map' file: Error: ENOENT: no such file or directory, open 'C:\Users\safoo\Desktop\DataArena\node_modules\lucide-react\dist\esm\icons\notebook.js.map'

Failed to parse source map from 'C:\Users\safoo\Desktop\DataArena\node_modules\lucide-react\dist\esm\icons\notepad-text-dashed.js.map' file: Error: ENOENT: no such file or directory, open 'C:\Users\safoo\Desktop\DataArena\node_modules\lucide-react\dist\esm\icons\notepad-text-dashed.js.map'

Failed to parse source map from 'C:\Users\safoo\Desktop\DataArena\node_modules\lucide-react\dist\esm\icons\notepad-text.js.map' file: Error: ENOENT: no such file or directory, open 'C:\Users\safoo\Desktop\DataArena\node_modules\lucide-react\dist\esm\icons\notepad-text.js.map'

Failed to parse source map from 'C:\Users\safoo\Desktop\DataArena\node_modules\lucide-react\dist\esm\icons\nut-off.js.map' file: Error: ENOENT: no such file or directory, open 'C:\Users\safoo\Desktop\DataArena\node_modules\lucide-react\dist\esm\icons\nut-off.js.map'

Failed to parse source map from 'C:\Users\safoo\Desktop\DataArena\node_modules\lucide-react\dist\esm\icons\nut.js.map' file: Error: ENOENT: no such file or directory, open 'C:\Users\safoo\Desktop\DataArena\node_modules\lucide-react\dist\esm\icons\nut.js.map'

Failed to parse source map from 'C:\Users\safoo\Desktop\DataArena\node_modules\lucide-react\dist\esm\icons\octagon-alert.js.map' file: Error: ENOENT: no such file or directory, open 'C:\Users\safoo\Desktop\DataArena\node_modules\lucide-react\dist\esm\icons\octagon-alert.js.map'

Failed to parse source map from 'C:\Users\safoo\Desktop\DataArena\node_modules\lucide-react\dist\esm\icons\octagon-minus.js.map' file: Error: ENOENT: no such file or directory, open 'C:\Users\safoo\Desktop\DataArena\node_modules\lucide-react\dist\esm\icons\octagon-minus.js.map'

Failed to parse source map from 'C:\Users\safoo\Desktop\DataArena\node_modules\lucide-react\dist\esm\icons\octagon-pause.js.map' file: Error: ENOENT: no such file or directory, open 'C:\Users\safoo\Desktop\DataArena\node_modules\lucide-react\dist\esm\icons\octagon-pause.js.map'

Failed to parse source map from 'C:\Users\safoo\Desktop\DataArena\node_modules\lucide-react\dist\esm\icons\octagon-x.js.map' file: Error: ENOENT: no such file or directory, open 'C:\Users\safoo\Desktop\DataArena\node_modules\lucide-react\dist\esm\icons\octagon-x.js.map'

Failed to parse source map from 'C:\Users\safoo\Desktop\DataArena\node_modules\lucide-react\dist\esm\icons\octagon.js.map' file: Error: ENOENT: no such file or directory, open 'C:\Users\safoo\Desktop\DataArena\node_modules\lucide-react\dist\esm\icons\octagon.js.map'

Failed to parse source map from 'C:\Users\safoo\Desktop\DataArena\node_modules\lucide-react\dist\esm\icons\omega.js.map' file: Error: ENOENT: no such file or directory, open 'C:\Users\safoo\Desktop\DataArena\node_modules\lucide-react\dist\esm\icons\omega.js.map'

Failed to parse source map from 'C:\Users\safoo\Desktop\DataArena\node_modules\lucide-react\dist\esm\icons\option.js.map' file: Error: ENOENT: no such file or directory, open 'C:\Users\safoo\Desktop\DataArena\node_modules\lucide-react\dist\esm\icons\option.js.map'

Failed to parse source map from 'C:\Users\safoo\Desktop\DataArena\node_modules\lucide-react\dist\esm\icons\orbit.js.map' file: Error: ENOENT: no such file or directory, open 'C:\Users\safoo\Desktop\DataArena\node_modules\lucide-react\dist\esm\icons\orbit.js.map'

Failed to parse source map from 'C:\Users\safoo\Desktop\DataArena\node_modules\lucide-react\dist\esm\icons\origami.js.map' file: Error: ENOENT: no such file or directory, open 'C:\Users\safoo\Desktop\DataArena\node_modules\lucide-react\dist\esm\icons\origami.js.map'

Failed to parse source map from 'C:\Users\safoo\Desktop\DataArena\node_modules\lucide-react\dist\esm\icons\package-check.js.map' file: Error: ENOENT: no such file or directory, open 'C:\Users\safoo\Desktop\DataArena\node_modules\lucide-react\dist\esm\icons\package-check.js.map'

Failed to parse source map from 'C:\Users\safoo\Desktop\DataArena\node_modules\lucide-react\dist\esm\icons\package-minus.js.map' file: Error: ENOENT: no such file or directory, open 'C:\Users\safoo\Desktop\DataArena\node_modules\lucide-react\dist\esm\icons\package-minus.js.map'

Failed to parse source map from 'C:\Users\safoo\Desktop\DataArena\node_modules\lucide-react\dist\esm\icons\package-open.js.map' file: Error: ENOENT: no such file or directory, open 'C:\Users\safoo\Desktop\DataArena\node_modules\lucide-react\dist\esm\icons\package-open.js.map'

Failed to parse source map from 'C:\Users\safoo\Desktop\DataArena\node_modules\lucide-react\dist\esm\icons\package-plus.js.map' file: Error: ENOENT: no such file or directory, open 'C:\Users\safoo\Desktop\DataArena\node_modules\lucide-react\dist\esm\icons\package-plus.js.map'

Failed to parse source map from 'C:\Users\safoo\Desktop\DataArena\node_modules\lucide-react\dist\esm\icons\package-search.js.map' file: Error: ENOENT: no such file or directory, open 'C:\Users\safoo\Desktop\DataArena\node_modules\lucide-react\dist\esm\icons\package-search.js.map'

Failed to parse source map from 'C:\Users\safoo\Desktop\DataArena\node_modules\lucide-react\dist\esm\icons\package-x.js.map' file: Error: ENOENT: no such file or directory, open 'C:\Users\safoo\Desktop\DataArena\node_modules\lucide-react\dist\esm\icons\package-x.js.map'

Failed to parse source map from 'C:\Users\safoo\Desktop\DataArena\node_modules\lucide-react\dist\esm\icons\package-2.js.map' file: Error: ENOENT: no such file or directory, open 'C:\Users\safoo\Desktop\DataArena\node_modules\lucide-react\dist\esm\icons\package-2.js.map'

Failed to parse source map from 'C:\Users\safoo\Desktop\DataArena\node_modules\lucide-react\dist\esm\icons\package.js.map' file: Error: ENOENT: no such file or directory, open 'C:\Users\safoo\Desktop\DataArena\node_modules\lucide-react\dist\esm\icons\package.js.map'

Failed to parse source map from 'C:\Users\safoo\Desktop\DataArena\node_modules\lucide-react\dist\esm\icons\paint-bucket.js.map' file: Error: ENOENT: no such file or directory, open 'C:\Users\safoo\Desktop\DataArena\node_modules\lucide-react\dist\esm\icons\paint-bucket.js.map'

Failed to parse source map from 'C:\Users\safoo\Desktop\DataArena\node_modules\lucide-react\dist\esm\icons\paint-roller.js.map' file: Error: ENOENT: no such file or directory, open 'C:\Users\safoo\Desktop\DataArena\node_modules\lucide-react\dist\esm\icons\paint-roller.js.map'

Failed to parse source map from 'C:\Users\safoo\Desktop\DataArena\node_modules\lucide-react\dist\esm\icons\paintbrush-vertical.js.map' file: Error: ENOENT: no such file or directory, open 'C:\Users\safoo\Desktop\DataArena\node_modules\lucide-react\dist\esm\icons\paintbrush-vertical.js.map'

Failed to parse source map from 'C:\Users\safoo\Desktop\DataArena\node_modules\lucide-react\dist\esm\icons\paintbrush.js.map' file: Error: ENOENT: no such file or directory, open 'C:\Users\safoo\Desktop\DataArena\node_modules\lucide-react\dist\esm\icons\paintbrush.js.map'

Failed to parse source map from 'C:\Users\safoo\Desktop\DataArena\node_modules\lucide-react\dist\esm\icons\palette.js.map' file: Error: ENOENT: no such file or directory, open 'C:\Users\safoo\Desktop\DataArena\node_modules\lucide-react\dist\esm\icons\palette.js.map'

Failed to parse source map from 'C:\Users\safoo\Desktop\DataArena\node_modules\lucide-react\dist\esm\icons\panda.js.map' file: Error: ENOENT: no such file or directory, open 'C:\Users\safoo\Desktop\DataArena\node_modules\lucide-react\dist\esm\icons\panda.js.map'

Failed to parse source map from 'C:\Users\safoo\Desktop\DataArena\node_modules\lucide-react\dist\esm\icons\panel-bottom-close.js.map' file: Error: ENOENT: no such file or directory, open 'C:\Users\safoo\Desktop\DataArena\node_modules\lucide-react\dist\esm\icons\panel-bottom-close.js.map'

Failed to parse source map from 'C:\Users\safoo\Desktop\DataArena\node_modules\lucide-react\dist\esm\icons\panel-bottom-dashed.js.map' file: Error: ENOENT: no such file or directory, open 'C:\Users\safoo\Desktop\DataArena\node_modules\lucide-react\dist\esm\icons\panel-bottom-dashed.js.map'

Failed to parse source map from 'C:\Users\safoo\Desktop\DataArena\node_modules\lucide-react\dist\esm\icons\panel-bottom-open.js.map' file: Error: ENOENT: no such file or directory, open 'C:\Users\safoo\Desktop\DataArena\node_modules\lucide-react\dist\esm\icons\panel-bottom-open.js.map'

Failed to parse source map from 'C:\Users\safoo\Desktop\DataArena\node_modules\lucide-react\dist\esm\icons\panel-bottom.js.map' file: Error: ENOENT: no such file or directory, open 'C:\Users\safoo\Desktop\DataArena\node_modules\lucide-react\dist\esm\icons\panel-bottom.js.map'

Failed to parse source map from 'C:\Users\safoo\Desktop\DataArena\node_modules\lucide-react\dist\esm\icons\panel-left-close.js.map' file: Error: ENOENT: no such file or directory, open 'C:\Users\safoo\Desktop\DataArena\node_modules\lucide-react\dist\esm\icons\panel-left-close.js.map'

Failed to parse source map from 'C:\Users\safoo\Desktop\DataArena\node_modules\lucide-react\dist\esm\icons\panel-left-dashed.js.map' file: Error: ENOENT: no such file or directory, open 'C:\Users\safoo\Desktop\DataArena\node_modules\lucide-react\dist\esm\icons\panel-left-dashed.js.map'

Failed to parse source map from 'C:\Users\safoo\Desktop\DataArena\node_modules\lucide-react\dist\esm\icons\panel-left-open.js.map' file: Error: ENOENT: no such file or directory, open 'C:\Users\safoo\Desktop\DataArena\node_modules\lucide-react\dist\esm\icons\panel-left-open.js.map'

Failed to parse source map from 'C:\Users\safoo\Desktop\DataArena\node_modules\lucide-react\dist\esm\icons\panel-left-right-dashed.js.map' file: Error: ENOENT: no such file or directory, open 'C:\Users\safoo\Desktop\DataArena\node_modules\lucide-react\dist\esm\icons\panel-left-right-dashed.js.map'

Failed to parse source map from 'C:\Users\safoo\Desktop\DataArena\node_modules\lucide-react\dist\esm\icons\panel-left.js.map' file: Error: ENOENT: no such file or directory, open 'C:\Users\safoo\Desktop\DataArena\node_modules\lucide-react\dist\esm\icons\panel-left.js.map'

Failed to parse source map from 'C:\Users\safoo\Desktop\DataArena\node_modules\lucide-react\dist\esm\icons\panel-right-close.js.map' file: Error: ENOENT: no such file or directory, open 'C:\Users\safoo\Desktop\DataArena\node_modules\lucide-react\dist\esm\icons\panel-right-close.js.map'

Failed to parse source map from 'C:\Users\safoo\Desktop\DataArena\node_modules\lucide-react\dist\esm\icons\panel-right-dashed.js.map' file: Error: ENOENT: no such file or directory, open 'C:\Users\safoo\Desktop\DataArena\node_modules\lucide-react\dist\esm\icons\panel-right-dashed.js.map'

Failed to parse source map from 'C:\Users\safoo\Desktop\DataArena\node_modules\lucide-react\dist\esm\icons\panel-right-open.js.map' file: Error: ENOENT: no such file or directory, open 'C:\Users\safoo\Desktop\DataArena\node_modules\lucide-react\dist\esm\icons\panel-right-open.js.map'

Failed to parse source map from 'C:\Users\safoo\Desktop\DataArena\node_modules\lucide-react\dist\esm\icons\panel-right.js.map' file: Error: ENOENT: no such file or directory, open 'C:\Users\safoo\Desktop\DataArena\node_modules\lucide-react\dist\esm\icons\panel-right.js.map'

Failed to parse source map from 'C:\Users\safoo\Desktop\DataArena\node_modules\lucide-react\dist\esm\icons\panel-top-bottom-dashed.js.map' file: Error: ENOENT: no such file or directory, open 'C:\Users\safoo\Desktop\DataArena\node_modules\lucide-react\dist\esm\icons\panel-top-bottom-dashed.js.map'

Failed to parse source map from 'C:\Users\safoo\Desktop\DataArena\node_modules\lucide-react\dist\esm\icons\panel-top-close.js.map' file: Error: ENOENT: no such file or directory, open 'C:\Users\safoo\Desktop\DataArena\node_modules\lucide-react\dist\esm\icons\panel-top-close.js.map'

Failed to parse source map from 'C:\Users\safoo\Desktop\DataArena\node_modules\lucide-react\dist\esm\icons\panel-top-dashed.js.map' file: Error: ENOENT: no such file or directory, open 'C:\Users\safoo\Desktop\DataArena\node_modules\lucide-react\dist\esm\icons\panel-top-dashed.js.map'

Failed to parse source map from 'C:\Users\safoo\Desktop\DataArena\node_modules\lucide-react\dist\esm\icons\panel-top-open.js.map' file: Error: ENOENT: no such file or directory, open 'C:\Users\safoo\Desktop\DataArena\node_modules\lucide-react\dist\esm\icons\panel-top-open.js.map'

Failed to parse source map from 'C:\Users\safoo\Desktop\DataArena\node_modules\lucide-react\dist\esm\icons\panel-top.js.map' file: Error: ENOENT: no such file or directory, open 'C:\Users\safoo\Desktop\DataArena\node_modules\lucide-react\dist\esm\icons\panel-top.js.map'

Failed to parse source map from 'C:\Users\safoo\Desktop\DataArena\node_modules\lucide-react\dist\esm\icons\panels-left-bottom.js.map' file: Error: ENOENT: no such file or directory, open 'C:\Users\safoo\Desktop\DataArena\node_modules\lucide-react\dist\esm\icons\panels-left-bottom.js.map'

Failed to parse source map from 'C:\Users\safoo\Desktop\DataArena\node_modules\lucide-react\dist\esm\icons\panels-right-bottom.js.map' file: Error: ENOENT: no such file or directory, open 'C:\Users\safoo\Desktop\DataArena\node_modules\lucide-react\dist\esm\icons\panels-right-bottom.js.map'

Failed to parse source map from 'C:\Users\safoo\Desktop\DataArena\node_modules\lucide-react\dist\esm\icons\panels-top-left.js.map' file: Error: ENOENT: no such file or directory, open 'C:\Users\safoo\Desktop\DataArena\node_modules\lucide-react\dist\esm\icons\panels-top-left.js.map'

Failed to parse source map from 'C:\Users\safoo\Desktop\DataArena\node_modules\lucide-react\dist\esm\icons\paperclip.js.map' file: Error: ENOENT: no such file or directory, open 'C:\Users\safoo\Desktop\DataArena\node_modules\lucide-react\dist\esm\icons\paperclip.js.map'

Failed to parse source map from 'C:\Users\safoo\Desktop\DataArena\node_modules\lucide-react\dist\esm\icons\parentheses.js.map' file: Error: ENOENT: no such file or directory, open 'C:\Users\safoo\Desktop\DataArena\node_modules\lucide-react\dist\esm\icons\parentheses.js.map'

Failed to parse source map from 'C:\Users\safoo\Desktop\DataArena\node_modules\lucide-react\dist\esm\icons\parking-meter.js.map' file: Error: ENOENT: no such file or directory, open 'C:\Users\safoo\Desktop\DataArena\node_modules\lucide-react\dist\esm\icons\parking-meter.js.map'

Failed to parse source map from 'C:\Users\safoo\Desktop\DataArena\node_modules\lucide-react\dist\esm\icons\party-popper.js.map' file: Error: ENOENT: no such file or directory, open 'C:\Users\safoo\Desktop\DataArena\node_modules\lucide-react\dist\esm\icons\party-popper.js.map'

Failed to parse source map from 'C:\Users\safoo\Desktop\DataArena\node_modules\lucide-react\dist\esm\icons\pause.js.map' file: Error: ENOENT: no such file or directory, open 'C:\Users\safoo\Desktop\DataArena\node_modules\lucide-react\dist\esm\icons\pause.js.map'

Failed to parse source map from 'C:\Users\safoo\Desktop\DataArena\node_modules\lucide-react\dist\esm\icons\paw-print.js.map' file: Error: ENOENT: no such file or directory, open 'C:\Users\safoo\Desktop\DataArena\node_modules\lucide-react\dist\esm\icons\paw-print.js.map'

Failed to parse source map from 'C:\Users\safoo\Desktop\DataArena\node_modules\lucide-react\dist\esm\icons\pc-case.js.map' file: Error: ENOENT: no such file or directory, open 'C:\Users\safoo\Desktop\DataArena\node_modules\lucide-react\dist\esm\icons\pc-case.js.map'

Failed to parse source map from 'C:\Users\safoo\Desktop\DataArena\node_modules\lucide-react\dist\esm\icons\pen-line.js.map' file: Error: ENOENT: no such file or directory, open 'C:\Users\safoo\Desktop\DataArena\node_modules\lucide-react\dist\esm\icons\pen-line.js.map'

Failed to parse source map from 'C:\Users\safoo\Desktop\DataArena\node_modules\lucide-react\dist\esm\icons\pen-off.js.map' file: Error: ENOENT: no such file or directory, open 'C:\Users\safoo\Desktop\DataArena\node_modules\lucide-react\dist\esm\icons\pen-off.js.map'

Failed to parse source map from 'C:\Users\safoo\Desktop\DataArena\node_modules\lucide-react\dist\esm\icons\pen-tool.js.map' file: Error: ENOENT: no such file or directory, open 'C:\Users\safoo\Desktop\DataArena\node_modules\lucide-react\dist\esm\icons\pen-tool.js.map'

Failed to parse source map from 'C:\Users\safoo\Desktop\DataArena\node_modules\lucide-react\dist\esm\icons\pen.js.map' file: Error: ENOENT: no such file or directory, open 'C:\Users\safoo\Desktop\DataArena\node_modules\lucide-react\dist\esm\icons\pen.js.map'

Failed to parse source map from 'C:\Users\safoo\Desktop\DataArena\node_modules\lucide-react\dist\esm\icons\pencil-line.js.map' file: Error: ENOENT: no such file or directory, open 'C:\Users\safoo\Desktop\DataArena\node_modules\lucide-react\dist\esm\icons\pencil-line.js.map'

Failed to parse source map from 'C:\Users\safoo\Desktop\DataArena\node_modules\lucide-react\dist\esm\icons\pencil-off.js.map' file: Error: ENOENT: no such file or directory, open 'C:\Users\safoo\Desktop\DataArena\node_modules\lucide-react\dist\esm\icons\pencil-off.js.map'

Failed to parse source map from 'C:\Users\safoo\Desktop\DataArena\node_modules\lucide-react\dist\esm\icons\pencil-ruler.js.map' file: Error: ENOENT: no such file or directory, open 'C:\Users\safoo\Desktop\DataArena\node_modules\lucide-react\dist\esm\icons\pencil-ruler.js.map'

Failed to parse source map from 'C:\Users\safoo\Desktop\DataArena\node_modules\lucide-react\dist\esm\icons\pencil.js.map' file: Error: ENOENT: no such file or directory, open 'C:\Users\safoo\Desktop\DataArena\node_modules\lucide-react\dist\esm\icons\pencil.js.map'

Failed to parse source map from 'C:\Users\safoo\Desktop\DataArena\node_modules\lucide-react\dist\esm\icons\pentagon.js.map' file: Error: ENOENT: no such file or directory, open 'C:\Users\safoo\Desktop\DataArena\node_modules\lucide-react\dist\esm\icons\pentagon.js.map'

Failed to parse source map from 'C:\Users\safoo\Desktop\DataArena\node_modules\lucide-react\dist\esm\icons\percent.js.map' file: Error: ENOENT: no such file or directory, open 'C:\Users\safoo\Desktop\DataArena\node_modules\lucide-react\dist\esm\icons\percent.js.map'

Failed to parse source map from 'C:\Users\safoo\Desktop\DataArena\node_modules\lucide-react\dist\esm\icons\person-standing.js.map' file: Error: ENOENT: no such file or directory, open 'C:\Users\safoo\Desktop\DataArena\node_modules\lucide-react\dist\esm\icons\person-standing.js.map'

Failed to parse source map from 'C:\Users\safoo\Desktop\DataArena\node_modules\lucide-react\dist\esm\icons\philippine-peso.js.map' file: Error: ENOENT: no such file or directory, open 'C:\Users\safoo\Desktop\DataArena\node_modules\lucide-react\dist\esm\icons\philippine-peso.js.map'

Failed to parse source map from 'C:\Users\safoo\Desktop\DataArena\node_modules\lucide-react\dist\esm\icons\phone-call.js.map' file: Error: ENOENT: no such file or directory, open 'C:\Users\safoo\Desktop\DataArena\node_modules\lucide-react\dist\esm\icons\phone-call.js.map'

Failed to parse source map from 'C:\Users\safoo\Desktop\DataArena\node_modules\lucide-react\dist\esm\icons\phone-forwarded.js.map' file: Error: ENOENT: no such file or directory, open 'C:\Users\safoo\Desktop\DataArena\node_modules\lucide-react\dist\esm\icons\phone-forwarded.js.map'

Failed to parse source map from 'C:\Users\safoo\Desktop\DataArena\node_modules\lucide-react\dist\esm\icons\phone-incoming.js.map' file: Error: ENOENT: no such file or directory, open 'C:\Users\safoo\Desktop\DataArena\node_modules\lucide-react\dist\esm\icons\phone-incoming.js.map'

Failed to parse source map from 'C:\Users\safoo\Desktop\DataArena\node_modules\lucide-react\dist\esm\icons\phone-missed.js.map' file: Error: ENOENT: no such file or directory, open 'C:\Users\safoo\Desktop\DataArena\node_modules\lucide-react\dist\esm\icons\phone-missed.js.map'

Failed to parse source map from 'C:\Users\safoo\Desktop\DataArena\node_modules\lucide-react\dist\esm\icons\phone-off.js.map' file: Error: ENOENT: no such file or directory, open 'C:\Users\safoo\Desktop\DataArena\node_modules\lucide-react\dist\esm\icons\phone-off.js.map'

Failed to parse source map from 'C:\Users\safoo\Desktop\DataArena\node_modules\lucide-react\dist\esm\icons\phone-outgoing.js.map' file: Error: ENOENT: no such file or directory, open 'C:\Users\safoo\Desktop\DataArena\node_modules\lucide-react\dist\esm\icons\phone-outgoing.js.map'

Failed to parse source map from 'C:\Users\safoo\Desktop\DataArena\node_modules\lucide-react\dist\esm\icons\phone.js.map' file: Error: ENOENT: no such file or directory, open 'C:\Users\safoo\Desktop\DataArena\node_modules\lucide-react\dist\esm\icons\phone.js.map'

Failed to parse source map from 'C:\Users\safoo\Desktop\DataArena\node_modules\lucide-react\dist\esm\icons\pi.js.map' file: Error: ENOENT: no such file or directory, open 'C:\Users\safoo\Desktop\DataArena\node_modules\lucide-react\dist\esm\icons\pi.js.map'

Failed to parse source map from 'C:\Users\safoo\Desktop\DataArena\node_modules\lucide-react\dist\esm\icons\piano.js.map' file: Error: ENOENT: no such file or directory, open 'C:\Users\safoo\Desktop\DataArena\node_modules\lucide-react\dist\esm\icons\piano.js.map'

Failed to parse source map from 'C:\Users\safoo\Desktop\DataArena\node_modules\lucide-react\dist\esm\icons\pickaxe.js.map' file: Error: ENOENT: no such file or directory, open 'C:\Users\safoo\Desktop\DataArena\node_modules\lucide-react\dist\esm\icons\pickaxe.js.map'

Failed to parse source map from 'C:\Users\safoo\Desktop\DataArena\node_modules\lucide-react\dist\esm\icons\picture-in-picture-2.js.map' file: Error: ENOENT: no such file or directory, open 'C:\Users\safoo\Desktop\DataArena\node_modules\lucide-react\dist\esm\icons\picture-in-picture-2.js.map'

Failed to parse source map from 'C:\Users\safoo\Desktop\DataArena\node_modules\lucide-react\dist\esm\icons\picture-in-picture.js.map' file: Error: ENOENT: no such file or directory, open 'C:\Users\safoo\Desktop\DataArena\node_modules\lucide-react\dist\esm\icons\picture-in-picture.js.map'

Failed to parse source map from 'C:\Users\safoo\Desktop\DataArena\node_modules\lucide-react\dist\esm\icons\piggy-bank.js.map' file: Error: ENOENT: no such file or directory, open 'C:\Users\safoo\Desktop\DataArena\node_modules\lucide-react\dist\esm\icons\piggy-bank.js.map'

Failed to parse source map from 'C:\Users\safoo\Desktop\DataArena\node_modules\lucide-react\dist\esm\icons\pilcrow-left.js.map' file: Error: ENOENT: no such file or directory, open 'C:\Users\safoo\Desktop\DataArena\node_modules\lucide-react\dist\esm\icons\pilcrow-left.js.map'

Failed to parse source map from 'C:\Users\safoo\Desktop\DataArena\node_modules\lucide-react\dist\esm\icons\pilcrow-right.js.map' file: Error: ENOENT: no such file or directory, open 'C:\Users\safoo\Desktop\DataArena\node_modules\lucide-react\dist\esm\icons\pilcrow-right.js.map'

Failed to parse source map from 'C:\Users\safoo\Desktop\DataArena\node_modules\lucide-react\dist\esm\icons\pilcrow.js.map' file: Error: ENOENT: no such file or directory, open 'C:\Users\safoo\Desktop\DataArena\node_modules\lucide-react\dist\esm\icons\pilcrow.js.map'

Failed to parse source map from 'C:\Users\safoo\Desktop\DataArena\node_modules\lucide-react\dist\esm\icons\pill-bottle.js.map' file: Error: ENOENT: no such file or directory, open 'C:\Users\safoo\Desktop\DataArena\node_modules\lucide-react\dist\esm\icons\pill-bottle.js.map'

Failed to parse source map from 'C:\Users\safoo\Desktop\DataArena\node_modules\lucide-react\dist\esm\icons\pill.js.map' file: Error: ENOENT: no such file or directory, open 'C:\Users\safoo\Desktop\DataArena\node_modules\lucide-react\dist\esm\icons\pill.js.map'

Failed to parse source map from 'C:\Users\safoo\Desktop\DataArena\node_modules\lucide-react\dist\esm\icons\pin-off.js.map' file: Error: ENOENT: no such file or directory, open 'C:\Users\safoo\Desktop\DataArena\node_modules\lucide-react\dist\esm\icons\pin-off.js.map'

Failed to parse source map from 'C:\Users\safoo\Desktop\DataArena\node_modules\lucide-react\dist\esm\icons\pin.js.map' file: Error: ENOENT: no such file or directory, open 'C:\Users\safoo\Desktop\DataArena\node_modules\lucide-react\dist\esm\icons\pin.js.map'

Failed to parse source map from 'C:\Users\safoo\Desktop\DataArena\node_modules\lucide-react\dist\esm\icons\pipette.js.map' file: Error: ENOENT: no such file or directory, open 'C:\Users\safoo\Desktop\DataArena\node_modules\lucide-react\dist\esm\icons\pipette.js.map'

Failed to parse source map from 'C:\Users\safoo\Desktop\DataArena\node_modules\lucide-react\dist\esm\icons\pizza.js.map' file: Error: ENOENT: no such file or directory, open 'C:\Users\safoo\Desktop\DataArena\node_modules\lucide-react\dist\esm\icons\pizza.js.map'

Failed to parse source map from 'C:\Users\safoo\Desktop\DataArena\node_modules\lucide-react\dist\esm\icons\plane-landing.js.map' file: Error: ENOENT: no such file or directory, open 'C:\Users\safoo\Desktop\DataArena\node_modules\lucide-react\dist\esm\icons\plane-landing.js.map'

Failed to parse source map from 'C:\Users\safoo\Desktop\DataArena\node_modules\lucide-react\dist\esm\icons\plane-takeoff.js.map' file: Error: ENOENT: no such file or directory, open 'C:\Users\safoo\Desktop\DataArena\node_modules\lucide-react\dist\esm\icons\plane-takeoff.js.map'

Failed to parse source map from 'C:\Users\safoo\Desktop\DataArena\node_modules\lucide-react\dist\esm\icons\plane.js.map' file: Error: ENOENT: no such file or directory, open 'C:\Users\safoo\Desktop\DataArena\node_modules\lucide-react\dist\esm\icons\plane.js.map'

Failed to parse source map from 'C:\Users\safoo\Desktop\DataArena\node_modules\lucide-react\dist\esm\icons\play.js.map' file: Error: ENOENT: no such file or directory, open 'C:\Users\safoo\Desktop\DataArena\node_modules\lucide-react\dist\esm\icons\play.js.map'

Failed to parse source map from 'C:\Users\safoo\Desktop\DataArena\node_modules\lucide-react\dist\esm\icons\plug-zap.js.map' file: Error: ENOENT: no such file or directory, open 'C:\Users\safoo\Desktop\DataArena\node_modules\lucide-react\dist\esm\icons\plug-zap.js.map'

Failed to parse source map from 'C:\Users\safoo\Desktop\DataArena\node_modules\lucide-react\dist\esm\icons\plug-2.js.map' file: Error: ENOENT: no such file or directory, open 'C:\Users\safoo\Desktop\DataArena\node_modules\lucide-react\dist\esm\icons\plug-2.js.map'

Failed to parse source map from 'C:\Users\safoo\Desktop\DataArena\node_modules\lucide-react\dist\esm\icons\plug.js.map' file: Error: ENOENT: no such file or directory, open 'C:\Users\safoo\Desktop\DataArena\node_modules\lucide-react\dist\esm\icons\plug.js.map'

Failed to parse source map from 'C:\Users\safoo\Desktop\DataArena\node_modules\lucide-react\dist\esm\icons\plus.js.map' file: Error: ENOENT: no such file or directory, open 'C:\Users\safoo\Desktop\DataArena\node_modules\lucide-react\dist\esm\icons\plus.js.map'

Failed to parse source map from 'C:\Users\safoo\Desktop\DataArena\node_modules\lucide-react\dist\esm\icons\pocket-knife.js.map' file: Error: ENOENT: no such file or directory, open 'C:\Users\safoo\Desktop\DataArena\node_modules\lucide-react\dist\esm\icons\pocket-knife.js.map'

Failed to parse source map from 'C:\Users\safoo\Desktop\DataArena\node_modules\lucide-react\dist\esm\icons\pocket.js.map' file: Error: ENOENT: no such file or directory, open 'C:\Users\safoo\Desktop\DataArena\node_modules\lucide-react\dist\esm\icons\pocket.js.map'

Failed to parse source map from 'C:\Users\safoo\Desktop\DataArena\node_modules\lucide-react\dist\esm\icons\podcast.js.map' file: Error: ENOENT: no such file or directory, open 'C:\Users\safoo\Desktop\DataArena\node_modules\lucide-react\dist\esm\icons\podcast.js.map'

Failed to parse source map from 'C:\Users\safoo\Desktop\DataArena\node_modules\lucide-react\dist\esm\icons\pointer-off.js.map' file: Error: ENOENT: no such file or directory, open 'C:\Users\safoo\Desktop\DataArena\node_modules\lucide-react\dist\esm\icons\pointer-off.js.map'

Failed to parse source map from 'C:\Users\safoo\Desktop\DataArena\node_modules\lucide-react\dist\esm\icons\pointer.js.map' file: Error: ENOENT: no such file or directory, open 'C:\Users\safoo\Desktop\DataArena\node_modules\lucide-react\dist\esm\icons\pointer.js.map'

Failed to parse source map from 'C:\Users\safoo\Desktop\DataArena\node_modules\lucide-react\dist\esm\icons\popcorn.js.map' file: Error: ENOENT: no such file or directory, open 'C:\Users\safoo\Desktop\DataArena\node_modules\lucide-react\dist\esm\icons\popcorn.js.map'

Failed to parse source map from 'C:\Users\safoo\Desktop\DataArena\node_modules\lucide-react\dist\esm\icons\popsicle.js.map' file: Error: ENOENT: no such file or directory, open 'C:\Users\safoo\Desktop\DataArena\node_modules\lucide-react\dist\esm\icons\popsicle.js.map'

Failed to parse source map from 'C:\Users\safoo\Desktop\DataArena\node_modules\lucide-react\dist\esm\icons\pound-sterling.js.map' file: Error: ENOENT: no such file or directory, open 'C:\Users\safoo\Desktop\DataArena\node_modules\lucide-react\dist\esm\icons\pound-sterling.js.map'

Failed to parse source map from 'C:\Users\safoo\Desktop\DataArena\node_modules\lucide-react\dist\esm\icons\power-off.js.map' file: Error: ENOENT: no such file or directory, open 'C:\Users\safoo\Desktop\DataArena\node_modules\lucide-react\dist\esm\icons\power-off.js.map'

Failed to parse source map from 'C:\Users\safoo\Desktop\DataArena\node_modules\lucide-react\dist\esm\icons\power.js.map' file: Error: ENOENT: no such file or directory, open 'C:\Users\safoo\Desktop\DataArena\node_modules\lucide-react\dist\esm\icons\power.js.map'

Failed to parse source map from 'C:\Users\safoo\Desktop\DataArena\node_modules\lucide-react\dist\esm\icons\presentation.js.map' file: Error: ENOENT: no such file or directory, open 'C:\Users\safoo\Desktop\DataArena\node_modules\lucide-react\dist\esm\icons\presentation.js.map'

Failed to parse source map from 'C:\Users\safoo\Desktop\DataArena\node_modules\lucide-react\dist\esm\icons\printer-check.js.map' file: Error: ENOENT: no such file or directory, open 'C:\Users\safoo\Desktop\DataArena\node_modules\lucide-react\dist\esm\icons\printer-check.js.map'

Failed to parse source map from 'C:\Users\safoo\Desktop\DataArena\node_modules\lucide-react\dist\esm\icons\printer.js.map' file: Error: ENOENT: no such file or directory, open 'C:\Users\safoo\Desktop\DataArena\node_modules\lucide-react\dist\esm\icons\printer.js.map'

Failed to parse source map from 'C:\Users\safoo\Desktop\DataArena\node_modules\lucide-react\dist\esm\icons\projector.js.map' file: Error: ENOENT: no such file or directory, open 'C:\Users\safoo\Desktop\DataArena\node_modules\lucide-react\dist\esm\icons\projector.js.map'

Failed to parse source map from 'C:\Users\safoo\Desktop\DataArena\node_modules\lucide-react\dist\esm\icons\proportions.js.map' file: Error: ENOENT: no such file or directory, open 'C:\Users\safoo\Desktop\DataArena\node_modules\lucide-react\dist\esm\icons\proportions.js.map'

Failed to parse source map from 'C:\Users\safoo\Desktop\DataArena\node_modules\lucide-react\dist\esm\icons\puzzle.js.map' file: Error: ENOENT: no such file or directory, open 'C:\Users\safoo\Desktop\DataArena\node_modules\lucide-react\dist\esm\icons\puzzle.js.map'

Failed to parse source map from 'C:\Users\safoo\Desktop\DataArena\node_modules\lucide-react\dist\esm\icons\pyramid.js.map' file: Error: ENOENT: no such file or directory, open 'C:\Users\safoo\Desktop\DataArena\node_modules\lucide-react\dist\esm\icons\pyramid.js.map'

Failed to parse source map from 'C:\Users\safoo\Desktop\DataArena\node_modules\lucide-react\dist\esm\icons\qr-code.js.map' file: Error: ENOENT: no such file or directory, open 'C:\Users\safoo\Desktop\DataArena\node_modules\lucide-react\dist\esm\icons\qr-code.js.map'

Failed to parse source map from 'C:\Users\safoo\Desktop\DataArena\node_modules\lucide-react\dist\esm\icons\quote.js.map' file: Error: ENOENT: no such file or directory, open 'C:\Users\safoo\Desktop\DataArena\node_modules\lucide-react\dist\esm\icons\quote.js.map'

Failed to parse source map from 'C:\Users\safoo\Desktop\DataArena\node_modules\lucide-react\dist\esm\icons\rabbit.js.map' file: Error: ENOENT: no such file or directory, open 'C:\Users\safoo\Desktop\DataArena\node_modules\lucide-react\dist\esm\icons\rabbit.js.map'

Failed to parse source map from 'C:\Users\safoo\Desktop\DataArena\node_modules\lucide-react\dist\esm\icons\radar.js.map' file: Error: ENOENT: no such file or directory, open 'C:\Users\safoo\Desktop\DataArena\node_modules\lucide-react\dist\esm\icons\radar.js.map'

Failed to parse source map from 'C:\Users\safoo\Desktop\DataArena\node_modules\lucide-react\dist\esm\icons\radiation.js.map' file: Error: ENOENT: no such file or directory, open 'C:\Users\safoo\Desktop\DataArena\node_modules\lucide-react\dist\esm\icons\radiation.js.map'

Failed to parse source map from 'C:\Users\safoo\Desktop\DataArena\node_modules\lucide-react\dist\esm\icons\radical.js.map' file: Error: ENOENT: no such file or directory, open 'C:\Users\safoo\Desktop\DataArena\node_modules\lucide-react\dist\esm\icons\radical.js.map'

Failed to parse source map from 'C:\Users\safoo\Desktop\DataArena\node_modules\lucide-react\dist\esm\icons\radio-receiver.js.map' file: Error: ENOENT: no such file or directory, open 'C:\Users\safoo\Desktop\DataArena\node_modules\lucide-react\dist\esm\icons\radio-receiver.js.map'

Failed to parse source map from 'C:\Users\safoo\Desktop\DataArena\node_modules\lucide-react\dist\esm\icons\radio-tower.js.map' file: Error: ENOENT: no such file or directory, open 'C:\Users\safoo\Desktop\DataArena\node_modules\lucide-react\dist\esm\icons\radio-tower.js.map'

Failed to parse source map from 'C:\Users\safoo\Desktop\DataArena\node_modules\lucide-react\dist\esm\icons\radio.js.map' file: Error: ENOENT: no such file or directory, open 'C:\Users\safoo\Desktop\DataArena\node_modules\lucide-react\dist\esm\icons\radio.js.map'

Failed to parse source map from 'C:\Users\safoo\Desktop\DataArena\node_modules\lucide-react\dist\esm\icons\radius.js.map' file: Error: ENOENT: no such file or directory, open 'C:\Users\safoo\Desktop\DataArena\node_modules\lucide-react\dist\esm\icons\radius.js.map'

Failed to parse source map from 'C:\Users\safoo\Desktop\DataArena\node_modules\lucide-react\dist\esm\icons\rail-symbol.js.map' file: Error: ENOENT: no such file or directory, open 'C:\Users\safoo\Desktop\DataArena\node_modules\lucide-react\dist\esm\icons\rail-symbol.js.map'

Failed to parse source map from 'C:\Users\safoo\Desktop\DataArena\node_modules\lucide-react\dist\esm\icons\rainbow.js.map' file: Error: ENOENT: no such file or directory, open 'C:\Users\safoo\Desktop\DataArena\node_modules\lucide-react\dist\esm\icons\rainbow.js.map'

Failed to parse source map from 'C:\Users\safoo\Desktop\DataArena\node_modules\lucide-react\dist\esm\icons\rat.js.map' file: Error: ENOENT: no such file or directory, open 'C:\Users\safoo\Desktop\DataArena\node_modules\lucide-react\dist\esm\icons\rat.js.map'

Failed to parse source map from 'C:\Users\safoo\Desktop\DataArena\node_modules\lucide-react\dist\esm\icons\ratio.js.map' file: Error: ENOENT: no such file or directory, open 'C:\Users\safoo\Desktop\DataArena\node_modules\lucide-react\dist\esm\icons\ratio.js.map'

Failed to parse source map from 'C:\Users\safoo\Desktop\DataArena\node_modules\lucide-react\dist\esm\icons\receipt-cent.js.map' file: Error: ENOENT: no such file or directory, open 'C:\Users\safoo\Desktop\DataArena\node_modules\lucide-react\dist\esm\icons\receipt-cent.js.map'

Failed to parse source map from 'C:\Users\safoo\Desktop\DataArena\node_modules\lucide-react\dist\esm\icons\receipt-euro.js.map' file: Error: ENOENT: no such file or directory, open 'C:\Users\safoo\Desktop\DataArena\node_modules\lucide-react\dist\esm\icons\receipt-euro.js.map'

Failed to parse source map from 'C:\Users\safoo\Desktop\DataArena\node_modules\lucide-react\dist\esm\icons\receipt-indian-rupee.js.map' file: Error: ENOENT: no such file or directory, open 'C:\Users\safoo\Desktop\DataArena\node_modules\lucide-react\dist\esm\icons\receipt-indian-rupee.js.map'

Failed to parse source map from 'C:\Users\safoo\Desktop\DataArena\node_modules\lucide-react\dist\esm\icons\receipt-japanese-yen.js.map' file: Error: ENOENT: no such file or directory, open 'C:\Users\safoo\Desktop\DataArena\node_modules\lucide-react\dist\esm\icons\receipt-japanese-yen.js.map'

Failed to parse source map from 'C:\Users\safoo\Desktop\DataArena\node_modules\lucide-react\dist\esm\icons\receipt-pound-sterling.js.map' file: Error: ENOENT: no such file or directory, open 'C:\Users\safoo\Desktop\DataArena\node_modules\lucide-react\dist\esm\icons\receipt-pound-sterling.js.map'

Failed to parse source map from 'C:\Users\safoo\Desktop\DataArena\node_modules\lucide-react\dist\esm\icons\receipt-russian-ruble.js.map' file: Error: ENOENT: no such file or directory, open 'C:\Users\safoo\Desktop\DataArena\node_modules\lucide-react\dist\esm\icons\receipt-russian-ruble.js.map'

Failed to parse source map from 'C:\Users\safoo\Desktop\DataArena\node_modules\lucide-react\dist\esm\icons\receipt-swiss-franc.js.map' file: Error: ENOENT: no such file or directory, open 'C:\Users\safoo\Desktop\DataArena\node_modules\lucide-react\dist\esm\icons\receipt-swiss-franc.js.map'

Failed to parse source map from 'C:\Users\safoo\Desktop\DataArena\node_modules\lucide-react\dist\esm\icons\receipt-text.js.map' file: Error: ENOENT: no such file or directory, open 'C:\Users\safoo\Desktop\DataArena\node_modules\lucide-react\dist\esm\icons\receipt-text.js.map'

Failed to parse source map from 'C:\Users\safoo\Desktop\DataArena\node_modules\lucide-react\dist\esm\icons\receipt-turkish-lira.js.map' file: Error: ENOENT: no such file or directory, open 'C:\Users\safoo\Desktop\DataArena\node_modules\lucide-react\dist\esm\icons\receipt-turkish-lira.js.map'

Failed to parse source map from 'C:\Users\safoo\Desktop\DataArena\node_modules\lucide-react\dist\esm\icons\receipt.js.map' file: Error: ENOENT: no such file or directory, open 'C:\Users\safoo\Desktop\DataArena\node_modules\lucide-react\dist\esm\icons\receipt.js.map'

Failed to parse source map from 'C:\Users\safoo\Desktop\DataArena\node_modules\lucide-react\dist\esm\icons\rectangle-circle.js.map' file: Error: ENOENT: no such file or directory, open 'C:\Users\safoo\Desktop\DataArena\node_modules\lucide-react\dist\esm\icons\rectangle-circle.js.map'

Failed to parse source map from 'C:\Users\safoo\Desktop\DataArena\node_modules\lucide-react\dist\esm\icons\rectangle-ellipsis.js.map' file: Error: ENOENT: no such file or directory, open 'C:\Users\safoo\Desktop\DataArena\node_modules\lucide-react\dist\esm\icons\rectangle-ellipsis.js.map'

Failed to parse source map from 'C:\Users\safoo\Desktop\DataArena\node_modules\lucide-react\dist\esm\icons\rectangle-goggles.js.map' file: Error: ENOENT: no such file or directory, open 'C:\Users\safoo\Desktop\DataArena\node_modules\lucide-react\dist\esm\icons\rectangle-goggles.js.map'

Failed to parse source map from 'C:\Users\safoo\Desktop\DataArena\node_modules\lucide-react\dist\esm\icons\rectangle-horizontal.js.map' file: Error: ENOENT: no such file or directory, open 'C:\Users\safoo\Desktop\DataArena\node_modules\lucide-react\dist\esm\icons\rectangle-horizontal.js.map'

Failed to parse source map from 'C:\Users\safoo\Desktop\DataArena\node_modules\lucide-react\dist\esm\icons\rectangle-vertical.js.map' file: Error: ENOENT: no such file or directory, open 'C:\Users\safoo\Desktop\DataArena\node_modules\lucide-react\dist\esm\icons\rectangle-vertical.js.map'

Failed to parse source map from 'C:\Users\safoo\Desktop\DataArena\node_modules\lucide-react\dist\esm\icons\recycle.js.map' file: Error: ENOENT: no such file or directory, open 'C:\Users\safoo\Desktop\DataArena\node_modules\lucide-react\dist\esm\icons\recycle.js.map'

Failed to parse source map from 'C:\Users\safoo\Desktop\DataArena\node_modules\lucide-react\dist\esm\icons\redo-dot.js.map' file: Error: ENOENT: no such file or directory, open 'C:\Users\safoo\Desktop\DataArena\node_modules\lucide-react\dist\esm\icons\redo-dot.js.map'

Failed to parse source map from 'C:\Users\safoo\Desktop\DataArena\node_modules\lucide-react\dist\esm\icons\redo-2.js.map' file: Error: ENOENT: no such file or directory, open 'C:\Users\safoo\Desktop\DataArena\node_modules\lucide-react\dist\esm\icons\redo-2.js.map'

Failed to parse source map from 'C:\Users\safoo\Desktop\DataArena\node_modules\lucide-react\dist\esm\icons\redo.js.map' file: Error: ENOENT: no such file or directory, open 'C:\Users\safoo\Desktop\DataArena\node_modules\lucide-react\dist\esm\icons\redo.js.map'

Failed to parse source map from 'C:\Users\safoo\Desktop\DataArena\node_modules\lucide-react\dist\esm\icons\refresh-ccw-dot.js.map' file: Error: ENOENT: no such file or directory, open 'C:\Users\safoo\Desktop\DataArena\node_modules\lucide-react\dist\esm\icons\refresh-ccw-dot.js.map'

Failed to parse source map from 'C:\Users\safoo\Desktop\DataArena\node_modules\lucide-react\dist\esm\icons\refresh-ccw.js.map' file: Error: ENOENT: no such file or directory, open 'C:\Users\safoo\Desktop\DataArena\node_modules\lucide-react\dist\esm\icons\refresh-ccw.js.map'

Failed to parse source map from 'C:\Users\safoo\Desktop\DataArena\node_modules\lucide-react\dist\esm\icons\refresh-cw-off.js.map' file: Error: ENOENT: no such file or directory, open 'C:\Users\safoo\Desktop\DataArena\node_modules\lucide-react\dist\esm\icons\refresh-cw-off.js.map'

Failed to parse source map from 'C:\Users\safoo\Desktop\DataArena\node_modules\lucide-react\dist\esm\icons\refresh-cw.js.map' file: Error: ENOENT: no such file or directory, open 'C:\Users\safoo\Desktop\DataArena\node_modules\lucide-react\dist\esm\icons\refresh-cw.js.map'

Failed to parse source map from 'C:\Users\safoo\Desktop\DataArena\node_modules\lucide-react\dist\esm\icons\refrigerator.js.map' file: Error: ENOENT: no such file or directory, open 'C:\Users\safoo\Desktop\DataArena\node_modules\lucide-react\dist\esm\icons\refrigerator.js.map'

Failed to parse source map from 'C:\Users\safoo\Desktop\DataArena\node_modules\lucide-react\dist\esm\icons\regex.js.map' file: Error: ENOENT: no such file or directory, open 'C:\Users\safoo\Desktop\DataArena\node_modules\lucide-react\dist\esm\icons\regex.js.map'

Failed to parse source map from 'C:\Users\safoo\Desktop\DataArena\node_modules\lucide-react\dist\esm\icons\remove-formatting.js.map' file: Error: ENOENT: no such file or directory, open 'C:\Users\safoo\Desktop\DataArena\node_modules\lucide-react\dist\esm\icons\remove-formatting.js.map'

Failed to parse source map from 'C:\Users\safoo\Desktop\DataArena\node_modules\lucide-react\dist\esm\icons\repeat-1.js.map' file: Error: ENOENT: no such file or directory, open 'C:\Users\safoo\Desktop\DataArena\node_modules\lucide-react\dist\esm\icons\repeat-1.js.map'

Failed to parse source map from 'C:\Users\safoo\Desktop\DataArena\node_modules\lucide-react\dist\esm\icons\repeat-2.js.map' file: Error: ENOENT: no such file or directory, open 'C:\Users\safoo\Desktop\DataArena\node_modules\lucide-react\dist\esm\icons\repeat-2.js.map'

Failed to parse source map from 'C:\Users\safoo\Desktop\DataArena\node_modules\lucide-react\dist\esm\icons\repeat.js.map' file: Error: ENOENT: no such file or directory, open 'C:\Users\safoo\Desktop\DataArena\node_modules\lucide-react\dist\esm\icons\repeat.js.map'

Failed to parse source map from 'C:\Users\safoo\Desktop\DataArena\node_modules\lucide-react\dist\esm\icons\replace-all.js.map' file: Error: ENOENT: no such file or directory, open 'C:\Users\safoo\Desktop\DataArena\node_modules\lucide-react\dist\esm\icons\replace-all.js.map'

Failed to parse source map from 'C:\Users\safoo\Desktop\DataArena\node_modules\lucide-react\dist\esm\icons\replace.js.map' file: Error: ENOENT: no such file or directory, open 'C:\Users\safoo\Desktop\DataArena\node_modules\lucide-react\dist\esm\icons\replace.js.map'

Failed to parse source map from 'C:\Users\safoo\Desktop\DataArena\node_modules\lucide-react\dist\esm\icons\reply-all.js.map' file: Error: ENOENT: no such file or directory, open 'C:\Users\safoo\Desktop\DataArena\node_modules\lucide-react\dist\esm\icons\reply-all.js.map'

Failed to parse source map from 'C:\Users\safoo\Desktop\DataArena\node_modules\lucide-react\dist\esm\icons\reply.js.map' file: Error: ENOENT: no such file or directory, open 'C:\Users\safoo\Desktop\DataArena\node_modules\lucide-react\dist\esm\icons\reply.js.map'

Failed to parse source map from 'C:\Users\safoo\Desktop\DataArena\node_modules\lucide-react\dist\esm\icons\rewind.js.map' file: Error: ENOENT: no such file or directory, open 'C:\Users\safoo\Desktop\DataArena\node_modules\lucide-react\dist\esm\icons\rewind.js.map'

Failed to parse source map from 'C:\Users\safoo\Desktop\DataArena\node_modules\lucide-react\dist\esm\icons\ribbon.js.map' file: Error: ENOENT: no such file or directory, open 'C:\Users\safoo\Desktop\DataArena\node_modules\lucide-react\dist\esm\icons\ribbon.js.map'

Failed to parse source map from 'C:\Users\safoo\Desktop\DataArena\node_modules\lucide-react\dist\esm\icons\rocket.js.map' file: Error: ENOENT: no such file or directory, open 'C:\Users\safoo\Desktop\DataArena\node_modules\lucide-react\dist\esm\icons\rocket.js.map'

Failed to parse source map from 'C:\Users\safoo\Desktop\DataArena\node_modules\lucide-react\dist\esm\icons\rocking-chair.js.map' file: Error: ENOENT: no such file or directory, open 'C:\Users\safoo\Desktop\DataArena\node_modules\lucide-react\dist\esm\icons\rocking-chair.js.map'

Failed to parse source map from 'C:\Users\safoo\Desktop\DataArena\node_modules\lucide-react\dist\esm\icons\roller-coaster.js.map' file: Error: ENOENT: no such file or directory, open 'C:\Users\safoo\Desktop\DataArena\node_modules\lucide-react\dist\esm\icons\roller-coaster.js.map'

Failed to parse source map from 'C:\Users\safoo\Desktop\DataArena\node_modules\lucide-react\dist\esm\icons\rose.js.map' file: Error: ENOENT: no such file or directory, open 'C:\Users\safoo\Desktop\DataArena\node_modules\lucide-react\dist\esm\icons\rose.js.map'

Failed to parse source map from 'C:\Users\safoo\Desktop\DataArena\node_modules\lucide-react\dist\esm\icons\rotate-ccw-key.js.map' file: Error: ENOENT: no such file or directory, open 'C:\Users\safoo\Desktop\DataArena\node_modules\lucide-react\dist\esm\icons\rotate-ccw-key.js.map'

Failed to parse source map from 'C:\Users\safoo\Desktop\DataArena\node_modules\lucide-react\dist\esm\icons\rotate-ccw-square.js.map' file: Error: ENOENT: no such file or directory, open 'C:\Users\safoo\Desktop\DataArena\node_modules\lucide-react\dist\esm\icons\rotate-ccw-square.js.map'

Failed to parse source map from 'C:\Users\safoo\Desktop\DataArena\node_modules\lucide-react\dist\esm\icons\rotate-ccw.js.map' file: Error: ENOENT: no such file or directory, open 'C:\Users\safoo\Desktop\DataArena\node_modules\lucide-react\dist\esm\icons\rotate-ccw.js.map'

Failed to parse source map from 'C:\Users\safoo\Desktop\DataArena\node_modules\lucide-react\dist\esm\icons\rotate-cw-square.js.map' file: Error: ENOENT: no such file or directory, open 'C:\Users\safoo\Desktop\DataArena\node_modules\lucide-react\dist\esm\icons\rotate-cw-square.js.map'

Failed to parse source map from 'C:\Users\safoo\Desktop\DataArena\node_modules\lucide-react\dist\esm\icons\rotate-cw.js.map' file: Error: ENOENT: no such file or directory, open 'C:\Users\safoo\Desktop\DataArena\node_modules\lucide-react\dist\esm\icons\rotate-cw.js.map'

Failed to parse source map from 'C:\Users\safoo\Desktop\DataArena\node_modules\lucide-react\dist\esm\icons\rotate-3d.js.map' file: Error: ENOENT: no such file or directory, open 'C:\Users\safoo\Desktop\DataArena\node_modules\lucide-react\dist\esm\icons\rotate-3d.js.map'

Failed to parse source map from 'C:\Users\safoo\Desktop\DataArena\node_modules\lucide-react\dist\esm\icons\route-off.js.map' file: Error: ENOENT: no such file or directory, open 'C:\Users\safoo\Desktop\DataArena\node_modules\lucide-react\dist\esm\icons\route-off.js.map'

Failed to parse source map from 'C:\Users\safoo\Desktop\DataArena\node_modules\lucide-react\dist\esm\icons\route.js.map' file: Error: ENOENT: no such file or directory, open 'C:\Users\safoo\Desktop\DataArena\node_modules\lucide-react\dist\esm\icons\route.js.map'

Failed to parse source map from 'C:\Users\safoo\Desktop\DataArena\node_modules\lucide-react\dist\esm\icons\router.js.map' file: Error: ENOENT: no such file or directory, open 'C:\Users\safoo\Desktop\DataArena\node_modules\lucide-react\dist\esm\icons\router.js.map'

Failed to parse source map from 'C:\Users\safoo\Desktop\DataArena\node_modules\lucide-react\dist\esm\icons\rows-2.js.map' file: Error: ENOENT: no such file or directory, open 'C:\Users\safoo\Desktop\DataArena\node_modules\lucide-react\dist\esm\icons\rows-2.js.map'

Failed to parse source map from 'C:\Users\safoo\Desktop\DataArena\node_modules\lucide-react\dist\esm\icons\rows-3.js.map' file: Error: ENOENT: no such file or directory, open 'C:\Users\safoo\Desktop\DataArena\node_modules\lucide-react\dist\esm\icons\rows-3.js.map'

Failed to parse source map from 'C:\Users\safoo\Desktop\DataArena\node_modules\lucide-react\dist\esm\icons\rows-4.js.map' file: Error: ENOENT: no such file or directory, open 'C:\Users\safoo\Desktop\DataArena\node_modules\lucide-react\dist\esm\icons\rows-4.js.map'

Failed to parse source map from 'C:\Users\safoo\Desktop\DataArena\node_modules\lucide-react\dist\esm\icons\rss.js.map' file: Error: ENOENT: no such file or directory, open 'C:\Users\safoo\Desktop\DataArena\node_modules\lucide-react\dist\esm\icons\rss.js.map'

Failed to parse source map from 'C:\Users\safoo\Desktop\DataArena\node_modules\lucide-react\dist\esm\icons\ruler-dimension-line.js.map' file: Error: ENOENT: no such file or directory, open 'C:\Users\safoo\Desktop\DataArena\node_modules\lucide-react\dist\esm\icons\ruler-dimension-line.js.map'

Failed to parse source map from 'C:\Users\safoo\Desktop\DataArena\node_modules\lucide-react\dist\esm\icons\ruler.js.map' file: Error: ENOENT: no such file or directory, open 'C:\Users\safoo\Desktop\DataArena\node_modules\lucide-react\dist\esm\icons\ruler.js.map'

Failed to parse source map from 'C:\Users\safoo\Desktop\DataArena\node_modules\lucide-react\dist\esm\icons\russian-ruble.js.map' file: Error: ENOENT: no such file or directory, open 'C:\Users\safoo\Desktop\DataArena\node_modules\lucide-react\dist\esm\icons\russian-ruble.js.map'

Failed to parse source map from 'C:\Users\safoo\Desktop\DataArena\node_modules\lucide-react\dist\esm\icons\sailboat.js.map' file: Error: ENOENT: no such file or directory, open 'C:\Users\safoo\Desktop\DataArena\node_modules\lucide-react\dist\esm\icons\sailboat.js.map'

Failed to parse source map from 'C:\Users\safoo\Desktop\DataArena\node_modules\lucide-react\dist\esm\icons\salad.js.map' file: Error: ENOENT: no such file or directory, open 'C:\Users\safoo\Desktop\DataArena\node_modules\lucide-react\dist\esm\icons\salad.js.map'

Failed to parse source map from 'C:\Users\safoo\Desktop\DataArena\node_modules\lucide-react\dist\esm\icons\sandwich.js.map' file: Error: ENOENT: no such file or directory, open 'C:\Users\safoo\Desktop\DataArena\node_modules\lucide-react\dist\esm\icons\sandwich.js.map'

Failed to parse source map from 'C:\Users\safoo\Desktop\DataArena\node_modules\lucide-react\dist\esm\icons\satellite-dish.js.map' file: Error: ENOENT: no such file or directory, open 'C:\Users\safoo\Desktop\DataArena\node_modules\lucide-react\dist\esm\icons\satellite-dish.js.map'

Failed to parse source map from 'C:\Users\safoo\Desktop\DataArena\node_modules\lucide-react\dist\esm\icons\satellite.js.map' file: Error: ENOENT: no such file or directory, open 'C:\Users\safoo\Desktop\DataArena\node_modules\lucide-react\dist\esm\icons\satellite.js.map'

Failed to parse source map from 'C:\Users\safoo\Desktop\DataArena\node_modules\lucide-react\dist\esm\icons\saudi-riyal.js.map' file: Error: ENOENT: no such file or directory, open 'C:\Users\safoo\Desktop\DataArena\node_modules\lucide-react\dist\esm\icons\saudi-riyal.js.map'

Failed to parse source map from 'C:\Users\safoo\Desktop\DataArena\node_modules\lucide-react\dist\esm\icons\save-all.js.map' file: Error: ENOENT: no such file or directory, open 'C:\Users\safoo\Desktop\DataArena\node_modules\lucide-react\dist\esm\icons\save-all.js.map'

Failed to parse source map from 'C:\Users\safoo\Desktop\DataArena\node_modules\lucide-react\dist\esm\icons\save-off.js.map' file: Error: ENOENT: no such file or directory, open 'C:\Users\safoo\Desktop\DataArena\node_modules\lucide-react\dist\esm\icons\save-off.js.map'

Failed to parse source map from 'C:\Users\safoo\Desktop\DataArena\node_modules\lucide-react\dist\esm\icons\save.js.map' file: Error: ENOENT: no such file or directory, open 'C:\Users\safoo\Desktop\DataArena\node_modules\lucide-react\dist\esm\icons\save.js.map'

Failed to parse source map from 'C:\Users\safoo\Desktop\DataArena\node_modules\lucide-react\dist\esm\icons\scale-3d.js.map' file: Error: ENOENT: no such file or directory, open 'C:\Users\safoo\Desktop\DataArena\node_modules\lucide-react\dist\esm\icons\scale-3d.js.map'

Failed to parse source map from 'C:\Users\safoo\Desktop\DataArena\node_modules\lucide-react\dist\esm\icons\scale.js.map' file: Error: ENOENT: no such file or directory, open 'C:\Users\safoo\Desktop\DataArena\node_modules\lucide-react\dist\esm\icons\scale.js.map'

Failed to parse source map from 'C:\Users\safoo\Desktop\DataArena\node_modules\lucide-react\dist\esm\icons\scaling.js.map' file: Error: ENOENT: no such file or directory, open 'C:\Users\safoo\Desktop\DataArena\node_modules\lucide-react\dist\esm\icons\scaling.js.map'

Failed to parse source map from 'C:\Users\safoo\Desktop\DataArena\node_modules\lucide-react\dist\esm\icons\scan-barcode.js.map' file: Error: ENOENT: no such file or directory, open 'C:\Users\safoo\Desktop\DataArena\node_modules\lucide-react\dist\esm\icons\scan-barcode.js.map'

Failed to parse source map from 'C:\Users\safoo\Desktop\DataArena\node_modules\lucide-react\dist\esm\icons\scan-eye.js.map' file: Error: ENOENT: no such file or directory, open 'C:\Users\safoo\Desktop\DataArena\node_modules\lucide-react\dist\esm\icons\scan-eye.js.map'

Failed to parse source map from 'C:\Users\safoo\Desktop\DataArena\node_modules\lucide-react\dist\esm\icons\scan-face.js.map' file: Error: ENOENT: no such file or directory, open 'C:\Users\safoo\Desktop\DataArena\node_modules\lucide-react\dist\esm\icons\scan-face.js.map'

Failed to parse source map from 'C:\Users\safoo\Desktop\DataArena\node_modules\lucide-react\dist\esm\icons\scan-heart.js.map' file: Error: ENOENT: no such file or directory, open 'C:\Users\safoo\Desktop\DataArena\node_modules\lucide-react\dist\esm\icons\scan-heart.js.map'

Failed to parse source map from 'C:\Users\safoo\Desktop\DataArena\node_modules\lucide-react\dist\esm\icons\scan-line.js.map' file: Error: ENOENT: no such file or directory, open 'C:\Users\safoo\Desktop\DataArena\node_modules\lucide-react\dist\esm\icons\scan-line.js.map'

Failed to parse source map from 'C:\Users\safoo\Desktop\DataArena\node_modules\lucide-react\dist\esm\icons\scan-qr-code.js.map' file: Error: ENOENT: no such file or directory, open 'C:\Users\safoo\Desktop\DataArena\node_modules\lucide-react\dist\esm\icons\scan-qr-code.js.map'

Failed to parse source map from 'C:\Users\safoo\Desktop\DataArena\node_modules\lucide-react\dist\esm\icons\scan-search.js.map' file: Error: ENOENT: no such file or directory, open 'C:\Users\safoo\Desktop\DataArena\node_modules\lucide-react\dist\esm\icons\scan-search.js.map'

Failed to parse source map from 'C:\Users\safoo\Desktop\DataArena\node_modules\lucide-react\dist\esm\icons\scan-text.js.map' file: Error: ENOENT: no such file or directory, open 'C:\Users\safoo\Desktop\DataArena\node_modules\lucide-react\dist\esm\icons\scan-text.js.map'

Failed to parse source map from 'C:\Users\safoo\Desktop\DataArena\node_modules\lucide-react\dist\esm\icons\scan.js.map' file: Error: ENOENT: no such file or directory, open 'C:\Users\safoo\Desktop\DataArena\node_modules\lucide-react\dist\esm\icons\scan.js.map'

Failed to parse source map from 'C:\Users\safoo\Desktop\DataArena\node_modules\lucide-react\dist\esm\icons\school.js.map' file: Error: ENOENT: no such file or directory, open 'C:\Users\safoo\Desktop\DataArena\node_modules\lucide-react\dist\esm\icons\school.js.map'

Failed to parse source map from 'C:\Users\safoo\Desktop\DataArena\node_modules\lucide-react\dist\esm\icons\scissors-line-dashed.js.map' file: Error: ENOENT: no such file or directory, open 'C:\Users\safoo\Desktop\DataArena\node_modules\lucide-react\dist\esm\icons\scissors-line-dashed.js.map'

Failed to parse source map from 'C:\Users\safoo\Desktop\DataArena\node_modules\lucide-react\dist\esm\icons\scissors.js.map' file: Error: ENOENT: no such file or directory, open 'C:\Users\safoo\Desktop\DataArena\node_modules\lucide-react\dist\esm\icons\scissors.js.map'

Failed to parse source map from 'C:\Users\safoo\Desktop\DataArena\node_modules\lucide-react\dist\esm\icons\scooter.js.map' file: Error: ENOENT: no such file or directory, open 'C:\Users\safoo\Desktop\DataArena\node_modules\lucide-react\dist\esm\icons\scooter.js.map'

Failed to parse source map from 'C:\Users\safoo\Desktop\DataArena\node_modules\lucide-react\dist\esm\icons\screen-share-off.js.map' file: Error: ENOENT: no such file or directory, open 'C:\Users\safoo\Desktop\DataArena\node_modules\lucide-react\dist\esm\icons\screen-share-off.js.map'

Failed to parse source map from 'C:\Users\safoo\Desktop\DataArena\node_modules\lucide-react\dist\esm\icons\screen-share.js.map' file: Error: ENOENT: no such file or directory, open 'C:\Users\safoo\Desktop\DataArena\node_modules\lucide-react\dist\esm\icons\screen-share.js.map'

Failed to parse source map from 'C:\Users\safoo\Desktop\DataArena\node_modules\lucide-react\dist\esm\icons\scroll-text.js.map' file: Error: ENOENT: no such file or directory, open 'C:\Users\safoo\Desktop\DataArena\node_modules\lucide-react\dist\esm\icons\scroll-text.js.map'

Failed to parse source map from 'C:\Users\safoo\Desktop\DataArena\node_modules\lucide-react\dist\esm\icons\scroll.js.map' file: Error: ENOENT: no such file or directory, open 'C:\Users\safoo\Desktop\DataArena\node_modules\lucide-react\dist\esm\icons\scroll.js.map'

Failed to parse source map from 'C:\Users\safoo\Desktop\DataArena\node_modules\lucide-react\dist\esm\icons\search-alert.js.map' file: Error: ENOENT: no such file or directory, open 'C:\Users\safoo\Desktop\DataArena\node_modules\lucide-react\dist\esm\icons\search-alert.js.map'

Failed to parse source map from 'C:\Users\safoo\Desktop\DataArena\node_modules\lucide-react\dist\esm\icons\search-check.js.map' file: Error: ENOENT: no such file or directory, open 'C:\Users\safoo\Desktop\DataArena\node_modules\lucide-react\dist\esm\icons\search-check.js.map'

Failed to parse source map from 'C:\Users\safoo\Desktop\DataArena\node_modules\lucide-react\dist\esm\icons\search-code.js.map' file: Error: ENOENT: no such file or directory, open 'C:\Users\safoo\Desktop\DataArena\node_modules\lucide-react\dist\esm\icons\search-code.js.map'

Failed to parse source map from 'C:\Users\safoo\Desktop\DataArena\node_modules\lucide-react\dist\esm\icons\search-slash.js.map' file: Error: ENOENT: no such file or directory, open 'C:\Users\safoo\Desktop\DataArena\node_modules\lucide-react\dist\esm\icons\search-slash.js.map'

Failed to parse source map from 'C:\Users\safoo\Desktop\DataArena\node_modules\lucide-react\dist\esm\icons\search-x.js.map' file: Error: ENOENT: no such file or directory, open 'C:\Users\safoo\Desktop\DataArena\node_modules\lucide-react\dist\esm\icons\search-x.js.map'

Failed to parse source map from 'C:\Users\safoo\Desktop\DataArena\node_modules\lucide-react\dist\esm\icons\search.js.map' file: Error: ENOENT: no such file or directory, open 'C:\Users\safoo\Desktop\DataArena\node_modules\lucide-react\dist\esm\icons\search.js.map'

Failed to parse source map from 'C:\Users\safoo\Desktop\DataArena\node_modules\lucide-react\dist\esm\icons\section.js.map' file: Error: ENOENT: no such file or directory, open 'C:\Users\safoo\Desktop\DataArena\node_modules\lucide-react\dist\esm\icons\section.js.map'

Failed to parse source map from 'C:\Users\safoo\Desktop\DataArena\node_modules\lucide-react\dist\esm\icons\send-horizontal.js.map' file: Error: ENOENT: no such file or directory, open 'C:\Users\safoo\Desktop\DataArena\node_modules\lucide-react\dist\esm\icons\send-horizontal.js.map'

Failed to parse source map from 'C:\Users\safoo\Desktop\DataArena\node_modules\lucide-react\dist\esm\icons\send-to-back.js.map' file: Error: ENOENT: no such file or directory, open 'C:\Users\safoo\Desktop\DataArena\node_modules\lucide-react\dist\esm\icons\send-to-back.js.map'

Failed to parse source map from 'C:\Users\safoo\Desktop\DataArena\node_modules\lucide-react\dist\esm\icons\send.js.map' file: Error: ENOENT: no such file or directory, open 'C:\Users\safoo\Desktop\DataArena\node_modules\lucide-react\dist\esm\icons\send.js.map'

Failed to parse source map from 'C:\Users\safoo\Desktop\DataArena\node_modules\lucide-react\dist\esm\icons\separator-horizontal.js.map' file: Error: ENOENT: no such file or directory, open 'C:\Users\safoo\Desktop\DataArena\node_modules\lucide-react\dist\esm\icons\separator-horizontal.js.map'

Failed to parse source map from 'C:\Users\safoo\Desktop\DataArena\node_modules\lucide-react\dist\esm\icons\separator-vertical.js.map' file: Error: ENOENT: no such file or directory, open 'C:\Users\safoo\Desktop\DataArena\node_modules\lucide-react\dist\esm\icons\separator-vertical.js.map'

Failed to parse source map from 'C:\Users\safoo\Desktop\DataArena\node_modules\lucide-react\dist\esm\icons\server-cog.js.map' file: Error: ENOENT: no such file or directory, open 'C:\Users\safoo\Desktop\DataArena\node_modules\lucide-react\dist\esm\icons\server-cog.js.map'

Failed to parse source map from 'C:\Users\safoo\Desktop\DataArena\node_modules\lucide-react\dist\esm\icons\server-crash.js.map' file: Error: ENOENT: no such file or directory, open 'C:\Users\safoo\Desktop\DataArena\node_modules\lucide-react\dist\esm\icons\server-crash.js.map'

Failed to parse source map from 'C:\Users\safoo\Desktop\DataArena\node_modules\lucide-react\dist\esm\icons\server-off.js.map' file: Error: ENOENT: no such file or directory, open 'C:\Users\safoo\Desktop\DataArena\node_modules\lucide-react\dist\esm\icons\server-off.js.map'

Failed to parse source map from 'C:\Users\safoo\Desktop\DataArena\node_modules\lucide-react\dist\esm\icons\server.js.map' file: Error: ENOENT: no such file or directory, open 'C:\Users\safoo\Desktop\DataArena\node_modules\lucide-react\dist\esm\icons\server.js.map'

Failed to parse source map from 'C:\Users\safoo\Desktop\DataArena\node_modules\lucide-react\dist\esm\icons\settings-2.js.map' file: Error: ENOENT: no such file or directory, open 'C:\Users\safoo\Desktop\DataArena\node_modules\lucide-react\dist\esm\icons\settings-2.js.map'

Failed to parse source map from 'C:\Users\safoo\Desktop\DataArena\node_modules\lucide-react\dist\esm\icons\settings.js.map' file: Error: ENOENT: no such file or directory, open 'C:\Users\safoo\Desktop\DataArena\node_modules\lucide-react\dist\esm\icons\settings.js.map'

Failed to parse source map from 'C:\Users\safoo\Desktop\DataArena\node_modules\lucide-react\dist\esm\icons\shapes.js.map' file: Error: ENOENT: no such file or directory, open 'C:\Users\safoo\Desktop\DataArena\node_modules\lucide-react\dist\esm\icons\shapes.js.map'

Failed to parse source map from 'C:\Users\safoo\Desktop\DataArena\node_modules\lucide-react\dist\esm\icons\share-2.js.map' file: Error: ENOENT: no such file or directory, open 'C:\Users\safoo\Desktop\DataArena\node_modules\lucide-react\dist\esm\icons\share-2.js.map'

Failed to parse source map from 'C:\Users\safoo\Desktop\DataArena\node_modules\lucide-react\dist\esm\icons\share.js.map' file: Error: ENOENT: no such file or directory, open 'C:\Users\safoo\Desktop\DataArena\node_modules\lucide-react\dist\esm\icons\share.js.map'

Failed to parse source map from 'C:\Users\safoo\Desktop\DataArena\node_modules\lucide-react\dist\esm\icons\sheet.js.map' file: Error: ENOENT: no such file or directory, open 'C:\Users\safoo\Desktop\DataArena\node_modules\lucide-react\dist\esm\icons\sheet.js.map'

Failed to parse source map from 'C:\Users\safoo\Desktop\DataArena\node_modules\lucide-react\dist\esm\icons\shell.js.map' file: Error: ENOENT: no such file or directory, open 'C:\Users\safoo\Desktop\DataArena\node_modules\lucide-react\dist\esm\icons\shell.js.map'

Failed to parse source map from 'C:\Users\safoo\Desktop\DataArena\node_modules\lucide-react\dist\esm\icons\shield-alert.js.map' file: Error: ENOENT: no such file or directory, open 'C:\Users\safoo\Desktop\DataArena\node_modules\lucide-react\dist\esm\icons\shield-alert.js.map'

Failed to parse source map from 'C:\Users\safoo\Desktop\DataArena\node_modules\lucide-react\dist\esm\icons\shield-ban.js.map' file: Error: ENOENT: no such file or directory, open 'C:\Users\safoo\Desktop\DataArena\node_modules\lucide-react\dist\esm\icons\shield-ban.js.map'

Failed to parse source map from 'C:\Users\safoo\Desktop\DataArena\node_modules\lucide-react\dist\esm\icons\shield-check.js.map' file: Error: ENOENT: no such file or directory, open 'C:\Users\safoo\Desktop\DataArena\node_modules\lucide-react\dist\esm\icons\shield-check.js.map'

Failed to parse source map from 'C:\Users\safoo\Desktop\DataArena\node_modules\lucide-react\dist\esm\icons\shield-ellipsis.js.map' file: Error: ENOENT: no such file or directory, open 'C:\Users\safoo\Desktop\DataArena\node_modules\lucide-react\dist\esm\icons\shield-ellipsis.js.map'

Failed to parse source map from 'C:\Users\safoo\Desktop\DataArena\node_modules\lucide-react\dist\esm\icons\shield-half.js.map' file: Error: ENOENT: no such file or directory, open 'C:\Users\safoo\Desktop\DataArena\node_modules\lucide-react\dist\esm\icons\shield-half.js.map'

Failed to parse source map from 'C:\Users\safoo\Desktop\DataArena\node_modules\lucide-react\dist\esm\icons\shield-minus.js.map' file: Error: ENOENT: no such file or directory, open 'C:\Users\safoo\Desktop\DataArena\node_modules\lucide-react\dist\esm\icons\shield-minus.js.map'

Failed to parse source map from 'C:\Users\safoo\Desktop\DataArena\node_modules\lucide-react\dist\esm\icons\shield-off.js.map' file: Error: ENOENT: no such file or directory, open 'C:\Users\safoo\Desktop\DataArena\node_modules\lucide-react\dist\esm\icons\shield-off.js.map'

Failed to parse source map from 'C:\Users\safoo\Desktop\DataArena\node_modules\lucide-react\dist\esm\icons\shield-plus.js.map' file: Error: ENOENT: no such file or directory, open 'C:\Users\safoo\Desktop\DataArena\node_modules\lucide-react\dist\esm\icons\shield-plus.js.map'

Failed to parse source map from 'C:\Users\safoo\Desktop\DataArena\node_modules\lucide-react\dist\esm\icons\shield-question-mark.js.map' file: Error: ENOENT: no such file or directory, open 'C:\Users\safoo\Desktop\DataArena\node_modules\lucide-react\dist\esm\icons\shield-question-mark.js.map'

Failed to parse source map from 'C:\Users\safoo\Desktop\DataArena\node_modules\lucide-react\dist\esm\icons\shield-user.js.map' file: Error: ENOENT: no such file or directory, open 'C:\Users\safoo\Desktop\DataArena\node_modules\lucide-react\dist\esm\icons\shield-user.js.map'

Failed to parse source map from 'C:\Users\safoo\Desktop\DataArena\node_modules\lucide-react\dist\esm\icons\shield-x.js.map' file: Error: ENOENT: no such file or directory, open 'C:\Users\safoo\Desktop\DataArena\node_modules\lucide-react\dist\esm\icons\shield-x.js.map'

Failed to parse source map from 'C:\Users\safoo\Desktop\DataArena\node_modules\lucide-react\dist\esm\icons\shield.js.map' file: Error: ENOENT: no such file or directory, open 'C:\Users\safoo\Desktop\DataArena\node_modules\lucide-react\dist\esm\icons\shield.js.map'

Failed to parse source map from 'C:\Users\safoo\Desktop\DataArena\node_modules\lucide-react\dist\esm\icons\ship-wheel.js.map' file: Error: ENOENT: no such file or directory, open 'C:\Users\safoo\Desktop\DataArena\node_modules\lucide-react\dist\esm\icons\ship-wheel.js.map'

Failed to parse source map from 'C:\Users\safoo\Desktop\DataArena\node_modules\lucide-react\dist\esm\icons\ship.js.map' file: Error: ENOENT: no such file or directory, open 'C:\Users\safoo\Desktop\DataArena\node_modules\lucide-react\dist\esm\icons\ship.js.map'

Failed to parse source map from 'C:\Users\safoo\Desktop\DataArena\node_modules\lucide-react\dist\esm\icons\shirt.js.map' file: Error: ENOENT: no such file or directory, open 'C:\Users\safoo\Desktop\DataArena\node_modules\lucide-react\dist\esm\icons\shirt.js.map'

Failed to parse source map from 'C:\Users\safoo\Desktop\DataArena\node_modules\lucide-react\dist\esm\icons\shopping-bag.js.map' file: Error: ENOENT: no such file or directory, open 'C:\Users\safoo\Desktop\DataArena\node_modules\lucide-react\dist\esm\icons\shopping-bag.js.map'

Failed to parse source map from 'C:\Users\safoo\Desktop\DataArena\node_modules\lucide-react\dist\esm\icons\shopping-basket.js.map' file: Error: ENOENT: no such file or directory, open 'C:\Users\safoo\Desktop\DataArena\node_modules\lucide-react\dist\esm\icons\shopping-basket.js.map'

Failed to parse source map from 'C:\Users\safoo\Desktop\DataArena\node_modules\lucide-react\dist\esm\icons\shopping-cart.js.map' file: Error: ENOENT: no such file or directory, open 'C:\Users\safoo\Desktop\DataArena\node_modules\lucide-react\dist\esm\icons\shopping-cart.js.map'

Failed to parse source map from 'C:\Users\safoo\Desktop\DataArena\node_modules\lucide-react\dist\esm\icons\shovel.js.map' file: Error: ENOENT: no such file or directory, open 'C:\Users\safoo\Desktop\DataArena\node_modules\lucide-react\dist\esm\icons\shovel.js.map'

Failed to parse source map from 'C:\Users\safoo\Desktop\DataArena\node_modules\lucide-react\dist\esm\icons\shower-head.js.map' file: Error: ENOENT: no such file or directory, open 'C:\Users\safoo\Desktop\DataArena\node_modules\lucide-react\dist\esm\icons\shower-head.js.map'

Failed to parse source map from 'C:\Users\safoo\Desktop\DataArena\node_modules\lucide-react\dist\esm\icons\shredder.js.map' file: Error: ENOENT: no such file or directory, open 'C:\Users\safoo\Desktop\DataArena\node_modules\lucide-react\dist\esm\icons\shredder.js.map'

Failed to parse source map from 'C:\Users\safoo\Desktop\DataArena\node_modules\lucide-react\dist\esm\icons\shrimp.js.map' file: Error: ENOENT: no such file or directory, open 'C:\Users\safoo\Desktop\DataArena\node_modules\lucide-react\dist\esm\icons\shrimp.js.map'

Failed to parse source map from 'C:\Users\safoo\Desktop\DataArena\node_modules\lucide-react\dist\esm\icons\shrink.js.map' file: Error: ENOENT: no such file or directory, open 'C:\Users\safoo\Desktop\DataArena\node_modules\lucide-react\dist\esm\icons\shrink.js.map'

Failed to parse source map from 'C:\Users\safoo\Desktop\DataArena\node_modules\lucide-react\dist\esm\icons\shrub.js.map' file: Error: ENOENT: no such file or directory, open 'C:\Users\safoo\Desktop\DataArena\node_modules\lucide-react\dist\esm\icons\shrub.js.map'

Failed to parse source map from 'C:\Users\safoo\Desktop\DataArena\node_modules\lucide-react\dist\esm\icons\shuffle.js.map' file: Error: ENOENT: no such file or directory, open 'C:\Users\safoo\Desktop\DataArena\node_modules\lucide-react\dist\esm\icons\shuffle.js.map'

Failed to parse source map from 'C:\Users\safoo\Desktop\DataArena\node_modules\lucide-react\dist\esm\icons\sigma.js.map' file: Error: ENOENT: no such file or directory, open 'C:\Users\safoo\Desktop\DataArena\node_modules\lucide-react\dist\esm\icons\sigma.js.map'

Failed to parse source map from 'C:\Users\safoo\Desktop\DataArena\node_modules\lucide-react\dist\esm\icons\signal-high.js.map' file: Error: ENOENT: no such file or directory, open 'C:\Users\safoo\Desktop\DataArena\node_modules\lucide-react\dist\esm\icons\signal-high.js.map'

Failed to parse source map from 'C:\Users\safoo\Desktop\DataArena\node_modules\lucide-react\dist\esm\icons\signal-low.js.map' file: Error: ENOENT: no such file or directory, open 'C:\Users\safoo\Desktop\DataArena\node_modules\lucide-react\dist\esm\icons\signal-low.js.map'

Failed to parse source map from 'C:\Users\safoo\Desktop\DataArena\node_modules\lucide-react\dist\esm\icons\signal-medium.js.map' file: Error: ENOENT: no such file or directory, open 'C:\Users\safoo\Desktop\DataArena\node_modules\lucide-react\dist\esm\icons\signal-medium.js.map'

Failed to parse source map from 'C:\Users\safoo\Desktop\DataArena\node_modules\lucide-react\dist\esm\icons\signal-zero.js.map' file: Error: ENOENT: no such file or directory, open 'C:\Users\safoo\Desktop\DataArena\node_modules\lucide-react\dist\esm\icons\signal-zero.js.map'

Failed to parse source map from 'C:\Users\safoo\Desktop\DataArena\node_modules\lucide-react\dist\esm\icons\signal.js.map' file: Error: ENOENT: no such file or directory, open 'C:\Users\safoo\Desktop\DataArena\node_modules\lucide-react\dist\esm\icons\signal.js.map'

Failed to parse source map from 'C:\Users\safoo\Desktop\DataArena\node_modules\lucide-react\dist\esm\icons\signature.js.map' file: Error: ENOENT: no such file or directory, open 'C:\Users\safoo\Desktop\DataArena\node_modules\lucide-react\dist\esm\icons\signature.js.map'

Failed to parse source map from 'C:\Users\safoo\Desktop\DataArena\node_modules\lucide-react\dist\esm\icons\signpost-big.js.map' file: Error: ENOENT: no such file or directory, open 'C:\Users\safoo\Desktop\DataArena\node_modules\lucide-react\dist\esm\icons\signpost-big.js.map'

Failed to parse source map from 'C:\Users\safoo\Desktop\DataArena\node_modules\lucide-react\dist\esm\icons\signpost.js.map' file: Error: ENOENT: no such file or directory, open 'C:\Users\safoo\Desktop\DataArena\node_modules\lucide-react\dist\esm\icons\signpost.js.map'

Failed to parse source map from 'C:\Users\safoo\Desktop\DataArena\node_modules\lucide-react\dist\esm\icons\siren.js.map' file: Error: ENOENT: no such file or directory, open 'C:\Users\safoo\Desktop\DataArena\node_modules\lucide-react\dist\esm\icons\siren.js.map'

Failed to parse source map from 'C:\Users\safoo\Desktop\DataArena\node_modules\lucide-react\dist\esm\icons\skip-back.js.map' file: Error: ENOENT: no such file or directory, open 'C:\Users\safoo\Desktop\DataArena\node_modules\lucide-react\dist\esm\icons\skip-back.js.map'

Failed to parse source map from 'C:\Users\safoo\Desktop\DataArena\node_modules\lucide-react\dist\esm\icons\skip-forward.js.map' file: Error: ENOENT: no such file or directory, open 'C:\Users\safoo\Desktop\DataArena\node_modules\lucide-react\dist\esm\icons\skip-forward.js.map'

Failed to parse source map from 'C:\Users\safoo\Desktop\DataArena\node_modules\lucide-react\dist\esm\icons\skull.js.map' file: Error: ENOENT: no such file or directory, open 'C:\Users\safoo\Desktop\DataArena\node_modules\lucide-react\dist\esm\icons\skull.js.map'

Failed to parse source map from 'C:\Users\safoo\Desktop\DataArena\node_modules\lucide-react\dist\esm\icons\slack.js.map' file: Error: ENOENT: no such file or directory, open 'C:\Users\safoo\Desktop\DataArena\node_modules\lucide-react\dist\esm\icons\slack.js.map'

Failed to parse source map from 'C:\Users\safoo\Desktop\DataArena\node_modules\lucide-react\dist\esm\icons\slash.js.map' file: Error: ENOENT: no such file or directory, open 'C:\Users\safoo\Desktop\DataArena\node_modules\lucide-react\dist\esm\icons\slash.js.map'

Failed to parse source map from 'C:\Users\safoo\Desktop\DataArena\node_modules\lucide-react\dist\esm\icons\slice.js.map' file: Error: ENOENT: no such file or directory, open 'C:\Users\safoo\Desktop\DataArena\node_modules\lucide-react\dist\esm\icons\slice.js.map'

Failed to parse source map from 'C:\Users\safoo\Desktop\DataArena\node_modules\lucide-react\dist\esm\icons\sliders-horizontal.js.map' file: Error: ENOENT: no such file or directory, open 'C:\Users\safoo\Desktop\DataArena\node_modules\lucide-react\dist\esm\icons\sliders-horizontal.js.map'

Failed to parse source map from 'C:\Users\safoo\Desktop\DataArena\node_modules\lucide-react\dist\esm\icons\sliders-vertical.js.map' file: Error: ENOENT: no such file or directory, open 'C:\Users\safoo\Desktop\DataArena\node_modules\lucide-react\dist\esm\icons\sliders-vertical.js.map'

Failed to parse source map from 'C:\Users\safoo\Desktop\DataArena\node_modules\lucide-react\dist\esm\icons\smartphone-charging.js.map' file: Error: ENOENT: no such file or directory, open 'C:\Users\safoo\Desktop\DataArena\node_modules\lucide-react\dist\esm\icons\smartphone-charging.js.map'

Failed to parse source map from 'C:\Users\safoo\Desktop\DataArena\node_modules\lucide-react\dist\esm\icons\smartphone-nfc.js.map' file: Error: ENOENT: no such file or directory, open 'C:\Users\safoo\Desktop\DataArena\node_modules\lucide-react\dist\esm\icons\smartphone-nfc.js.map'

Failed to parse source map from 'C:\Users\safoo\Desktop\DataArena\node_modules\lucide-react\dist\esm\icons\smartphone.js.map' file: Error: ENOENT: no such file or directory, open 'C:\Users\safoo\Desktop\DataArena\node_modules\lucide-react\dist\esm\icons\smartphone.js.map'

Failed to parse source map from 'C:\Users\safoo\Desktop\DataArena\node_modules\lucide-react\dist\esm\icons\smile-plus.js.map' file: Error: ENOENT: no such file or directory, open 'C:\Users\safoo\Desktop\DataArena\node_modules\lucide-react\dist\esm\icons\smile-plus.js.map'

Failed to parse source map from 'C:\Users\safoo\Desktop\DataArena\node_modules\lucide-react\dist\esm\icons\smile.js.map' file: Error: ENOENT: no such file or directory, open 'C:\Users\safoo\Desktop\DataArena\node_modules\lucide-react\dist\esm\icons\smile.js.map'

Failed to parse source map from 'C:\Users\safoo\Desktop\DataArena\node_modules\lucide-react\dist\esm\icons\snail.js.map' file: Error: ENOENT: no such file or directory, open 'C:\Users\safoo\Desktop\DataArena\node_modules\lucide-react\dist\esm\icons\snail.js.map'

Failed to parse source map from 'C:\Users\safoo\Desktop\DataArena\node_modules\lucide-react\dist\esm\icons\snowflake.js.map' file: Error: ENOENT: no such file or directory, open 'C:\Users\safoo\Desktop\DataArena\node_modules\lucide-react\dist\esm\icons\snowflake.js.map'

Failed to parse source map from 'C:\Users\safoo\Desktop\DataArena\node_modules\lucide-react\dist\esm\icons\soap-dispenser-droplet.js.map' file: Error: ENOENT: no such file or directory, open 'C:\Users\safoo\Desktop\DataArena\node_modules\lucide-react\dist\esm\icons\soap-dispenser-droplet.js.map'

Failed to parse source map from 'C:\Users\safoo\Desktop\DataArena\node_modules\lucide-react\dist\esm\icons\sofa.js.map' file: Error: ENOENT: no such file or directory, open 'C:\Users\safoo\Desktop\DataArena\node_modules\lucide-react\dist\esm\icons\sofa.js.map'

Failed to parse source map from 'C:\Users\safoo\Desktop\DataArena\node_modules\lucide-react\dist\esm\icons\solar-panel.js.map' file: Error: ENOENT: no such file or directory, open 'C:\Users\safoo\Desktop\DataArena\node_modules\lucide-react\dist\esm\icons\solar-panel.js.map'

Failed to parse source map from 'C:\Users\safoo\Desktop\DataArena\node_modules\lucide-react\dist\esm\icons\soup.js.map' file: Error: ENOENT: no such file or directory, open 'C:\Users\safoo\Desktop\DataArena\node_modules\lucide-react\dist\esm\icons\soup.js.map'

Failed to parse source map from 'C:\Users\safoo\Desktop\DataArena\node_modules\lucide-react\dist\esm\icons\space.js.map' file: Error: ENOENT: no such file or directory, open 'C:\Users\safoo\Desktop\DataArena\node_modules\lucide-react\dist\esm\icons\space.js.map'

Failed to parse source map from 'C:\Users\safoo\Desktop\DataArena\node_modules\lucide-react\dist\esm\icons\spade.js.map' file: Error: ENOENT: no such file or directory, open 'C:\Users\safoo\Desktop\DataArena\node_modules\lucide-react\dist\esm\icons\spade.js.map'

Failed to parse source map from 'C:\Users\safoo\Desktop\DataArena\node_modules\lucide-react\dist\esm\icons\sparkle.js.map' file: Error: ENOENT: no such file or directory, open 'C:\Users\safoo\Desktop\DataArena\node_modules\lucide-react\dist\esm\icons\sparkle.js.map'

Failed to parse source map from 'C:\Users\safoo\Desktop\DataArena\node_modules\lucide-react\dist\esm\icons\sparkles.js.map' file: Error: ENOENT: no such file or directory, open 'C:\Users\safoo\Desktop\DataArena\node_modules\lucide-react\dist\esm\icons\sparkles.js.map'

Failed to parse source map from 'C:\Users\safoo\Desktop\DataArena\node_modules\lucide-react\dist\esm\icons\speaker.js.map' file: Error: ENOENT: no such file or directory, open 'C:\Users\safoo\Desktop\DataArena\node_modules\lucide-react\dist\esm\icons\speaker.js.map'

Failed to parse source map from 'C:\Users\safoo\Desktop\DataArena\node_modules\lucide-react\dist\esm\icons\speech.js.map' file: Error: ENOENT: no such file or directory, open 'C:\Users\safoo\Desktop\DataArena\node_modules\lucide-react\dist\esm\icons\speech.js.map'

Failed to parse source map from 'C:\Users\safoo\Desktop\DataArena\node_modules\lucide-react\dist\esm\icons\spell-check-2.js.map' file: Error: ENOENT: no such file or directory, open 'C:\Users\safoo\Desktop\DataArena\node_modules\lucide-react\dist\esm\icons\spell-check-2.js.map'

Failed to parse source map from 'C:\Users\safoo\Desktop\DataArena\node_modules\lucide-react\dist\esm\icons\spell-check.js.map' file: Error: ENOENT: no such file or directory, open 'C:\Users\safoo\Desktop\DataArena\node_modules\lucide-react\dist\esm\icons\spell-check.js.map'

Failed to parse source map from 'C:\Users\safoo\Desktop\DataArena\node_modules\lucide-react\dist\esm\icons\spline-pointer.js.map' file: Error: ENOENT: no such file or directory, open 'C:\Users\safoo\Desktop\DataArena\node_modules\lucide-react\dist\esm\icons\spline-pointer.js.map'

Failed to parse source map from 'C:\Users\safoo\Desktop\DataArena\node_modules\lucide-react\dist\esm\icons\spline.js.map' file: Error: ENOENT: no such file or directory, open 'C:\Users\safoo\Desktop\DataArena\node_modules\lucide-react\dist\esm\icons\spline.js.map'

Failed to parse source map from 'C:\Users\safoo\Desktop\DataArena\node_modules\lucide-react\dist\esm\icons\split.js.map' file: Error: ENOENT: no such file or directory, open 'C:\Users\safoo\Desktop\DataArena\node_modules\lucide-react\dist\esm\icons\split.js.map'

Failed to parse source map from 'C:\Users\safoo\Desktop\DataArena\node_modules\lucide-react\dist\esm\icons\spool.js.map' file: Error: ENOENT: no such file or directory, open 'C:\Users\safoo\Desktop\DataArena\node_modules\lucide-react\dist\esm\icons\spool.js.map'

Failed to parse source map from 'C:\Users\safoo\Desktop\DataArena\node_modules\lucide-react\dist\esm\icons\spotlight.js.map' file: Error: ENOENT: no such file or directory, open 'C:\Users\safoo\Desktop\DataArena\node_modules\lucide-react\dist\esm\icons\spotlight.js.map'

Failed to parse source map from 'C:\Users\safoo\Desktop\DataArena\node_modules\lucide-react\dist\esm\icons\spray-can.js.map' file: Error: ENOENT: no such file or directory, open 'C:\Users\safoo\Desktop\DataArena\node_modules\lucide-react\dist\esm\icons\spray-can.js.map'

Failed to parse source map from 'C:\Users\safoo\Desktop\DataArena\node_modules\lucide-react\dist\esm\icons\sprout.js.map' file: Error: ENOENT: no such file or directory, open 'C:\Users\safoo\Desktop\DataArena\node_modules\lucide-react\dist\esm\icons\sprout.js.map'

Failed to parse source map from 'C:\Users\safoo\Desktop\DataArena\node_modules\lucide-react\dist\esm\icons\square-activity.js.map' file: Error: ENOENT: no such file or directory, open 'C:\Users\safoo\Desktop\DataArena\node_modules\lucide-react\dist\esm\icons\square-activity.js.map'

Failed to parse source map from 'C:\Users\safoo\Desktop\DataArena\node_modules\lucide-react\dist\esm\icons\square-arrow-down-left.js.map' file: Error: ENOENT: no such file or directory, open 'C:\Users\safoo\Desktop\DataArena\node_modules\lucide-react\dist\esm\icons\square-arrow-down-left.js.map'

Failed to parse source map from 'C:\Users\safoo\Desktop\DataArena\node_modules\lucide-react\dist\esm\icons\square-arrow-down-right.js.map' file: Error: ENOENT: no such file or directory, open 'C:\Users\safoo\Desktop\DataArena\node_modules\lucide-react\dist\esm\icons\square-arrow-down-right.js.map'

Failed to parse source map from 'C:\Users\safoo\Desktop\DataArena\node_modules\lucide-react\dist\esm\icons\square-arrow-down.js.map' file: Error: ENOENT: no such file or directory, open 'C:\Users\safoo\Desktop\DataArena\node_modules\lucide-react\dist\esm\icons\square-arrow-down.js.map'

Failed to parse source map from 'C:\Users\safoo\Desktop\DataArena\node_modules\lucide-react\dist\esm\icons\square-arrow-left.js.map' file: Error: ENOENT: no such file or directory, open 'C:\Users\safoo\Desktop\DataArena\node_modules\lucide-react\dist\esm\icons\square-arrow-left.js.map'

Failed to parse source map from 'C:\Users\safoo\Desktop\DataArena\node_modules\lucide-react\dist\esm\icons\square-arrow-out-down-left.js.map' file: Error: ENOENT: no such file or directory, open 'C:\Users\safoo\Desktop\DataArena\node_modules\lucide-react\dist\esm\icons\square-arrow-out-down-left.js.map'

Failed to parse source map from 'C:\Users\safoo\Desktop\DataArena\node_modules\lucide-react\dist\esm\icons\square-arrow-out-down-right.js.map' file: Error: ENOENT: no such file or directory, open 'C:\Users\safoo\Desktop\DataArena\node_modules\lucide-react\dist\esm\icons\square-arrow-out-down-right.js.map'

Failed to parse source map from 'C:\Users\safoo\Desktop\DataArena\node_modules\lucide-react\dist\esm\icons\square-arrow-out-up-left.js.map' file: Error: ENOENT: no such file or directory, open 'C:\Users\safoo\Desktop\DataArena\node_modules\lucide-react\dist\esm\icons\square-arrow-out-up-left.js.map'

Failed to parse source map from 'C:\Users\safoo\Desktop\DataArena\node_modules\lucide-react\dist\esm\icons\square-arrow-out-up-right.js.map' file: Error: ENOENT: no such file or directory, open 'C:\Users\safoo\Desktop\DataArena\node_modules\lucide-react\dist\esm\icons\square-arrow-out-up-right.js.map'

Failed to parse source map from 'C:\Users\safoo\Desktop\DataArena\node_modules\lucide-react\dist\esm\icons\square-arrow-right.js.map' file: Error: ENOENT: no such file or directory, open 'C:\Users\safoo\Desktop\DataArena\node_modules\lucide-react\dist\esm\icons\square-arrow-right.js.map'

Failed to parse source map from 'C:\Users\safoo\Desktop\DataArena\node_modules\lucide-react\dist\esm\icons\square-arrow-up-left.js.map' file: Error: ENOENT: no such file or directory, open 'C:\Users\safoo\Desktop\DataArena\node_modules\lucide-react\dist\esm\icons\square-arrow-up-left.js.map'

Failed to parse source map from 'C:\Users\safoo\Desktop\DataArena\node_modules\lucide-react\dist\esm\icons\square-arrow-up-right.js.map' file: Error: ENOENT: no such file or directory, open 'C:\Users\safoo\Desktop\DataArena\node_modules\lucide-react\dist\esm\icons\square-arrow-up-right.js.map'

Failed to parse source map from 'C:\Users\safoo\Desktop\DataArena\node_modules\lucide-react\dist\esm\icons\square-arrow-up.js.map' file: Error: ENOENT: no such file or directory, open 'C:\Users\safoo\Desktop\DataArena\node_modules\lucide-react\dist\esm\icons\square-arrow-up.js.map'

Failed to parse source map from 'C:\Users\safoo\Desktop\DataArena\node_modules\lucide-react\dist\esm\icons\square-asterisk.js.map' file: Error: ENOENT: no such file or directory, open 'C:\Users\safoo\Desktop\DataArena\node_modules\lucide-react\dist\esm\icons\square-asterisk.js.map'

Failed to parse source map from 'C:\Users\safoo\Desktop\DataArena\node_modules\lucide-react\dist\esm\icons\square-bottom-dashed-scissors.js.map' file: Error: ENOENT: no such file or directory, open 'C:\Users\safoo\Desktop\DataArena\node_modules\lucide-react\dist\esm\icons\square-bottom-dashed-scissors.js.map'

Failed to parse source map from 'C:\Users\safoo\Desktop\DataArena\node_modules\lucide-react\dist\esm\icons\square-chart-gantt.js.map' file: Error: ENOENT: no such file or directory, open 'C:\Users\safoo\Desktop\DataArena\node_modules\lucide-react\dist\esm\icons\square-chart-gantt.js.map'

Failed to parse source map from 'C:\Users\safoo\Desktop\DataArena\node_modules\lucide-react\dist\esm\icons\square-check-big.js.map' file: Error: ENOENT: no such file or directory, open 'C:\Users\safoo\Desktop\DataArena\node_modules\lucide-react\dist\esm\icons\square-check-big.js.map'

Failed to parse source map from 'C:\Users\safoo\Desktop\DataArena\node_modules\lucide-react\dist\esm\icons\square-check.js.map' file: Error: ENOENT: no such file or directory, open 'C:\Users\safoo\Desktop\DataArena\node_modules\lucide-react\dist\esm\icons\square-check.js.map'

Failed to parse source map from 'C:\Users\safoo\Desktop\DataArena\node_modules\lucide-react\dist\esm\icons\square-chevron-down.js.map' file: Error: ENOENT: no such file or directory, open 'C:\Users\safoo\Desktop\DataArena\node_modules\lucide-react\dist\esm\icons\square-chevron-down.js.map'

Failed to parse source map from 'C:\Users\safoo\Desktop\DataArena\node_modules\lucide-react\dist\esm\icons\square-chevron-left.js.map' file: Error: ENOENT: no such file or directory, open 'C:\Users\safoo\Desktop\DataArena\node_modules\lucide-react\dist\esm\icons\square-chevron-left.js.map'

Failed to parse source map from 'C:\Users\safoo\Desktop\DataArena\node_modules\lucide-react\dist\esm\icons\square-chevron-right.js.map' file: Error: ENOENT: no such file or directory, open 'C:\Users\safoo\Desktop\DataArena\node_modules\lucide-react\dist\esm\icons\square-chevron-right.js.map'

Failed to parse source map from 'C:\Users\safoo\Desktop\DataArena\node_modules\lucide-react\dist\esm\icons\square-chevron-up.js.map' file: Error: ENOENT: no such file or directory, open 'C:\Users\safoo\Desktop\DataArena\node_modules\lucide-react\dist\esm\icons\square-chevron-up.js.map'

Failed to parse source map from 'C:\Users\safoo\Desktop\DataArena\node_modules\lucide-react\dist\esm\icons\square-code.js.map' file: Error: ENOENT: no such file or directory, open 'C:\Users\safoo\Desktop\DataArena\node_modules\lucide-react\dist\esm\icons\square-code.js.map'

Failed to parse source map from 'C:\Users\safoo\Desktop\DataArena\node_modules\lucide-react\dist\esm\icons\square-dashed-bottom-code.js.map' file: Error: ENOENT: no such file or directory, open 'C:\Users\safoo\Desktop\DataArena\node_modules\lucide-react\dist\esm\icons\square-dashed-bottom-code.js.map'

Failed to parse source map from 'C:\Users\safoo\Desktop\DataArena\node_modules\lucide-react\dist\esm\icons\square-dashed-bottom.js.map' file: Error: ENOENT: no such file or directory, open 'C:\Users\safoo\Desktop\DataArena\node_modules\lucide-react\dist\esm\icons\square-dashed-bottom.js.map'

Failed to parse source map from 'C:\Users\safoo\Desktop\DataArena\node_modules\lucide-react\dist\esm\icons\square-dashed-kanban.js.map' file: Error: ENOENT: no such file or directory, open 'C:\Users\safoo\Desktop\DataArena\node_modules\lucide-react\dist\esm\icons\square-dashed-kanban.js.map'

Failed to parse source map from 'C:\Users\safoo\Desktop\DataArena\node_modules\lucide-react\dist\esm\icons\square-dashed-mouse-pointer.js.map' file: Error: ENOENT: no such file or directory, open 'C:\Users\safoo\Desktop\DataArena\node_modules\lucide-react\dist\esm\icons\square-dashed-mouse-pointer.js.map'

Failed to parse source map from 'C:\Users\safoo\Desktop\DataArena\node_modules\lucide-react\dist\esm\icons\square-dashed-top-solid.js.map' file: Error: ENOENT: no such file or directory, open 'C:\Users\safoo\Desktop\DataArena\node_modules\lucide-react\dist\esm\icons\square-dashed-top-solid.js.map'

Failed to parse source map from 'C:\Users\safoo\Desktop\DataArena\node_modules\lucide-react\dist\esm\icons\square-dashed.js.map' file: Error: ENOENT: no such file or directory, open 'C:\Users\safoo\Desktop\DataArena\node_modules\lucide-react\dist\esm\icons\square-dashed.js.map'

Failed to parse source map from 'C:\Users\safoo\Desktop\DataArena\node_modules\lucide-react\dist\esm\icons\square-divide.js.map' file: Error: ENOENT: no such file or directory, open 'C:\Users\safoo\Desktop\DataArena\node_modules\lucide-react\dist\esm\icons\square-divide.js.map'

Failed to parse source map from 'C:\Users\safoo\Desktop\DataArena\node_modules\lucide-react\dist\esm\icons\square-dot.js.map' file: Error: ENOENT: no such file or directory, open 'C:\Users\safoo\Desktop\DataArena\node_modules\lucide-react\dist\esm\icons\square-dot.js.map'

Failed to parse source map from 'C:\Users\safoo\Desktop\DataArena\node_modules\lucide-react\dist\esm\icons\square-equal.js.map' file: Error: ENOENT: no such file or directory, open 'C:\Users\safoo\Desktop\DataArena\node_modules\lucide-react\dist\esm\icons\square-equal.js.map'

Failed to parse source map from 'C:\Users\safoo\Desktop\DataArena\node_modules\lucide-react\dist\esm\icons\square-function.js.map' file: Error: ENOENT: no such file or directory, open 'C:\Users\safoo\Desktop\DataArena\node_modules\lucide-react\dist\esm\icons\square-function.js.map'

Failed to parse source map from 'C:\Users\safoo\Desktop\DataArena\node_modules\lucide-react\dist\esm\icons\square-kanban.js.map' file: Error: ENOENT: no such file or directory, open 'C:\Users\safoo\Desktop\DataArena\node_modules\lucide-react\dist\esm\icons\square-kanban.js.map'

Failed to parse source map from 'C:\Users\safoo\Desktop\DataArena\node_modules\lucide-react\dist\esm\icons\square-library.js.map' file: Error: ENOENT: no such file or directory, open 'C:\Users\safoo\Desktop\DataArena\node_modules\lucide-react\dist\esm\icons\square-library.js.map'

Failed to parse source map from 'C:\Users\safoo\Desktop\DataArena\node_modules\lucide-react\dist\esm\icons\square-m.js.map' file: Error: ENOENT: no such file or directory, open 'C:\Users\safoo\Desktop\DataArena\node_modules\lucide-react\dist\esm\icons\square-m.js.map'

Failed to parse source map from 'C:\Users\safoo\Desktop\DataArena\node_modules\lucide-react\dist\esm\icons\square-menu.js.map' file: Error: ENOENT: no such file or directory, open 'C:\Users\safoo\Desktop\DataArena\node_modules\lucide-react\dist\esm\icons\square-menu.js.map'

Failed to parse source map from 'C:\Users\safoo\Desktop\DataArena\node_modules\lucide-react\dist\esm\icons\square-minus.js.map' file: Error: ENOENT: no such file or directory, open 'C:\Users\safoo\Desktop\DataArena\node_modules\lucide-react\dist\esm\icons\square-minus.js.map'

Failed to parse source map from 'C:\Users\safoo\Desktop\DataArena\node_modules\lucide-react\dist\esm\icons\square-mouse-pointer.js.map' file: Error: ENOENT: no such file or directory, open 'C:\Users\safoo\Desktop\DataArena\node_modules\lucide-react\dist\esm\icons\square-mouse-pointer.js.map'

Failed to parse source map from 'C:\Users\safoo\Desktop\DataArena\node_modules\lucide-react\dist\esm\icons\square-parking-off.js.map' file: Error: ENOENT: no such file or directory, open 'C:\Users\safoo\Desktop\DataArena\node_modules\lucide-react\dist\esm\icons\square-parking-off.js.map'

Failed to parse source map from 'C:\Users\safoo\Desktop\DataArena\node_modules\lucide-react\dist\esm\icons\square-parking.js.map' file: Error: ENOENT: no such file or directory, open 'C:\Users\safoo\Desktop\DataArena\node_modules\lucide-react\dist\esm\icons\square-parking.js.map'

Failed to parse source map from 'C:\Users\safoo\Desktop\DataArena\node_modules\lucide-react\dist\esm\icons\square-pause.js.map' file: Error: ENOENT: no such file or directory, open 'C:\Users\safoo\Desktop\DataArena\node_modules\lucide-react\dist\esm\icons\square-pause.js.map'

Failed to parse source map from 'C:\Users\safoo\Desktop\DataArena\node_modules\lucide-react\dist\esm\icons\square-pen.js.map' file: Error: ENOENT: no such file or directory, open 'C:\Users\safoo\Desktop\DataArena\node_modules\lucide-react\dist\esm\icons\square-pen.js.map'

Failed to parse source map from 'C:\Users\safoo\Desktop\DataArena\node_modules\lucide-react\dist\esm\icons\square-percent.js.map' file: Error: ENOENT: no such file or directory, open 'C:\Users\safoo\Desktop\DataArena\node_modules\lucide-react\dist\esm\icons\square-percent.js.map'

Failed to parse source map from 'C:\Users\safoo\Desktop\DataArena\node_modules\lucide-react\dist\esm\icons\square-pi.js.map' file: Error: ENOENT: no such file or directory, open 'C:\Users\safoo\Desktop\DataArena\node_modules\lucide-react\dist\esm\icons\square-pi.js.map'

Failed to parse source map from 'C:\Users\safoo\Desktop\DataArena\node_modules\lucide-react\dist\esm\icons\square-pilcrow.js.map' file: Error: ENOENT: no such file or directory, open 'C:\Users\safoo\Desktop\DataArena\node_modules\lucide-react\dist\esm\icons\square-pilcrow.js.map'

Failed to parse source map from 'C:\Users\safoo\Desktop\DataArena\node_modules\lucide-react\dist\esm\icons\square-play.js.map' file: Error: ENOENT: no such file or directory, open 'C:\Users\safoo\Desktop\DataArena\node_modules\lucide-react\dist\esm\icons\square-play.js.map'

Failed to parse source map from 'C:\Users\safoo\Desktop\DataArena\node_modules\lucide-react\dist\esm\icons\square-plus.js.map' file: Error: ENOENT: no such file or directory, open 'C:\Users\safoo\Desktop\DataArena\node_modules\lucide-react\dist\esm\icons\square-plus.js.map'

Failed to parse source map from 'C:\Users\safoo\Desktop\DataArena\node_modules\lucide-react\dist\esm\icons\square-power.js.map' file: Error: ENOENT: no such file or directory, open 'C:\Users\safoo\Desktop\DataArena\node_modules\lucide-react\dist\esm\icons\square-power.js.map'

Failed to parse source map from 'C:\Users\safoo\Desktop\DataArena\node_modules\lucide-react\dist\esm\icons\square-radical.js.map' file: Error: ENOENT: no such file or directory, open 'C:\Users\safoo\Desktop\DataArena\node_modules\lucide-react\dist\esm\icons\square-radical.js.map'

Failed to parse source map from 'C:\Users\safoo\Desktop\DataArena\node_modules\lucide-react\dist\esm\icons\square-round-corner.js.map' file: Error: ENOENT: no such file or directory, open 'C:\Users\safoo\Desktop\DataArena\node_modules\lucide-react\dist\esm\icons\square-round-corner.js.map'

Failed to parse source map from 'C:\Users\safoo\Desktop\DataArena\node_modules\lucide-react\dist\esm\icons\square-scissors.js.map' file: Error: ENOENT: no such file or directory, open 'C:\Users\safoo\Desktop\DataArena\node_modules\lucide-react\dist\esm\icons\square-scissors.js.map'

Failed to parse source map from 'C:\Users\safoo\Desktop\DataArena\node_modules\lucide-react\dist\esm\icons\square-sigma.js.map' file: Error: ENOENT: no such file or directory, open 'C:\Users\safoo\Desktop\DataArena\node_modules\lucide-react\dist\esm\icons\square-sigma.js.map'

Failed to parse source map from 'C:\Users\safoo\Desktop\DataArena\node_modules\lucide-react\dist\esm\icons\square-slash.js.map' file: Error: ENOENT: no such file or directory, open 'C:\Users\safoo\Desktop\DataArena\node_modules\lucide-react\dist\esm\icons\square-slash.js.map'

Failed to parse source map from 'C:\Users\safoo\Desktop\DataArena\node_modules\lucide-react\dist\esm\icons\square-split-horizontal.js.map' file: Error: ENOENT: no such file or directory, open 'C:\Users\safoo\Desktop\DataArena\node_modules\lucide-react\dist\esm\icons\square-split-horizontal.js.map'

Failed to parse source map from 'C:\Users\safoo\Desktop\DataArena\node_modules\lucide-react\dist\esm\icons\square-split-vertical.js.map' file: Error: ENOENT: no such file or directory, open 'C:\Users\safoo\Desktop\DataArena\node_modules\lucide-react\dist\esm\icons\square-split-vertical.js.map'

Failed to parse source map from 'C:\Users\safoo\Desktop\DataArena\node_modules\lucide-react\dist\esm\icons\square-square.js.map' file: Error: ENOENT: no such file or directory, open 'C:\Users\safoo\Desktop\DataArena\node_modules\lucide-react\dist\esm\icons\square-square.js.map'

Failed to parse source map from 'C:\Users\safoo\Desktop\DataArena\node_modules\lucide-react\dist\esm\icons\square-stack.js.map' file: Error: ENOENT: no such file or directory, open 'C:\Users\safoo\Desktop\DataArena\node_modules\lucide-react\dist\esm\icons\square-stack.js.map'

Failed to parse source map from 'C:\Users\safoo\Desktop\DataArena\node_modules\lucide-react\dist\esm\icons\square-star.js.map' file: Error: ENOENT: no such file or directory, open 'C:\Users\safoo\Desktop\DataArena\node_modules\lucide-react\dist\esm\icons\square-star.js.map'

Failed to parse source map from 'C:\Users\safoo\Desktop\DataArena\node_modules\lucide-react\dist\esm\icons\square-stop.js.map' file: Error: ENOENT: no such file or directory, open 'C:\Users\safoo\Desktop\DataArena\node_modules\lucide-react\dist\esm\icons\square-stop.js.map'

Failed to parse source map from 'C:\Users\safoo\Desktop\DataArena\node_modules\lucide-react\dist\esm\icons\square-terminal.js.map' file: Error: ENOENT: no such file or directory, open 'C:\Users\safoo\Desktop\DataArena\node_modules\lucide-react\dist\esm\icons\square-terminal.js.map'

Failed to parse source map from 'C:\Users\safoo\Desktop\DataArena\node_modules\lucide-react\dist\esm\icons\square-user-round.js.map' file: Error: ENOENT: no such file or directory, open 'C:\Users\safoo\Desktop\DataArena\node_modules\lucide-react\dist\esm\icons\square-user-round.js.map'

Failed to parse source map from 'C:\Users\safoo\Desktop\DataArena\node_modules\lucide-react\dist\esm\icons\square-user.js.map' file: Error: ENOENT: no such file or directory, open 'C:\Users\safoo\Desktop\DataArena\node_modules\lucide-react\dist\esm\icons\square-user.js.map'

Failed to parse source map from 'C:\Users\safoo\Desktop\DataArena\node_modules\lucide-react\dist\esm\icons\square-x.js.map' file: Error: ENOENT: no such file or directory, open 'C:\Users\safoo\Desktop\DataArena\node_modules\lucide-react\dist\esm\icons\square-x.js.map'

Failed to parse source map from 'C:\Users\safoo\Desktop\DataArena\node_modules\lucide-react\dist\esm\icons\square.js.map' file: Error: ENOENT: no such file or directory, open 'C:\Users\safoo\Desktop\DataArena\node_modules\lucide-react\dist\esm\icons\square.js.map'

Failed to parse source map from 'C:\Users\safoo\Desktop\DataArena\node_modules\lucide-react\dist\esm\icons\squares-exclude.js.map' file: Error: ENOENT: no such file or directory, open 'C:\Users\safoo\Desktop\DataArena\node_modules\lucide-react\dist\esm\icons\squares-exclude.js.map'

Failed to parse source map from 'C:\Users\safoo\Desktop\DataArena\node_modules\lucide-react\dist\esm\icons\squares-intersect.js.map' file: Error: ENOENT: no such file or directory, open 'C:\Users\safoo\Desktop\DataArena\node_modules\lucide-react\dist\esm\icons\squares-intersect.js.map'

Failed to parse source map from 'C:\Users\safoo\Desktop\DataArena\node_modules\lucide-react\dist\esm\icons\squares-subtract.js.map' file: Error: ENOENT: no such file or directory, open 'C:\Users\safoo\Desktop\DataArena\node_modules\lucide-react\dist\esm\icons\squares-subtract.js.map'

Failed to parse source map from 'C:\Users\safoo\Desktop\DataArena\node_modules\lucide-react\dist\esm\icons\squares-unite.js.map' file: Error: ENOENT: no such file or directory, open 'C:\Users\safoo\Desktop\DataArena\node_modules\lucide-react\dist\esm\icons\squares-unite.js.map'

Failed to parse source map from 'C:\Users\safoo\Desktop\DataArena\node_modules\lucide-react\dist\esm\icons\squircle-dashed.js.map' file: Error: ENOENT: no such file or directory, open 'C:\Users\safoo\Desktop\DataArena\node_modules\lucide-react\dist\esm\icons\squircle-dashed.js.map'

Failed to parse source map from 'C:\Users\safoo\Desktop\DataArena\node_modules\lucide-react\dist\esm\icons\squircle.js.map' file: Error: ENOENT: no such file or directory, open 'C:\Users\safoo\Desktop\DataArena\node_modules\lucide-react\dist\esm\icons\squircle.js.map'

Failed to parse source map from 'C:\Users\safoo\Desktop\DataArena\node_modules\lucide-react\dist\esm\icons\squirrel.js.map' file: Error: ENOENT: no such file or directory, open 'C:\Users\safoo\Desktop\DataArena\node_modules\lucide-react\dist\esm\icons\squirrel.js.map'

Failed to parse source map from 'C:\Users\safoo\Desktop\DataArena\node_modules\lucide-react\dist\esm\icons\stamp.js.map' file: Error: ENOENT: no such file or directory, open 'C:\Users\safoo\Desktop\DataArena\node_modules\lucide-react\dist\esm\icons\stamp.js.map'

Failed to parse source map from 'C:\Users\safoo\Desktop\DataArena\node_modules\lucide-react\dist\esm\icons\star-half.js.map' file: Error: ENOENT: no such file or directory, open 'C:\Users\safoo\Desktop\DataArena\node_modules\lucide-react\dist\esm\icons\star-half.js.map'

Failed to parse source map from 'C:\Users\safoo\Desktop\DataArena\node_modules\lucide-react\dist\esm\icons\star-off.js.map' file: Error: ENOENT: no such file or directory, open 'C:\Users\safoo\Desktop\DataArena\node_modules\lucide-react\dist\esm\icons\star-off.js.map'

Failed to parse source map from 'C:\Users\safoo\Desktop\DataArena\node_modules\lucide-react\dist\esm\icons\star.js.map' file: Error: ENOENT: no such file or directory, open 'C:\Users\safoo\Desktop\DataArena\node_modules\lucide-react\dist\esm\icons\star.js.map'

Failed to parse source map from 'C:\Users\safoo\Desktop\DataArena\node_modules\lucide-react\dist\esm\icons\step-back.js.map' file: Error: ENOENT: no such file or directory, open 'C:\Users\safoo\Desktop\DataArena\node_modules\lucide-react\dist\esm\icons\step-back.js.map'

Failed to parse source map from 'C:\Users\safoo\Desktop\DataArena\node_modules\lucide-react\dist\esm\icons\step-forward.js.map' file: Error: ENOENT: no such file or directory, open 'C:\Users\safoo\Desktop\DataArena\node_modules\lucide-react\dist\esm\icons\step-forward.js.map'

Failed to parse source map from 'C:\Users\safoo\Desktop\DataArena\node_modules\lucide-react\dist\esm\icons\stethoscope.js.map' file: Error: ENOENT: no such file or directory, open 'C:\Users\safoo\Desktop\DataArena\node_modules\lucide-react\dist\esm\icons\stethoscope.js.map'

Failed to parse source map from 'C:\Users\safoo\Desktop\DataArena\node_modules\lucide-react\dist\esm\icons\sticker.js.map' file: Error: ENOENT: no such file or directory, open 'C:\Users\safoo\Desktop\DataArena\node_modules\lucide-react\dist\esm\icons\sticker.js.map'

Failed to parse source map from 'C:\Users\safoo\Desktop\DataArena\node_modules\lucide-react\dist\esm\icons\sticky-note.js.map' file: Error: ENOENT: no such file or directory, open 'C:\Users\safoo\Desktop\DataArena\node_modules\lucide-react\dist\esm\icons\sticky-note.js.map'

Failed to parse source map from 'C:\Users\safoo\Desktop\DataArena\node_modules\lucide-react\dist\esm\icons\stone.js.map' file: Error: ENOENT: no such file or directory, open 'C:\Users\safoo\Desktop\DataArena\node_modules\lucide-react\dist\esm\icons\stone.js.map'

Failed to parse source map from 'C:\Users\safoo\Desktop\DataArena\node_modules\lucide-react\dist\esm\icons\store.js.map' file: Error: ENOENT: no such file or directory, open 'C:\Users\safoo\Desktop\DataArena\node_modules\lucide-react\dist\esm\icons\store.js.map'

Failed to parse source map from 'C:\Users\safoo\Desktop\DataArena\node_modules\lucide-react\dist\esm\icons\stretch-horizontal.js.map' file: Error: ENOENT: no such file or directory, open 'C:\Users\safoo\Desktop\DataArena\node_modules\lucide-react\dist\esm\icons\stretch-horizontal.js.map'

Failed to parse source map from 'C:\Users\safoo\Desktop\DataArena\node_modules\lucide-react\dist\esm\icons\stretch-vertical.js.map' file: Error: ENOENT: no such file or directory, open 'C:\Users\safoo\Desktop\DataArena\node_modules\lucide-react\dist\esm\icons\stretch-vertical.js.map'

Failed to parse source map from 'C:\Users\safoo\Desktop\DataArena\node_modules\lucide-react\dist\esm\icons\strikethrough.js.map' file: Error: ENOENT: no such file or directory, open 'C:\Users\safoo\Desktop\DataArena\node_modules\lucide-react\dist\esm\icons\strikethrough.js.map'

Failed to parse source map from 'C:\Users\safoo\Desktop\DataArena\node_modules\lucide-react\dist\esm\icons\subscript.js.map' file: Error: ENOENT: no such file or directory, open 'C:\Users\safoo\Desktop\DataArena\node_modules\lucide-react\dist\esm\icons\subscript.js.map'

Failed to parse source map from 'C:\Users\safoo\Desktop\DataArena\node_modules\lucide-react\dist\esm\icons\sun-dim.js.map' file: Error: ENOENT: no such file or directory, open 'C:\Users\safoo\Desktop\DataArena\node_modules\lucide-react\dist\esm\icons\sun-dim.js.map'

Failed to parse source map from 'C:\Users\safoo\Desktop\DataArena\node_modules\lucide-react\dist\esm\icons\sun-medium.js.map' file: Error: ENOENT: no such file or directory, open 'C:\Users\safoo\Desktop\DataArena\node_modules\lucide-react\dist\esm\icons\sun-medium.js.map'

Failed to parse source map from 'C:\Users\safoo\Desktop\DataArena\node_modules\lucide-react\dist\esm\icons\sun-moon.js.map' file: Error: ENOENT: no such file or directory, open 'C:\Users\safoo\Desktop\DataArena\node_modules\lucide-react\dist\esm\icons\sun-moon.js.map'

Failed to parse source map from 'C:\Users\safoo\Desktop\DataArena\node_modules\lucide-react\dist\esm\icons\sun-snow.js.map' file: Error: ENOENT: no such file or directory, open 'C:\Users\safoo\Desktop\DataArena\node_modules\lucide-react\dist\esm\icons\sun-snow.js.map'

Failed to parse source map from 'C:\Users\safoo\Desktop\DataArena\node_modules\lucide-react\dist\esm\icons\sun.js.map' file: Error: ENOENT: no such file or directory, open 'C:\Users\safoo\Desktop\DataArena\node_modules\lucide-react\dist\esm\icons\sun.js.map'

Failed to parse source map from 'C:\Users\safoo\Desktop\DataArena\node_modules\lucide-react\dist\esm\icons\sunrise.js.map' file: Error: ENOENT: no such file or directory, open 'C:\Users\safoo\Desktop\DataArena\node_modules\lucide-react\dist\esm\icons\sunrise.js.map'

Failed to parse source map from 'C:\Users\safoo\Desktop\DataArena\node_modules\lucide-react\dist\esm\icons\sunset.js.map' file: Error: ENOENT: no such file or directory, open 'C:\Users\safoo\Desktop\DataArena\node_modules\lucide-react\dist\esm\icons\sunset.js.map'

Failed to parse source map from 'C:\Users\safoo\Desktop\DataArena\node_modules\lucide-react\dist\esm\icons\superscript.js.map' file: Error: ENOENT: no such file or directory, open 'C:\Users\safoo\Desktop\DataArena\node_modules\lucide-react\dist\esm\icons\superscript.js.map'

Failed to parse source map from 'C:\Users\safoo\Desktop\DataArena\node_modules\lucide-react\dist\esm\icons\swatch-book.js.map' file: Error: ENOENT: no such file or directory, open 'C:\Users\safoo\Desktop\DataArena\node_modules\lucide-react\dist\esm\icons\swatch-book.js.map'

Failed to parse source map from 'C:\Users\safoo\Desktop\DataArena\node_modules\lucide-react\dist\esm\icons\swiss-franc.js.map' file: Error: ENOENT: no such file or directory, open 'C:\Users\safoo\Desktop\DataArena\node_modules\lucide-react\dist\esm\icons\swiss-franc.js.map'

Failed to parse source map from 'C:\Users\safoo\Desktop\DataArena\node_modules\lucide-react\dist\esm\icons\switch-camera.js.map' file: Error: ENOENT: no such file or directory, open 'C:\Users\safoo\Desktop\DataArena\node_modules\lucide-react\dist\esm\icons\switch-camera.js.map'

Failed to parse source map from 'C:\Users\safoo\Desktop\DataArena\node_modules\lucide-react\dist\esm\icons\sword.js.map' file: Error: ENOENT: no such file or directory, open 'C:\Users\safoo\Desktop\DataArena\node_modules\lucide-react\dist\esm\icons\sword.js.map'

Failed to parse source map from 'C:\Users\safoo\Desktop\DataArena\node_modules\lucide-react\dist\esm\icons\swords.js.map' file: Error: ENOENT: no such file or directory, open 'C:\Users\safoo\Desktop\DataArena\node_modules\lucide-react\dist\esm\icons\swords.js.map'

Failed to parse source map from 'C:\Users\safoo\Desktop\DataArena\node_modules\lucide-react\dist\esm\icons\syringe.js.map' file: Error: ENOENT: no such file or directory, open 'C:\Users\safoo\Desktop\DataArena\node_modules\lucide-react\dist\esm\icons\syringe.js.map'

Failed to parse source map from 'C:\Users\safoo\Desktop\DataArena\node_modules\lucide-react\dist\esm\icons\table-cells-merge.js.map' file: Error: ENOENT: no such file or directory, open 'C:\Users\safoo\Desktop\DataArena\node_modules\lucide-react\dist\esm\icons\table-cells-merge.js.map'

Failed to parse source map from 'C:\Users\safoo\Desktop\DataArena\node_modules\lucide-react\dist\esm\icons\table-cells-split.js.map' file: Error: ENOENT: no such file or directory, open 'C:\Users\safoo\Desktop\DataArena\node_modules\lucide-react\dist\esm\icons\table-cells-split.js.map'

Failed to parse source map from 'C:\Users\safoo\Desktop\DataArena\node_modules\lucide-react\dist\esm\icons\table-columns-split.js.map' file: Error: ENOENT: no such file or directory, open 'C:\Users\safoo\Desktop\DataArena\node_modules\lucide-react\dist\esm\icons\table-columns-split.js.map'

Failed to parse source map from 'C:\Users\safoo\Desktop\DataArena\node_modules\lucide-react\dist\esm\icons\table-of-contents.js.map' file: Error: ENOENT: no such file or directory, open 'C:\Users\safoo\Desktop\DataArena\node_modules\lucide-react\dist\esm\icons\table-of-contents.js.map'

Failed to parse source map from 'C:\Users\safoo\Desktop\DataArena\node_modules\lucide-react\dist\esm\icons\table-properties.js.map' file: Error: ENOENT: no such file or directory, open 'C:\Users\safoo\Desktop\DataArena\node_modules\lucide-react\dist\esm\icons\table-properties.js.map'

Failed to parse source map from 'C:\Users\safoo\Desktop\DataArena\node_modules\lucide-react\dist\esm\icons\table-rows-split.js.map' file: Error: ENOENT: no such file or directory, open 'C:\Users\safoo\Desktop\DataArena\node_modules\lucide-react\dist\esm\icons\table-rows-split.js.map'

Failed to parse source map from 'C:\Users\safoo\Desktop\DataArena\node_modules\lucide-react\dist\esm\icons\table-2.js.map' file: Error: ENOENT: no such file or directory, open 'C:\Users\safoo\Desktop\DataArena\node_modules\lucide-react\dist\esm\icons\table-2.js.map'

Failed to parse source map from 'C:\Users\safoo\Desktop\DataArena\node_modules\lucide-react\dist\esm\icons\table.js.map' file: Error: ENOENT: no such file or directory, open 'C:\Users\safoo\Desktop\DataArena\node_modules\lucide-react\dist\esm\icons\table.js.map'

Failed to parse source map from 'C:\Users\safoo\Desktop\DataArena\node_modules\lucide-react\dist\esm\icons\tablet-smartphone.js.map' file: Error: ENOENT: no such file or directory, open 'C:\Users\safoo\Desktop\DataArena\node_modules\lucide-react\dist\esm\icons\tablet-smartphone.js.map'

Failed to parse source map from 'C:\Users\safoo\Desktop\DataArena\node_modules\lucide-react\dist\esm\icons\tablet.js.map' file: Error: ENOENT: no such file or directory, open 'C:\Users\safoo\Desktop\DataArena\node_modules\lucide-react\dist\esm\icons\tablet.js.map'

Failed to parse source map from 'C:\Users\safoo\Desktop\DataArena\node_modules\lucide-react\dist\esm\icons\tablets.js.map' file: Error: ENOENT: no such file or directory, open 'C:\Users\safoo\Desktop\DataArena\node_modules\lucide-react\dist\esm\icons\tablets.js.map'

Failed to parse source map from 'C:\Users\safoo\Desktop\DataArena\node_modules\lucide-react\dist\esm\icons\tag.js.map' file: Error: ENOENT: no such file or directory, open 'C:\Users\safoo\Desktop\DataArena\node_modules\lucide-react\dist\esm\icons\tag.js.map'

Failed to parse source map from 'C:\Users\safoo\Desktop\DataArena\node_modules\lucide-react\dist\esm\icons\tags.js.map' file: Error: ENOENT: no such file or directory, open 'C:\Users\safoo\Desktop\DataArena\node_modules\lucide-react\dist\esm\icons\tags.js.map'

Failed to parse source map from 'C:\Users\safoo\Desktop\DataArena\node_modules\lucide-react\dist\esm\icons\tally-1.js.map' file: Error: ENOENT: no such file or directory, open 'C:\Users\safoo\Desktop\DataArena\node_modules\lucide-react\dist\esm\icons\tally-1.js.map'

Failed to parse source map from 'C:\Users\safoo\Desktop\DataArena\node_modules\lucide-react\dist\esm\icons\tally-2.js.map' file: Error: ENOENT: no such file or directory, open 'C:\Users\safoo\Desktop\DataArena\node_modules\lucide-react\dist\esm\icons\tally-2.js.map'

Failed to parse source map from 'C:\Users\safoo\Desktop\DataArena\node_modules\lucide-react\dist\esm\icons\tally-3.js.map' file: Error: ENOENT: no such file or directory, open 'C:\Users\safoo\Desktop\DataArena\node_modules\lucide-react\dist\esm\icons\tally-3.js.map'

Failed to parse source map from 'C:\Users\safoo\Desktop\DataArena\node_modules\lucide-react\dist\esm\icons\tally-4.js.map' file: Error: ENOENT: no such file or directory, open 'C:\Users\safoo\Desktop\DataArena\node_modules\lucide-react\dist\esm\icons\tally-4.js.map'

Failed to parse source map from 'C:\Users\safoo\Desktop\DataArena\node_modules\lucide-react\dist\esm\icons\tally-5.js.map' file: Error: ENOENT: no such file or directory, open 'C:\Users\safoo\Desktop\DataArena\node_modules\lucide-react\dist\esm\icons\tally-5.js.map'

Failed to parse source map from 'C:\Users\safoo\Desktop\DataArena\node_modules\lucide-react\dist\esm\icons\tangent.js.map' file: Error: ENOENT: no such file or directory, open 'C:\Users\safoo\Desktop\DataArena\node_modules\lucide-react\dist\esm\icons\tangent.js.map'

Failed to parse source map from 'C:\Users\safoo\Desktop\DataArena\node_modules\lucide-react\dist\esm\icons\target.js.map' file: Error: ENOENT: no such file or directory, open 'C:\Users\safoo\Desktop\DataArena\node_modules\lucide-react\dist\esm\icons\target.js.map'

Failed to parse source map from 'C:\Users\safoo\Desktop\DataArena\node_modules\lucide-react\dist\esm\icons\telescope.js.map' file: Error: ENOENT: no such file or directory, open 'C:\Users\safoo\Desktop\DataArena\node_modules\lucide-react\dist\esm\icons\telescope.js.map'

Failed to parse source map from 'C:\Users\safoo\Desktop\DataArena\node_modules\lucide-react\dist\esm\icons\tent-tree.js.map' file: Error: ENOENT: no such file or directory, open 'C:\Users\safoo\Desktop\DataArena\node_modules\lucide-react\dist\esm\icons\tent-tree.js.map'

Failed to parse source map from 'C:\Users\safoo\Desktop\DataArena\node_modules\lucide-react\dist\esm\icons\tent.js.map' file: Error: ENOENT: no such file or directory, open 'C:\Users\safoo\Desktop\DataArena\node_modules\lucide-react\dist\esm\icons\tent.js.map'

Failed to parse source map from 'C:\Users\safoo\Desktop\DataArena\node_modules\lucide-react\dist\esm\icons\terminal.js.map' file: Error: ENOENT: no such file or directory, open 'C:\Users\safoo\Desktop\DataArena\node_modules\lucide-react\dist\esm\icons\terminal.js.map'

Failed to parse source map from 'C:\Users\safoo\Desktop\DataArena\node_modules\lucide-react\dist\esm\icons\test-tube-diagonal.js.map' file: Error: ENOENT: no such file or directory, open 'C:\Users\safoo\Desktop\DataArena\node_modules\lucide-react\dist\esm\icons\test-tube-diagonal.js.map'

Failed to parse source map from 'C:\Users\safoo\Desktop\DataArena\node_modules\lucide-react\dist\esm\icons\test-tube.js.map' file: Error: ENOENT: no such file or directory, open 'C:\Users\safoo\Desktop\DataArena\node_modules\lucide-react\dist\esm\icons\test-tube.js.map'

Failed to parse source map from 'C:\Users\safoo\Desktop\DataArena\node_modules\lucide-react\dist\esm\icons\test-tubes.js.map' file: Error: ENOENT: no such file or directory, open 'C:\Users\safoo\Desktop\DataArena\node_modules\lucide-react\dist\esm\icons\test-tubes.js.map'

Failed to parse source map from 'C:\Users\safoo\Desktop\DataArena\node_modules\lucide-react\dist\esm\icons\text-align-center.js.map' file: Error: ENOENT: no such file or directory, open 'C:\Users\safoo\Desktop\DataArena\node_modules\lucide-react\dist\esm\icons\text-align-center.js.map'

Failed to parse source map from 'C:\Users\safoo\Desktop\DataArena\node_modules\lucide-react\dist\esm\icons\text-align-end.js.map' file: Error: ENOENT: no such file or directory, open 'C:\Users\safoo\Desktop\DataArena\node_modules\lucide-react\dist\esm\icons\text-align-end.js.map'

Failed to parse source map from 'C:\Users\safoo\Desktop\DataArena\node_modules\lucide-react\dist\esm\icons\text-align-justify.js.map' file: Error: ENOENT: no such file or directory, open 'C:\Users\safoo\Desktop\DataArena\node_modules\lucide-react\dist\esm\icons\text-align-justify.js.map'

Failed to parse source map from 'C:\Users\safoo\Desktop\DataArena\node_modules\lucide-react\dist\esm\icons\text-align-start.js.map' file: Error: ENOENT: no such file or directory, open 'C:\Users\safoo\Desktop\DataArena\node_modules\lucide-react\dist\esm\icons\text-align-start.js.map'

Failed to parse source map from 'C:\Users\safoo\Desktop\DataArena\node_modules\lucide-react\dist\esm\icons\text-cursor-input.js.map' file: Error: ENOENT: no such file or directory, open 'C:\Users\safoo\Desktop\DataArena\node_modules\lucide-react\dist\esm\icons\text-cursor-input.js.map'

Failed to parse source map from 'C:\Users\safoo\Desktop\DataArena\node_modules\lucide-react\dist\esm\icons\text-cursor.js.map' file: Error: ENOENT: no such file or directory, open 'C:\Users\safoo\Desktop\DataArena\node_modules\lucide-react\dist\esm\icons\text-cursor.js.map'

Failed to parse source map from 'C:\Users\safoo\Desktop\DataArena\node_modules\lucide-react\dist\esm\icons\text-initial.js.map' file: Error: ENOENT: no such file or directory, open 'C:\Users\safoo\Desktop\DataArena\node_modules\lucide-react\dist\esm\icons\text-initial.js.map'

Failed to parse source map from 'C:\Users\safoo\Desktop\DataArena\node_modules\lucide-react\dist\esm\icons\text-quote.js.map' file: Error: ENOENT: no such file or directory, open 'C:\Users\safoo\Desktop\DataArena\node_modules\lucide-react\dist\esm\icons\text-quote.js.map'

Failed to parse source map from 'C:\Users\safoo\Desktop\DataArena\node_modules\lucide-react\dist\esm\icons\text-search.js.map' file: Error: ENOENT: no such file or directory, open 'C:\Users\safoo\Desktop\DataArena\node_modules\lucide-react\dist\esm\icons\text-search.js.map'

Failed to parse source map from 'C:\Users\safoo\Desktop\DataArena\node_modules\lucide-react\dist\esm\icons\text-select.js.map' file: Error: ENOENT: no such file or directory, open 'C:\Users\safoo\Desktop\DataArena\node_modules\lucide-react\dist\esm\icons\text-select.js.map'

Failed to parse source map from 'C:\Users\safoo\Desktop\DataArena\node_modules\lucide-react\dist\esm\icons\text-wrap.js.map' file: Error: ENOENT: no such file or directory, open 'C:\Users\safoo\Desktop\DataArena\node_modules\lucide-react\dist\esm\icons\text-wrap.js.map'

Failed to parse source map from 'C:\Users\safoo\Desktop\DataArena\node_modules\lucide-react\dist\esm\icons\theater.js.map' file: Error: ENOENT: no such file or directory, open 'C:\Users\safoo\Desktop\DataArena\node_modules\lucide-react\dist\esm\icons\theater.js.map'

Failed to parse source map from 'C:\Users\safoo\Desktop\DataArena\node_modules\lucide-react\dist\esm\icons\thermometer-snowflake.js.map' file: Error: ENOENT: no such file or directory, open 'C:\Users\safoo\Desktop\DataArena\node_modules\lucide-react\dist\esm\icons\thermometer-snowflake.js.map'

Failed to parse source map from 'C:\Users\safoo\Desktop\DataArena\node_modules\lucide-react\dist\esm\icons\thermometer-sun.js.map' file: Error: ENOENT: no such file or directory, open 'C:\Users\safoo\Desktop\DataArena\node_modules\lucide-react\dist\esm\icons\thermometer-sun.js.map'

Failed to parse source map from 'C:\Users\safoo\Desktop\DataArena\node_modules\lucide-react\dist\esm\icons\thermometer.js.map' file: Error: ENOENT: no such file or directory, open 'C:\Users\safoo\Desktop\DataArena\node_modules\lucide-react\dist\esm\icons\thermometer.js.map'

Failed to parse source map from 'C:\Users\safoo\Desktop\DataArena\node_modules\lucide-react\dist\esm\icons\thumbs-down.js.map' file: Error: ENOENT: no such file or directory, open 'C:\Users\safoo\Desktop\DataArena\node_modules\lucide-react\dist\esm\icons\thumbs-down.js.map'

Failed to parse source map from 'C:\Users\safoo\Desktop\DataArena\node_modules\lucide-react\dist\esm\icons\thumbs-up.js.map' file: Error: ENOENT: no such file or directory, open 'C:\Users\safoo\Desktop\DataArena\node_modules\lucide-react\dist\esm\icons\thumbs-up.js.map'

Failed to parse source map from 'C:\Users\safoo\Desktop\DataArena\node_modules\lucide-react\dist\esm\icons\ticket-check.js.map' file: Error: ENOENT: no such file or directory, open 'C:\Users\safoo\Desktop\DataArena\node_modules\lucide-react\dist\esm\icons\ticket-check.js.map'

Failed to parse source map from 'C:\Users\safoo\Desktop\DataArena\node_modules\lucide-react\dist\esm\icons\ticket-minus.js.map' file: Error: ENOENT: no such file or directory, open 'C:\Users\safoo\Desktop\DataArena\node_modules\lucide-react\dist\esm\icons\ticket-minus.js.map'

Failed to parse source map from 'C:\Users\safoo\Desktop\DataArena\node_modules\lucide-react\dist\esm\icons\ticket-percent.js.map' file: Error: ENOENT: no such file or directory, open 'C:\Users\safoo\Desktop\DataArena\node_modules\lucide-react\dist\esm\icons\ticket-percent.js.map'

Failed to parse source map from 'C:\Users\safoo\Desktop\DataArena\node_modules\lucide-react\dist\esm\icons\ticket-plus.js.map' file: Error: ENOENT: no such file or directory, open 'C:\Users\safoo\Desktop\DataArena\node_modules\lucide-react\dist\esm\icons\ticket-plus.js.map'

Failed to parse source map from 'C:\Users\safoo\Desktop\DataArena\node_modules\lucide-react\dist\esm\icons\ticket-slash.js.map' file: Error: ENOENT: no such file or directory, open 'C:\Users\safoo\Desktop\DataArena\node_modules\lucide-react\dist\esm\icons\ticket-slash.js.map'

Failed to parse source map from 'C:\Users\safoo\Desktop\DataArena\node_modules\lucide-react\dist\esm\icons\ticket-x.js.map' file: Error: ENOENT: no such file or directory, open 'C:\Users\safoo\Desktop\DataArena\node_modules\lucide-react\dist\esm\icons\ticket-x.js.map'

Failed to parse source map from 'C:\Users\safoo\Desktop\DataArena\node_modules\lucide-react\dist\esm\icons\ticket.js.map' file: Error: ENOENT: no such file or directory, open 'C:\Users\safoo\Desktop\DataArena\node_modules\lucide-react\dist\esm\icons\ticket.js.map'

Failed to parse source map from 'C:\Users\safoo\Desktop\DataArena\node_modules\lucide-react\dist\esm\icons\tickets-plane.js.map' file: Error: ENOENT: no such file or directory, open 'C:\Users\safoo\Desktop\DataArena\node_modules\lucide-react\dist\esm\icons\tickets-plane.js.map'

Failed to parse source map from 'C:\Users\safoo\Desktop\DataArena\node_modules\lucide-react\dist\esm\icons\tickets.js.map' file: Error: ENOENT: no such file or directory, open 'C:\Users\safoo\Desktop\DataArena\node_modules\lucide-react\dist\esm\icons\tickets.js.map'

Failed to parse source map from 'C:\Users\safoo\Desktop\DataArena\node_modules\lucide-react\dist\esm\icons\timer-off.js.map' file: Error: ENOENT: no such file or directory, open 'C:\Users\safoo\Desktop\DataArena\node_modules\lucide-react\dist\esm\icons\timer-off.js.map'

Failed to parse source map from 'C:\Users\safoo\Desktop\DataArena\node_modules\lucide-react\dist\esm\icons\timer-reset.js.map' file: Error: ENOENT: no such file or directory, open 'C:\Users\safoo\Desktop\DataArena\node_modules\lucide-react\dist\esm\icons\timer-reset.js.map'

Failed to parse source map from 'C:\Users\safoo\Desktop\DataArena\node_modules\lucide-react\dist\esm\icons\timer.js.map' file: Error: ENOENT: no such file or directory, open 'C:\Users\safoo\Desktop\DataArena\node_modules\lucide-react\dist\esm\icons\timer.js.map'

Failed to parse source map from 'C:\Users\safoo\Desktop\DataArena\node_modules\lucide-react\dist\esm\icons\toggle-left.js.map' file: Error: ENOENT: no such file or directory, open 'C:\Users\safoo\Desktop\DataArena\node_modules\lucide-react\dist\esm\icons\toggle-left.js.map'

Failed to parse source map from 'C:\Users\safoo\Desktop\DataArena\node_modules\lucide-react\dist\esm\icons\toggle-right.js.map' file: Error: ENOENT: no such file or directory, open 'C:\Users\safoo\Desktop\DataArena\node_modules\lucide-react\dist\esm\icons\toggle-right.js.map'

Failed to parse source map from 'C:\Users\safoo\Desktop\DataArena\node_modules\lucide-react\dist\esm\icons\toilet.js.map' file: Error: ENOENT: no such file or directory, open 'C:\Users\safoo\Desktop\DataArena\node_modules\lucide-react\dist\esm\icons\toilet.js.map'

Failed to parse source map from 'C:\Users\safoo\Desktop\DataArena\node_modules\lucide-react\dist\esm\icons\tool-case.js.map' file: Error: ENOENT: no such file or directory, open 'C:\Users\safoo\Desktop\DataArena\node_modules\lucide-react\dist\esm\icons\tool-case.js.map'

Failed to parse source map from 'C:\Users\safoo\Desktop\DataArena\node_modules\lucide-react\dist\esm\icons\tornado.js.map' file: Error: ENOENT: no such file or directory, open 'C:\Users\safoo\Desktop\DataArena\node_modules\lucide-react\dist\esm\icons\tornado.js.map'

Failed to parse source map from 'C:\Users\safoo\Desktop\DataArena\node_modules\lucide-react\dist\esm\icons\torus.js.map' file: Error: ENOENT: no such file or directory, open 'C:\Users\safoo\Desktop\DataArena\node_modules\lucide-react\dist\esm\icons\torus.js.map'

Failed to parse source map from 'C:\Users\safoo\Desktop\DataArena\node_modules\lucide-react\dist\esm\icons\touchpad-off.js.map' file: Error: ENOENT: no such file or directory, open 'C:\Users\safoo\Desktop\DataArena\node_modules\lucide-react\dist\esm\icons\touchpad-off.js.map'

Failed to parse source map from 'C:\Users\safoo\Desktop\DataArena\node_modules\lucide-react\dist\esm\icons\touchpad.js.map' file: Error: ENOENT: no such file or directory, open 'C:\Users\safoo\Desktop\DataArena\node_modules\lucide-react\dist\esm\icons\touchpad.js.map'

Failed to parse source map from 'C:\Users\safoo\Desktop\DataArena\node_modules\lucide-react\dist\esm\icons\tower-control.js.map' file: Error: ENOENT: no such file or directory, open 'C:\Users\safoo\Desktop\DataArena\node_modules\lucide-react\dist\esm\icons\tower-control.js.map'

Failed to parse source map from 'C:\Users\safoo\Desktop\DataArena\node_modules\lucide-react\dist\esm\icons\toy-brick.js.map' file: Error: ENOENT: no such file or directory, open 'C:\Users\safoo\Desktop\DataArena\node_modules\lucide-react\dist\esm\icons\toy-brick.js.map'

Failed to parse source map from 'C:\Users\safoo\Desktop\DataArena\node_modules\lucide-react\dist\esm\icons\tractor.js.map' file: Error: ENOENT: no such file or directory, open 'C:\Users\safoo\Desktop\DataArena\node_modules\lucide-react\dist\esm\icons\tractor.js.map'

Failed to parse source map from 'C:\Users\safoo\Desktop\DataArena\node_modules\lucide-react\dist\esm\icons\traffic-cone.js.map' file: Error: ENOENT: no such file or directory, open 'C:\Users\safoo\Desktop\DataArena\node_modules\lucide-react\dist\esm\icons\traffic-cone.js.map'

Failed to parse source map from 'C:\Users\safoo\Desktop\DataArena\node_modules\lucide-react\dist\esm\icons\train-front-tunnel.js.map' file: Error: ENOENT: no such file or directory, open 'C:\Users\safoo\Desktop\DataArena\node_modules\lucide-react\dist\esm\icons\train-front-tunnel.js.map'

Failed to parse source map from 'C:\Users\safoo\Desktop\DataArena\node_modules\lucide-react\dist\esm\icons\train-front.js.map' file: Error: ENOENT: no such file or directory, open 'C:\Users\safoo\Desktop\DataArena\node_modules\lucide-react\dist\esm\icons\train-front.js.map'

Failed to parse source map from 'C:\Users\safoo\Desktop\DataArena\node_modules\lucide-react\dist\esm\icons\train-track.js.map' file: Error: ENOENT: no such file or directory, open 'C:\Users\safoo\Desktop\DataArena\node_modules\lucide-react\dist\esm\icons\train-track.js.map'

Failed to parse source map from 'C:\Users\safoo\Desktop\DataArena\node_modules\lucide-react\dist\esm\icons\tram-front.js.map' file: Error: ENOENT: no such file or directory, open 'C:\Users\safoo\Desktop\DataArena\node_modules\lucide-react\dist\esm\icons\tram-front.js.map'

Failed to parse source map from 'C:\Users\safoo\Desktop\DataArena\node_modules\lucide-react\dist\esm\icons\transgender.js.map' file: Error: ENOENT: no such file or directory, open 'C:\Users\safoo\Desktop\DataArena\node_modules\lucide-react\dist\esm\icons\transgender.js.map'

Failed to parse source map from 'C:\Users\safoo\Desktop\DataArena\node_modules\lucide-react\dist\esm\icons\trash-2.js.map' file: Error: ENOENT: no such file or directory, open 'C:\Users\safoo\Desktop\DataArena\node_modules\lucide-react\dist\esm\icons\trash-2.js.map'

Failed to parse source map from 'C:\Users\safoo\Desktop\DataArena\node_modules\lucide-react\dist\esm\icons\trash.js.map' file: Error: ENOENT: no such file or directory, open 'C:\Users\safoo\Desktop\DataArena\node_modules\lucide-react\dist\esm\icons\trash.js.map'

Failed to parse source map from 'C:\Users\safoo\Desktop\DataArena\node_modules\lucide-react\dist\esm\icons\tree-deciduous.js.map' file: Error: ENOENT: no such file or directory, open 'C:\Users\safoo\Desktop\DataArena\node_modules\lucide-react\dist\esm\icons\tree-deciduous.js.map'

Failed to parse source map from 'C:\Users\safoo\Desktop\DataArena\node_modules\lucide-react\dist\esm\icons\tree-palm.js.map' file: Error: ENOENT: no such file or directory, open 'C:\Users\safoo\Desktop\DataArena\node_modules\lucide-react\dist\esm\icons\tree-palm.js.map'

Failed to parse source map from 'C:\Users\safoo\Desktop\DataArena\node_modules\lucide-react\dist\esm\icons\tree-pine.js.map' file: Error: ENOENT: no such file or directory, open 'C:\Users\safoo\Desktop\DataArena\node_modules\lucide-react\dist\esm\icons\tree-pine.js.map'

Failed to parse source map from 'C:\Users\safoo\Desktop\DataArena\node_modules\lucide-react\dist\esm\icons\trees.js.map' file: Error: ENOENT: no such file or directory, open 'C:\Users\safoo\Desktop\DataArena\node_modules\lucide-react\dist\esm\icons\trees.js.map'

Failed to parse source map from 'C:\Users\safoo\Desktop\DataArena\node_modules\lucide-react\dist\esm\icons\trello.js.map' file: Error: ENOENT: no such file or directory, open 'C:\Users\safoo\Desktop\DataArena\node_modules\lucide-react\dist\esm\icons\trello.js.map'

Failed to parse source map from 'C:\Users\safoo\Desktop\DataArena\node_modules\lucide-react\dist\esm\icons\trending-down.js.map' file: Error: ENOENT: no such file or directory, open 'C:\Users\safoo\Desktop\DataArena\node_modules\lucide-react\dist\esm\icons\trending-down.js.map'

Failed to parse source map from 'C:\Users\safoo\Desktop\DataArena\node_modules\lucide-react\dist\esm\icons\trending-up-down.js.map' file: Error: ENOENT: no such file or directory, open 'C:\Users\safoo\Desktop\DataArena\node_modules\lucide-react\dist\esm\icons\trending-up-down.js.map'

Failed to parse source map from 'C:\Users\safoo\Desktop\DataArena\node_modules\lucide-react\dist\esm\icons\trending-up.js.map' file: Error: ENOENT: no such file or directory, open 'C:\Users\safoo\Desktop\DataArena\node_modules\lucide-react\dist\esm\icons\trending-up.js.map'

Failed to parse source map from 'C:\Users\safoo\Desktop\DataArena\node_modules\lucide-react\dist\esm\icons\triangle-alert.js.map' file: Error: ENOENT: no such file or directory, open 'C:\Users\safoo\Desktop\DataArena\node_modules\lucide-react\dist\esm\icons\triangle-alert.js.map'

Failed to parse source map from 'C:\Users\safoo\Desktop\DataArena\node_modules\lucide-react\dist\esm\icons\triangle-dashed.js.map' file: Error: ENOENT: no such file or directory, open 'C:\Users\safoo\Desktop\DataArena\node_modules\lucide-react\dist\esm\icons\triangle-dashed.js.map'

Failed to parse source map from 'C:\Users\safoo\Desktop\DataArena\node_modules\lucide-react\dist\esm\icons\triangle-right.js.map' file: Error: ENOENT: no such file or directory, open 'C:\Users\safoo\Desktop\DataArena\node_modules\lucide-react\dist\esm\icons\triangle-right.js.map'

Failed to parse source map from 'C:\Users\safoo\Desktop\DataArena\node_modules\lucide-react\dist\esm\icons\triangle.js.map' file: Error: ENOENT: no such file or directory, open 'C:\Users\safoo\Desktop\DataArena\node_modules\lucide-react\dist\esm\icons\triangle.js.map'

Failed to parse source map from 'C:\Users\safoo\Desktop\DataArena\node_modules\lucide-react\dist\esm\icons\trophy.js.map' file: Error: ENOENT: no such file or directory, open 'C:\Users\safoo\Desktop\DataArena\node_modules\lucide-react\dist\esm\icons\trophy.js.map'

Failed to parse source map from 'C:\Users\safoo\Desktop\DataArena\node_modules\lucide-react\dist\esm\icons\truck-electric.js.map' file: Error: ENOENT: no such file or directory, open 'C:\Users\safoo\Desktop\DataArena\node_modules\lucide-react\dist\esm\icons\truck-electric.js.map'

Failed to parse source map from 'C:\Users\safoo\Desktop\DataArena\node_modules\lucide-react\dist\esm\icons\truck.js.map' file: Error: ENOENT: no such file or directory, open 'C:\Users\safoo\Desktop\DataArena\node_modules\lucide-react\dist\esm\icons\truck.js.map'

Failed to parse source map from 'C:\Users\safoo\Desktop\DataArena\node_modules\lucide-react\dist\esm\icons\turkish-lira.js.map' file: Error: ENOENT: no such file or directory, open 'C:\Users\safoo\Desktop\DataArena\node_modules\lucide-react\dist\esm\icons\turkish-lira.js.map'

Failed to parse source map from 'C:\Users\safoo\Desktop\DataArena\node_modules\lucide-react\dist\esm\icons\turntable.js.map' file: Error: ENOENT: no such file or directory, open 'C:\Users\safoo\Desktop\DataArena\node_modules\lucide-react\dist\esm\icons\turntable.js.map'

Failed to parse source map from 'C:\Users\safoo\Desktop\DataArena\node_modules\lucide-react\dist\esm\icons\turtle.js.map' file: Error: ENOENT: no such file or directory, open 'C:\Users\safoo\Desktop\DataArena\node_modules\lucide-react\dist\esm\icons\turtle.js.map'

Failed to parse source map from 'C:\Users\safoo\Desktop\DataArena\node_modules\lucide-react\dist\esm\icons\tv-minimal-play.js.map' file: Error: ENOENT: no such file or directory, open 'C:\Users\safoo\Desktop\DataArena\node_modules\lucide-react\dist\esm\icons\tv-minimal-play.js.map'

Failed to parse source map from 'C:\Users\safoo\Desktop\DataArena\node_modules\lucide-react\dist\esm\icons\tv-minimal.js.map' file: Error: ENOENT: no such file or directory, open 'C:\Users\safoo\Desktop\DataArena\node_modules\lucide-react\dist\esm\icons\tv-minimal.js.map'

Failed to parse source map from 'C:\Users\safoo\Desktop\DataArena\node_modules\lucide-react\dist\esm\icons\tv.js.map' file: Error: ENOENT: no such file or directory, open 'C:\Users\safoo\Desktop\DataArena\node_modules\lucide-react\dist\esm\icons\tv.js.map'

Failed to parse source map from 'C:\Users\safoo\Desktop\DataArena\node_modules\lucide-react\dist\esm\icons\twitch.js.map' file: Error: ENOENT: no such file or directory, open 'C:\Users\safoo\Desktop\DataArena\node_modules\lucide-react\dist\esm\icons\twitch.js.map'

Failed to parse source map from 'C:\Users\safoo\Desktop\DataArena\node_modules\lucide-react\dist\esm\icons\twitter.js.map' file: Error: ENOENT: no such file or directory, open 'C:\Users\safoo\Desktop\DataArena\node_modules\lucide-react\dist\esm\icons\twitter.js.map'

Failed to parse source map from 'C:\Users\safoo\Desktop\DataArena\node_modules\lucide-react\dist\esm\icons\type-outline.js.map' file: Error: ENOENT: no such file or directory, open 'C:\Users\safoo\Desktop\DataArena\node_modules\lucide-react\dist\esm\icons\type-outline.js.map'

Failed to parse source map from 'C:\Users\safoo\Desktop\DataArena\node_modules\lucide-react\dist\esm\icons\type.js.map' file: Error: ENOENT: no such file or directory, open 'C:\Users\safoo\Desktop\DataArena\node_modules\lucide-react\dist\esm\icons\type.js.map'

Failed to parse source map from 'C:\Users\safoo\Desktop\DataArena\node_modules\lucide-react\dist\esm\icons\umbrella-off.js.map' file: Error: ENOENT: no such file or directory, open 'C:\Users\safoo\Desktop\DataArena\node_modules\lucide-react\dist\esm\icons\umbrella-off.js.map'

Failed to parse source map from 'C:\Users\safoo\Desktop\DataArena\node_modules\lucide-react\dist\esm\icons\umbrella.js.map' file: Error: ENOENT: no such file or directory, open 'C:\Users\safoo\Desktop\DataArena\node_modules\lucide-react\dist\esm\icons\umbrella.js.map'

Failed to parse source map from 'C:\Users\safoo\Desktop\DataArena\node_modules\lucide-react\dist\esm\icons\underline.js.map' file: Error: ENOENT: no such file or directory, open 'C:\Users\safoo\Desktop\DataArena\node_modules\lucide-react\dist\esm\icons\underline.js.map'

Failed to parse source map from 'C:\Users\safoo\Desktop\DataArena\node_modules\lucide-react\dist\esm\icons\undo-dot.js.map' file: Error: ENOENT: no such file or directory, open 'C:\Users\safoo\Desktop\DataArena\node_modules\lucide-react\dist\esm\icons\undo-dot.js.map'

Failed to parse source map from 'C:\Users\safoo\Desktop\DataArena\node_modules\lucide-react\dist\esm\icons\undo-2.js.map' file: Error: ENOENT: no such file or directory, open 'C:\Users\safoo\Desktop\DataArena\node_modules\lucide-react\dist\esm\icons\undo-2.js.map'

Failed to parse source map from 'C:\Users\safoo\Desktop\DataArena\node_modules\lucide-react\dist\esm\icons\undo.js.map' file: Error: ENOENT: no such file or directory, open 'C:\Users\safoo\Desktop\DataArena\node_modules\lucide-react\dist\esm\icons\undo.js.map'

Failed to parse source map from 'C:\Users\safoo\Desktop\DataArena\node_modules\lucide-react\dist\esm\icons\unfold-horizontal.js.map' file: Error: ENOENT: no such file or directory, open 'C:\Users\safoo\Desktop\DataArena\node_modules\lucide-react\dist\esm\icons\unfold-horizontal.js.map'

Failed to parse source map from 'C:\Users\safoo\Desktop\DataArena\node_modules\lucide-react\dist\esm\icons\unfold-vertical.js.map' file: Error: ENOENT: no such file or directory, open 'C:\Users\safoo\Desktop\DataArena\node_modules\lucide-react\dist\esm\icons\unfold-vertical.js.map'

Failed to parse source map from 'C:\Users\safoo\Desktop\DataArena\node_modules\lucide-react\dist\esm\icons\ungroup.js.map' file: Error: ENOENT: no such file or directory, open 'C:\Users\safoo\Desktop\DataArena\node_modules\lucide-react\dist\esm\icons\ungroup.js.map'

Failed to parse source map from 'C:\Users\safoo\Desktop\DataArena\node_modules\lucide-react\dist\esm\icons\university.js.map' file: Error: ENOENT: no such file or directory, open 'C:\Users\safoo\Desktop\DataArena\node_modules\lucide-react\dist\esm\icons\university.js.map'

Failed to parse source map from 'C:\Users\safoo\Desktop\DataArena\node_modules\lucide-react\dist\esm\icons\unlink-2.js.map' file: Error: ENOENT: no such file or directory, open 'C:\Users\safoo\Desktop\DataArena\node_modules\lucide-react\dist\esm\icons\unlink-2.js.map'

Failed to parse source map from 'C:\Users\safoo\Desktop\DataArena\node_modules\lucide-react\dist\esm\icons\unlink.js.map' file: Error: ENOENT: no such file or directory, open 'C:\Users\safoo\Desktop\DataArena\node_modules\lucide-react\dist\esm\icons\unlink.js.map'

Failed to parse source map from 'C:\Users\safoo\Desktop\DataArena\node_modules\lucide-react\dist\esm\icons\unplug.js.map' file: Error: ENOENT: no such file or directory, open 'C:\Users\safoo\Desktop\DataArena\node_modules\lucide-react\dist\esm\icons\unplug.js.map'

Failed to parse source map from 'C:\Users\safoo\Desktop\DataArena\node_modules\lucide-react\dist\esm\icons\upload.js.map' file: Error: ENOENT: no such file or directory, open 'C:\Users\safoo\Desktop\DataArena\node_modules\lucide-react\dist\esm\icons\upload.js.map'

Failed to parse source map from 'C:\Users\safoo\Desktop\DataArena\node_modules\lucide-react\dist\esm\icons\usb.js.map' file: Error: ENOENT: no such file or directory, open 'C:\Users\safoo\Desktop\DataArena\node_modules\lucide-react\dist\esm\icons\usb.js.map'

Failed to parse source map from 'C:\Users\safoo\Desktop\DataArena\node_modules\lucide-react\dist\esm\icons\user-check.js.map' file: Error: ENOENT: no such file or directory, open 'C:\Users\safoo\Desktop\DataArena\node_modules\lucide-react\dist\esm\icons\user-check.js.map'

Failed to parse source map from 'C:\Users\safoo\Desktop\DataArena\node_modules\lucide-react\dist\esm\icons\user-cog.js.map' file: Error: ENOENT: no such file or directory, open 'C:\Users\safoo\Desktop\DataArena\node_modules\lucide-react\dist\esm\icons\user-cog.js.map'

Failed to parse source map from 'C:\Users\safoo\Desktop\DataArena\node_modules\lucide-react\dist\esm\icons\user-lock.js.map' file: Error: ENOENT: no such file or directory, open 'C:\Users\safoo\Desktop\DataArena\node_modules\lucide-react\dist\esm\icons\user-lock.js.map'

Failed to parse source map from 'C:\Users\safoo\Desktop\DataArena\node_modules\lucide-react\dist\esm\icons\user-minus.js.map' file: Error: ENOENT: no such file or directory, open 'C:\Users\safoo\Desktop\DataArena\node_modules\lucide-react\dist\esm\icons\user-minus.js.map'

Failed to parse source map from 'C:\Users\safoo\Desktop\DataArena\node_modules\lucide-react\dist\esm\icons\user-pen.js.map' file: Error: ENOENT: no such file or directory, open 'C:\Users\safoo\Desktop\DataArena\node_modules\lucide-react\dist\esm\icons\user-pen.js.map'

Failed to parse source map from 'C:\Users\safoo\Desktop\DataArena\node_modules\lucide-react\dist\esm\icons\user-plus.js.map' file: Error: ENOENT: no such file or directory, open 'C:\Users\safoo\Desktop\DataArena\node_modules\lucide-react\dist\esm\icons\user-plus.js.map'

Failed to parse source map from 'C:\Users\safoo\Desktop\DataArena\node_modules\lucide-react\dist\esm\icons\user-round-check.js.map' file: Error: ENOENT: no such file or directory, open 'C:\Users\safoo\Desktop\DataArena\node_modules\lucide-react\dist\esm\icons\user-round-check.js.map'

Failed to parse source map from 'C:\Users\safoo\Desktop\DataArena\node_modules\lucide-react\dist\esm\icons\user-round-cog.js.map' file: Error: ENOENT: no such file or directory, open 'C:\Users\safoo\Desktop\DataArena\node_modules\lucide-react\dist\esm\icons\user-round-cog.js.map'

Failed to parse source map from 'C:\Users\safoo\Desktop\DataArena\node_modules\lucide-react\dist\esm\icons\user-round-minus.js.map' file: Error: ENOENT: no such file or directory, open 'C:\Users\safoo\Desktop\DataArena\node_modules\lucide-react\dist\esm\icons\user-round-minus.js.map'

Failed to parse source map from 'C:\Users\safoo\Desktop\DataArena\node_modules\lucide-react\dist\esm\icons\user-round-pen.js.map' file: Error: ENOENT: no such file or directory, open 'C:\Users\safoo\Desktop\DataArena\node_modules\lucide-react\dist\esm\icons\user-round-pen.js.map'

Failed to parse source map from 'C:\Users\safoo\Desktop\DataArena\node_modules\lucide-react\dist\esm\icons\user-round-plus.js.map' file: Error: ENOENT: no such file or directory, open 'C:\Users\safoo\Desktop\DataArena\node_modules\lucide-react\dist\esm\icons\user-round-plus.js.map'

Failed to parse source map from 'C:\Users\safoo\Desktop\DataArena\node_modules\lucide-react\dist\esm\icons\user-round-search.js.map' file: Error: ENOENT: no such file or directory, open 'C:\Users\safoo\Desktop\DataArena\node_modules\lucide-react\dist\esm\icons\user-round-search.js.map'

Failed to parse source map from 'C:\Users\safoo\Desktop\DataArena\node_modules\lucide-react\dist\esm\icons\user-round-x.js.map' file: Error: ENOENT: no such file or directory, open 'C:\Users\safoo\Desktop\DataArena\node_modules\lucide-react\dist\esm\icons\user-round-x.js.map'

Failed to parse source map from 'C:\Users\safoo\Desktop\DataArena\node_modules\lucide-react\dist\esm\icons\user-round.js.map' file: Error: ENOENT: no such file or directory, open 'C:\Users\safoo\Desktop\DataArena\node_modules\lucide-react\dist\esm\icons\user-round.js.map'

Failed to parse source map from 'C:\Users\safoo\Desktop\DataArena\node_modules\lucide-react\dist\esm\icons\user-search.js.map' file: Error: ENOENT: no such file or directory, open 'C:\Users\safoo\Desktop\DataArena\node_modules\lucide-react\dist\esm\icons\user-search.js.map'

Failed to parse source map from 'C:\Users\safoo\Desktop\DataArena\node_modules\lucide-react\dist\esm\icons\user-star.js.map' file: Error: ENOENT: no such file or directory, open 'C:\Users\safoo\Desktop\DataArena\node_modules\lucide-react\dist\esm\icons\user-star.js.map'

Failed to parse source map from 'C:\Users\safoo\Desktop\DataArena\node_modules\lucide-react\dist\esm\icons\user-x.js.map' file: Error: ENOENT: no such file or directory, open 'C:\Users\safoo\Desktop\DataArena\node_modules\lucide-react\dist\esm\icons\user-x.js.map'

Failed to parse source map from 'C:\Users\safoo\Desktop\DataArena\node_modules\lucide-react\dist\esm\icons\user.js.map' file: Error: ENOENT: no such file or directory, open 'C:\Users\safoo\Desktop\DataArena\node_modules\lucide-react\dist\esm\icons\user.js.map'

Failed to parse source map from 'C:\Users\safoo\Desktop\DataArena\node_modules\lucide-react\dist\esm\icons\users-round.js.map' file: Error: ENOENT: no such file or directory, open 'C:\Users\safoo\Desktop\DataArena\node_modules\lucide-react\dist\esm\icons\users-round.js.map'

Failed to parse source map from 'C:\Users\safoo\Desktop\DataArena\node_modules\lucide-react\dist\esm\icons\users.js.map' file: Error: ENOENT: no such file or directory, open 'C:\Users\safoo\Desktop\DataArena\node_modules\lucide-react\dist\esm\icons\users.js.map'

Failed to parse source map from 'C:\Users\safoo\Desktop\DataArena\node_modules\lucide-react\dist\esm\icons\utensils-crossed.js.map' file: Error: ENOENT: no such file or directory, open 'C:\Users\safoo\Desktop\DataArena\node_modules\lucide-react\dist\esm\icons\utensils-crossed.js.map'

Failed to parse source map from 'C:\Users\safoo\Desktop\DataArena\node_modules\lucide-react\dist\esm\icons\utensils.js.map' file: Error: ENOENT: no such file or directory, open 'C:\Users\safoo\Desktop\DataArena\node_modules\lucide-react\dist\esm\icons\utensils.js.map'

Failed to parse source map from 'C:\Users\safoo\Desktop\DataArena\node_modules\lucide-react\dist\esm\icons\utility-pole.js.map' file: Error: ENOENT: no such file or directory, open 'C:\Users\safoo\Desktop\DataArena\node_modules\lucide-react\dist\esm\icons\utility-pole.js.map'

Failed to parse source map from 'C:\Users\safoo\Desktop\DataArena\node_modules\lucide-react\dist\esm\icons\van.js.map' file: Error: ENOENT: no such file or directory, open 'C:\Users\safoo\Desktop\DataArena\node_modules\lucide-react\dist\esm\icons\van.js.map'

Failed to parse source map from 'C:\Users\safoo\Desktop\DataArena\node_modules\lucide-react\dist\esm\icons\variable.js.map' file: Error: ENOENT: no such file or directory, open 'C:\Users\safoo\Desktop\DataArena\node_modules\lucide-react\dist\esm\icons\variable.js.map'

Failed to parse source map from 'C:\Users\safoo\Desktop\DataArena\node_modules\lucide-react\dist\esm\icons\vault.js.map' file: Error: ENOENT: no such file or directory, open 'C:\Users\safoo\Desktop\DataArena\node_modules\lucide-react\dist\esm\icons\vault.js.map'

Failed to parse source map from 'C:\Users\safoo\Desktop\DataArena\node_modules\lucide-react\dist\esm\icons\vector-square.js.map' file: Error: ENOENT: no such file or directory, open 'C:\Users\safoo\Desktop\DataArena\node_modules\lucide-react\dist\esm\icons\vector-square.js.map'

Failed to parse source map from 'C:\Users\safoo\Desktop\DataArena\node_modules\lucide-react\dist\esm\icons\vegan.js.map' file: Error: ENOENT: no such file or directory, open 'C:\Users\safoo\Desktop\DataArena\node_modules\lucide-react\dist\esm\icons\vegan.js.map'

Failed to parse source map from 'C:\Users\safoo\Desktop\DataArena\node_modules\lucide-react\dist\esm\icons\venetian-mask.js.map' file: Error: ENOENT: no such file or directory, open 'C:\Users\safoo\Desktop\DataArena\node_modules\lucide-react\dist\esm\icons\venetian-mask.js.map'

Failed to parse source map from 'C:\Users\safoo\Desktop\DataArena\node_modules\lucide-react\dist\esm\icons\venus-and-mars.js.map' file: Error: ENOENT: no such file or directory, open 'C:\Users\safoo\Desktop\DataArena\node_modules\lucide-react\dist\esm\icons\venus-and-mars.js.map'

Failed to parse source map from 'C:\Users\safoo\Desktop\DataArena\node_modules\lucide-react\dist\esm\icons\venus.js.map' file: Error: ENOENT: no such file or directory, open 'C:\Users\safoo\Desktop\DataArena\node_modules\lucide-react\dist\esm\icons\venus.js.map'

Failed to parse source map from 'C:\Users\safoo\Desktop\DataArena\node_modules\lucide-react\dist\esm\icons\vibrate-off.js.map' file: Error: ENOENT: no such file or directory, open 'C:\Users\safoo\Desktop\DataArena\node_modules\lucide-react\dist\esm\icons\vibrate-off.js.map'

Failed to parse source map from 'C:\Users\safoo\Desktop\DataArena\node_modules\lucide-react\dist\esm\icons\vibrate.js.map' file: Error: ENOENT: no such file or directory, open 'C:\Users\safoo\Desktop\DataArena\node_modules\lucide-react\dist\esm\icons\vibrate.js.map'

Failed to parse source map from 'C:\Users\safoo\Desktop\DataArena\node_modules\lucide-react\dist\esm\icons\video-off.js.map' file: Error: ENOENT: no such file or directory, open 'C:\Users\safoo\Desktop\DataArena\node_modules\lucide-react\dist\esm\icons\video-off.js.map'

Failed to parse source map from 'C:\Users\safoo\Desktop\DataArena\node_modules\lucide-react\dist\esm\icons\video.js.map' file: Error: ENOENT: no such file or directory, open 'C:\Users\safoo\Desktop\DataArena\node_modules\lucide-react\dist\esm\icons\video.js.map'

Failed to parse source map from 'C:\Users\safoo\Desktop\DataArena\node_modules\lucide-react\dist\esm\icons\videotape.js.map' file: Error: ENOENT: no such file or directory, open 'C:\Users\safoo\Desktop\DataArena\node_modules\lucide-react\dist\esm\icons\videotape.js.map'

Failed to parse source map from 'C:\Users\safoo\Desktop\DataArena\node_modules\lucide-react\dist\esm\icons\view.js.map' file: Error: ENOENT: no such file or directory, open 'C:\Users\safoo\Desktop\DataArena\node_modules\lucide-react\dist\esm\icons\view.js.map'

Failed to parse source map from 'C:\Users\safoo\Desktop\DataArena\node_modules\lucide-react\dist\esm\icons\voicemail.js.map' file: Error: ENOENT: no such file or directory, open 'C:\Users\safoo\Desktop\DataArena\node_modules\lucide-react\dist\esm\icons\voicemail.js.map'

Failed to parse source map from 'C:\Users\safoo\Desktop\DataArena\node_modules\lucide-react\dist\esm\icons\volleyball.js.map' file: Error: ENOENT: no such file or directory, open 'C:\Users\safoo\Desktop\DataArena\node_modules\lucide-react\dist\esm\icons\volleyball.js.map'

Failed to parse source map from 'C:\Users\safoo\Desktop\DataArena\node_modules\lucide-react\dist\esm\icons\volume-off.js.map' file: Error: ENOENT: no such file or directory, open 'C:\Users\safoo\Desktop\DataArena\node_modules\lucide-react\dist\esm\icons\volume-off.js.map'

Failed to parse source map from 'C:\Users\safoo\Desktop\DataArena\node_modules\lucide-react\dist\esm\icons\volume-x.js.map' file: Error: ENOENT: no such file or directory, open 'C:\Users\safoo\Desktop\DataArena\node_modules\lucide-react\dist\esm\icons\volume-x.js.map'

Failed to parse source map from 'C:\Users\safoo\Desktop\DataArena\node_modules\lucide-react\dist\esm\icons\volume-1.js.map' file: Error: ENOENT: no such file or directory, open 'C:\Users\safoo\Desktop\DataArena\node_modules\lucide-react\dist\esm\icons\volume-1.js.map'

Failed to parse source map from 'C:\Users\safoo\Desktop\DataArena\node_modules\lucide-react\dist\esm\icons\volume-2.js.map' file: Error: ENOENT: no such file or directory, open 'C:\Users\safoo\Desktop\DataArena\node_modules\lucide-react\dist\esm\icons\volume-2.js.map'

Failed to parse source map from 'C:\Users\safoo\Desktop\DataArena\node_modules\lucide-react\dist\esm\icons\volume.js.map' file: Error: ENOENT: no such file or directory, open 'C:\Users\safoo\Desktop\DataArena\node_modules\lucide-react\dist\esm\icons\volume.js.map'

Failed to parse source map from 'C:\Users\safoo\Desktop\DataArena\node_modules\lucide-react\dist\esm\icons\vote.js.map' file: Error: ENOENT: no such file or directory, open 'C:\Users\safoo\Desktop\DataArena\node_modules\lucide-react\dist\esm\icons\vote.js.map'

Failed to parse source map from 'C:\Users\safoo\Desktop\DataArena\node_modules\lucide-react\dist\esm\icons\wallet-cards.js.map' file: Error: ENOENT: no such file or directory, open 'C:\Users\safoo\Desktop\DataArena\node_modules\lucide-react\dist\esm\icons\wallet-cards.js.map'

Failed to parse source map from 'C:\Users\safoo\Desktop\DataArena\node_modules\lucide-react\dist\esm\icons\wallet-minimal.js.map' file: Error: ENOENT: no such file or directory, open 'C:\Users\safoo\Desktop\DataArena\node_modules\lucide-react\dist\esm\icons\wallet-minimal.js.map'

Failed to parse source map from 'C:\Users\safoo\Desktop\DataArena\node_modules\lucide-react\dist\esm\icons\wallet.js.map' file: Error: ENOENT: no such file or directory, open 'C:\Users\safoo\Desktop\DataArena\node_modules\lucide-react\dist\esm\icons\wallet.js.map'

Failed to parse source map from 'C:\Users\safoo\Desktop\DataArena\node_modules\lucide-react\dist\esm\icons\wallpaper.js.map' file: Error: ENOENT: no such file or directory, open 'C:\Users\safoo\Desktop\DataArena\node_modules\lucide-react\dist\esm\icons\wallpaper.js.map'

Failed to parse source map from 'C:\Users\safoo\Desktop\DataArena\node_modules\lucide-react\dist\esm\icons\wand-sparkles.js.map' file: Error: ENOENT: no such file or directory, open 'C:\Users\safoo\Desktop\DataArena\node_modules\lucide-react\dist\esm\icons\wand-sparkles.js.map'

Failed to parse source map from 'C:\Users\safoo\Desktop\DataArena\node_modules\lucide-react\dist\esm\icons\wand.js.map' file: Error: ENOENT: no such file or directory, open 'C:\Users\safoo\Desktop\DataArena\node_modules\lucide-react\dist\esm\icons\wand.js.map'

Failed to parse source map from 'C:\Users\safoo\Desktop\DataArena\node_modules\lucide-react\dist\esm\icons\warehouse.js.map' file: Error: ENOENT: no such file or directory, open 'C:\Users\safoo\Desktop\DataArena\node_modules\lucide-react\dist\esm\icons\warehouse.js.map'

Failed to parse source map from 'C:\Users\safoo\Desktop\DataArena\node_modules\lucide-react\dist\esm\icons\washing-machine.js.map' file: Error: ENOENT: no such file or directory, open 'C:\Users\safoo\Desktop\DataArena\node_modules\lucide-react\dist\esm\icons\washing-machine.js.map'

Failed to parse source map from 'C:\Users\safoo\Desktop\DataArena\node_modules\lucide-react\dist\esm\icons\watch.js.map' file: Error: ENOENT: no such file or directory, open 'C:\Users\safoo\Desktop\DataArena\node_modules\lucide-react\dist\esm\icons\watch.js.map'

Failed to parse source map from 'C:\Users\safoo\Desktop\DataArena\node_modules\lucide-react\dist\esm\icons\waves-arrow-down.js.map' file: Error: ENOENT: no such file or directory, open 'C:\Users\safoo\Desktop\DataArena\node_modules\lucide-react\dist\esm\icons\waves-arrow-down.js.map'

Failed to parse source map from 'C:\Users\safoo\Desktop\DataArena\node_modules\lucide-react\dist\esm\icons\waves-arrow-up.js.map' file: Error: ENOENT: no such file or directory, open 'C:\Users\safoo\Desktop\DataArena\node_modules\lucide-react\dist\esm\icons\waves-arrow-up.js.map'

Failed to parse source map from 'C:\Users\safoo\Desktop\DataArena\node_modules\lucide-react\dist\esm\icons\waves-ladder.js.map' file: Error: ENOENT: no such file or directory, open 'C:\Users\safoo\Desktop\DataArena\node_modules\lucide-react\dist\esm\icons\waves-ladder.js.map'

Failed to parse source map from 'C:\Users\safoo\Desktop\DataArena\node_modules\lucide-react\dist\esm\icons\waves.js.map' file: Error: ENOENT: no such file or directory, open 'C:\Users\safoo\Desktop\DataArena\node_modules\lucide-react\dist\esm\icons\waves.js.map'

Failed to parse source map from 'C:\Users\safoo\Desktop\DataArena\node_modules\lucide-react\dist\esm\icons\waypoints.js.map' file: Error: ENOENT: no such file or directory, open 'C:\Users\safoo\Desktop\DataArena\node_modules\lucide-react\dist\esm\icons\waypoints.js.map'

Failed to parse source map from 'C:\Users\safoo\Desktop\DataArena\node_modules\lucide-react\dist\esm\icons\webcam.js.map' file: Error: ENOENT: no such file or directory, open 'C:\Users\safoo\Desktop\DataArena\node_modules\lucide-react\dist\esm\icons\webcam.js.map'

Failed to parse source map from 'C:\Users\safoo\Desktop\DataArena\node_modules\lucide-react\dist\esm\icons\webhook-off.js.map' file: Error: ENOENT: no such file or directory, open 'C:\Users\safoo\Desktop\DataArena\node_modules\lucide-react\dist\esm\icons\webhook-off.js.map'

Failed to parse source map from 'C:\Users\safoo\Desktop\DataArena\node_modules\lucide-react\dist\esm\icons\webhook.js.map' file: Error: ENOENT: no such file or directory, open 'C:\Users\safoo\Desktop\DataArena\node_modules\lucide-react\dist\esm\icons\webhook.js.map'

Failed to parse source map from 'C:\Users\safoo\Desktop\DataArena\node_modules\lucide-react\dist\esm\icons\weight-tilde.js.map' file: Error: ENOENT: no such file or directory, open 'C:\Users\safoo\Desktop\DataArena\node_modules\lucide-react\dist\esm\icons\weight-tilde.js.map'

Failed to parse source map from 'C:\Users\safoo\Desktop\DataArena\node_modules\lucide-react\dist\esm\icons\weight.js.map' file: Error: ENOENT: no such file or directory, open 'C:\Users\safoo\Desktop\DataArena\node_modules\lucide-react\dist\esm\icons\weight.js.map'

Failed to parse source map from 'C:\Users\safoo\Desktop\DataArena\node_modules\lucide-react\dist\esm\icons\wheat-off.js.map' file: Error: ENOENT: no such file or directory, open 'C:\Users\safoo\Desktop\DataArena\node_modules\lucide-react\dist\esm\icons\wheat-off.js.map'

Failed to parse source map from 'C:\Users\safoo\Desktop\DataArena\node_modules\lucide-react\dist\esm\icons\wheat.js.map' file: Error: ENOENT: no such file or directory, open 'C:\Users\safoo\Desktop\DataArena\node_modules\lucide-react\dist\esm\icons\wheat.js.map'

Failed to parse source map from 'C:\Users\safoo\Desktop\DataArena\node_modules\lucide-react\dist\esm\icons\whole-word.js.map' file: Error: ENOENT: no such file or directory, open 'C:\Users\safoo\Desktop\DataArena\node_modules\lucide-react\dist\esm\icons\whole-word.js.map'

Failed to parse source map from 'C:\Users\safoo\Desktop\DataArena\node_modules\lucide-react\dist\esm\icons\wifi-cog.js.map' file: Error: ENOENT: no such file or directory, open 'C:\Users\safoo\Desktop\DataArena\node_modules\lucide-react\dist\esm\icons\wifi-cog.js.map'

Failed to parse source map from 'C:\Users\safoo\Desktop\DataArena\node_modules\lucide-react\dist\esm\icons\wifi-high.js.map' file: Error: ENOENT: no such file or directory, open 'C:\Users\safoo\Desktop\DataArena\node_modules\lucide-react\dist\esm\icons\wifi-high.js.map'

Failed to parse source map from 'C:\Users\safoo\Desktop\DataArena\node_modules\lucide-react\dist\esm\icons\wifi-low.js.map' file: Error: ENOENT: no such file or directory, open 'C:\Users\safoo\Desktop\DataArena\node_modules\lucide-react\dist\esm\icons\wifi-low.js.map'

Failed to parse source map from 'C:\Users\safoo\Desktop\DataArena\node_modules\lucide-react\dist\esm\icons\wifi-off.js.map' file: Error: ENOENT: no such file or directory, open 'C:\Users\safoo\Desktop\DataArena\node_modules\lucide-react\dist\esm\icons\wifi-off.js.map'

Failed to parse source map from 'C:\Users\safoo\Desktop\DataArena\node_modules\lucide-react\dist\esm\icons\wifi-pen.js.map' file: Error: ENOENT: no such file or directory, open 'C:\Users\safoo\Desktop\DataArena\node_modules\lucide-react\dist\esm\icons\wifi-pen.js.map'

Failed to parse source map from 'C:\Users\safoo\Desktop\DataArena\node_modules\lucide-react\dist\esm\icons\wifi-sync.js.map' file: Error: ENOENT: no such file or directory, open 'C:\Users\safoo\Desktop\DataArena\node_modules\lucide-react\dist\esm\icons\wifi-sync.js.map'

Failed to parse source map from 'C:\Users\safoo\Desktop\DataArena\node_modules\lucide-react\dist\esm\icons\wifi-zero.js.map' file: Error: ENOENT: no such file or directory, open 'C:\Users\safoo\Desktop\DataArena\node_modules\lucide-react\dist\esm\icons\wifi-zero.js.map'

Failed to parse source map from 'C:\Users\safoo\Desktop\DataArena\node_modules\lucide-react\dist\esm\icons\wifi.js.map' file: Error: ENOENT: no such file or directory, open 'C:\Users\safoo\Desktop\DataArena\node_modules\lucide-react\dist\esm\icons\wifi.js.map'

Failed to parse source map from 'C:\Users\safoo\Desktop\DataArena\node_modules\lucide-react\dist\esm\icons\wind-arrow-down.js.map' file: Error: ENOENT: no such file or directory, open 'C:\Users\safoo\Desktop\DataArena\node_modules\lucide-react\dist\esm\icons\wind-arrow-down.js.map'

Failed to parse source map from 'C:\Users\safoo\Desktop\DataArena\node_modules\lucide-react\dist\esm\icons\wind.js.map' file: Error: ENOENT: no such file or directory, open 'C:\Users\safoo\Desktop\DataArena\node_modules\lucide-react\dist\esm\icons\wind.js.map'

Failed to parse source map from 'C:\Users\safoo\Desktop\DataArena\node_modules\lucide-react\dist\esm\icons\wine-off.js.map' file: Error: ENOENT: no such file or directory, open 'C:\Users\safoo\Desktop\DataArena\node_modules\lucide-react\dist\esm\icons\wine-off.js.map'

Failed to parse source map from 'C:\Users\safoo\Desktop\DataArena\node_modules\lucide-react\dist\esm\icons\wine.js.map' file: Error: ENOENT: no such file or directory, open 'C:\Users\safoo\Desktop\DataArena\node_modules\lucide-react\dist\esm\icons\wine.js.map'

Failed to parse source map from 'C:\Users\safoo\Desktop\DataArena\node_modules\lucide-react\dist\esm\icons\workflow.js.map' file: Error: ENOENT: no such file or directory, open 'C:\Users\safoo\Desktop\DataArena\node_modules\lucide-react\dist\esm\icons\workflow.js.map'

Failed to parse source map from 'C:\Users\safoo\Desktop\DataArena\node_modules\lucide-react\dist\esm\icons\worm.js.map' file: Error: ENOENT: no such file or directory, open 'C:\Users\safoo\Desktop\DataArena\node_modules\lucide-react\dist\esm\icons\worm.js.map'

Failed to parse source map from 'C:\Users\safoo\Desktop\DataArena\node_modules\lucide-react\dist\esm\icons\wrench.js.map' file: Error: ENOENT: no such file or directory, open 'C:\Users\safoo\Desktop\DataArena\node_modules\lucide-react\dist\esm\icons\wrench.js.map'

Failed to parse source map from 'C:\Users\safoo\Desktop\DataArena\node_modules\lucide-react\dist\esm\icons\x.js.map' file: Error: ENOENT: no such file or directory, open 'C:\Users\safoo\Desktop\DataArena\node_modules\lucide-react\dist\esm\icons\x.js.map'

Failed to parse source map from 'C:\Users\safoo\Desktop\DataArena\node_modules\lucide-react\dist\esm\icons\youtube.js.map' file: Error: ENOENT: no such file or directory, open 'C:\Users\safoo\Desktop\DataArena\node_modules\lucide-react\dist\esm\icons\youtube.js.map'

Failed to parse source map from 'C:\Users\safoo\Desktop\DataArena\node_modules\lucide-react\dist\esm\icons\zap-off.js.map' file: Error: ENOENT: no such file or directory, open 'C:\Users\safoo\Desktop\DataArena\node_modules\lucide-react\dist\esm\icons\zap-off.js.map'

Failed to parse source map from 'C:\Users\safoo\Desktop\DataArena\node_modules\lucide-react\dist\esm\icons\zap.js.map' file: Error: ENOENT: no such file or directory, open 'C:\Users\safoo\Desktop\DataArena\node_modules\lucide-react\dist\esm\icons\zap.js.map'

Failed to parse source map from 'C:\Users\safoo\Desktop\DataArena\node_modules\lucide-react\dist\esm\icons\zoom-in.js.map' file: Error: ENOENT: no such file or directory, open 'C:\Users\safoo\Desktop\DataArena\node_modules\lucide-react\dist\esm\icons\zoom-in.js.map'

Failed to parse source map from 'C:\Users\safoo\Desktop\DataArena\node_modules\lucide-react\dist\esm\icons\zoom-out.js.map' file: Error: ENOENT: no such file or directory, open 'C:\Users\safoo\Desktop\DataArena\node_modules\lucide-react\dist\esm\icons\zoom-out.js.map'

Failed to parse source map from 'C:\Users\safoo\Desktop\DataArena\node_modules\lucide-react\dist\esm\lucide-react.js.map' file: Error: ENOENT: no such file or directory, open 'C:\Users\safoo\Desktop\DataArena\node_modules\lucide-react\dist\esm\lucide-react.js.map'

Failed to parse source map from 'C:\Users\safoo\Desktop\DataArena\node_modules\lucide-react\dist\esm\shared\src\utils.js.map' file: Error: ENOENT: no such file or directory, open 'C:\Users\safoo\Desktop\DataArena\node_modules\lucide-react\dist\esm\shared\src\utils.js.map'

Search for the keywords to learn more about each warning.
To ignore, add // eslint-disable-next-line to the line before.

File sizes after gzip:

  381.9 kB         build\static\js\main.04a9b278.js
  46.35 kB         build\static\js\239.0d319efe.chunk.js
  43.26 kB         build\static\js\455.9753a9dc.chunk.js
  8.69 kB          build\static\js\977.ab9cc940.chunk.js
  8.06 kB (-12 B)  build\static\css\main.56f204e9.css

The project was built assuming it is hosted at /.
You can control this with the homepage field in your package.json.

The build folder is ready to be deployed.
You may serve it with a static server:

  npm install -g serve
  serve -s build

Find out more about deployment here:

  https://cra.link/deployment

